Component: ARM Compiler 6.14 Tool: armlink [5db06800]

==============================================================================

Section Cross References

    startup_stm32f405xx.o(STACK) refers (Special) to heapauxi.o(.text) for __use_two_region_memory
    startup_stm32f405xx.o(HEAP) refers (Special) to heapauxi.o(.text) for __use_two_region_memory
    startup_stm32f405xx.o(RESET) refers (Special) to heapauxi.o(.text) for __use_two_region_memory
    startup_stm32f405xx.o(RESET) refers to startup_stm32f405xx.o(STACK) for __initial_sp
    startup_stm32f405xx.o(RESET) refers to startup_stm32f405xx.o(.text) for Reset_Handler
    startup_stm32f405xx.o(RESET) refers to stm32f4xx_it.o(.text.NMI_Handler) for NMI_Handler
    startup_stm32f405xx.o(RESET) refers to stm32f4xx_it.o(.text.HardFault_Handler) for HardFault_Handler
    startup_stm32f405xx.o(RESET) refers to stm32f4xx_it.o(.text.MemManage_Handler) for MemManage_Handler
    startup_stm32f405xx.o(RESET) refers to stm32f4xx_it.o(.text.BusFault_Handler) for BusFault_Handler
    startup_stm32f405xx.o(RESET) refers to stm32f4xx_it.o(.text.UsageFault_Handler) for UsageFault_Handler
    startup_stm32f405xx.o(RESET) refers to stm32f4xx_it.o(.text.SVC_Handler) for SVC_Handler
    startup_stm32f405xx.o(RESET) refers to stm32f4xx_it.o(.text.DebugMon_Handler) for DebugMon_Handler
    startup_stm32f405xx.o(RESET) refers to stm32f4xx_it.o(.text.PendSV_Handler) for PendSV_Handler
    startup_stm32f405xx.o(RESET) refers to stm32f4xx_it.o(.text.SysTick_Handler) for SysTick_Handler
    startup_stm32f405xx.o(RESET) refers to stm32f4xx_it.o(.text.EXTI2_IRQHandler) for EXTI2_IRQHandler
    startup_stm32f405xx.o(RESET) refers to stm32f4xx_it.o(.text.EXTI3_IRQHandler) for EXTI3_IRQHandler
    startup_stm32f405xx.o(RESET) refers to stm32f4xx_it.o(.text.DMA1_Stream2_IRQHandler) for DMA1_Stream2_IRQHandler
    startup_stm32f405xx.o(RESET) refers to stm32f4xx_it.o(.text.ADC_IRQHandler) for ADC_IRQHandler
    startup_stm32f405xx.o(RESET) refers to stm32f4xx_it.o(.text.CAN1_TX_IRQHandler) for CAN1_TX_IRQHandler
    startup_stm32f405xx.o(RESET) refers to stm32f4xx_it.o(.text.CAN1_RX0_IRQHandler) for CAN1_RX0_IRQHandler
    startup_stm32f405xx.o(RESET) refers to stm32f4xx_it.o(.text.CAN1_SCE_IRQHandler) for CAN1_SCE_IRQHandler
    startup_stm32f405xx.o(RESET) refers to stm32f4xx_it.o(.text.TIM1_UP_TIM10_IRQHandler) for TIM1_UP_TIM10_IRQHandler
    startup_stm32f405xx.o(RESET) refers to stm32f4xx_it.o(.text.TIM2_IRQHandler) for TIM2_IRQHandler
    startup_stm32f405xx.o(RESET) refers to stm32f4xx_it.o(.text.TIM3_IRQHandler) for TIM3_IRQHandler
    startup_stm32f405xx.o(RESET) refers to stm32f4xx_it.o(.text.EXTI15_10_IRQHandler) for EXTI15_10_IRQHandler
    startup_stm32f405xx.o(RESET) refers to stm32f4xx_it.o(.text.UART4_IRQHandler) for UART4_IRQHandler
    startup_stm32f405xx.o(RESET) refers to stm32f4xx_it.o(.text.DMA2_Stream0_IRQHandler) for DMA2_Stream0_IRQHandler
    startup_stm32f405xx.o(RESET) refers to stm32f4xx_it.o(.text.FPU_IRQHandler) for FPU_IRQHandler
    startup_stm32f405xx.o(.text) refers (Special) to heapauxi.o(.text) for __use_two_region_memory
    startup_stm32f405xx.o(.text) refers to system_stm32f4xx.o(.text.SystemInit) for SystemInit
    startup_stm32f405xx.o(.text) refers to __main.o(!!!main) for __main
    startup_stm32f405xx.o(.text) refers to startup_stm32f405xx.o(HEAP) for Heap_Mem
    startup_stm32f405xx.o(.text) refers to startup_stm32f405xx.o(STACK) for Stack_Mem
    main.o(.text.main) refers to stm32f4xx_hal.o(.text.HAL_Init) for HAL_Init
    main.o(.text.main) refers to main.o(.text.SystemClock_Config) for SystemClock_Config
    main.o(.text.main) refers to stm32f4xx_hal_gpio.o(.text.HAL_GPIO_WritePin) for HAL_GPIO_WritePin
    main.o(.text.main) refers to stm32f4xx_hal_gpio.o(.text.HAL_GPIO_Init) for HAL_GPIO_Init
    main.o(.text.main) refers to stm32f4xx_hal_cortex.o(.text.HAL_NVIC_SetPriority) for HAL_NVIC_SetPriority
    main.o(.text.main) refers to stm32f4xx_hal_cortex.o(.text.HAL_NVIC_EnableIRQ) for HAL_NVIC_EnableIRQ
    main.o(.text.main) refers to main.o(.bss.hadc1) for hadc1
    main.o(.text.main) refers to stm32f4xx_hal_adc.o(.text.HAL_ADC_Init) for HAL_ADC_Init
    main.o(.text.main) refers to stm32f4xx_hal_adc.o(.text.HAL_ADC_ConfigChannel) for HAL_ADC_ConfigChannel
    main.o(.text.main) refers to main.o(.bss..L_MergedGlobals.3) for .L_MergedGlobals.3
    main.o(.text.main) refers to stm32f4xx_hal_can.o(.text.HAL_CAN_Init) for HAL_CAN_Init
    main.o(.text.main) refers to main.o(.data..L_MergedGlobals) for .L_MergedGlobals
    main.o(.text.main) refers to stm32f4xx_hal_can.o(.text.HAL_CAN_ConfigFilter) for HAL_CAN_ConfigFilter
    main.o(.text.main) refers to main.o(.bss..L_MergedGlobals.1) for .L_MergedGlobals.1
    main.o(.text.main) refers to main.o(.bss.hi2c1) for hi2c1
    main.o(.text.main) refers to stm32f4xx_hal_i2c.o(.text.HAL_I2C_Init) for HAL_I2C_Init
    main.o(.text.main) refers to main.o(.bss.htim1) for htim1
[...]
    _printf_percent                          0x080001fd   Thumb Code     0  _printf_percent.o(.ARM.Collect$$_printf_percent$$00000000)
    _printf_d                                0x08000203   Thumb Code     0  _printf_d.o(.ARM.Collect$$_printf_percent$$00000009)
    _printf_s                                0x08000209   Thumb Code     0  _printf_s.o(.ARM.Collect$$_printf_percent$$00000014)
    _printf_percent_end                      0x0800020f   Thumb Code     0  _printf_percent_end.o(.ARM.Collect$$_printf_percent$$00000017)
    __rt_lib_init                            0x08000213   Thumb Code     0  libinit.o(.ARM.Collect$$libinit$$00000000)
    __rt_lib_init_fp_1                       0x08000215   Thumb Code     0  libinit2.o(.ARM.Collect$$libinit$$00000001)
    __rt_lib_init_heap_1                     0x08000219   Thumb Code     0  libinit2.o(.ARM.Collect$$libinit$$0000000A)
    __rt_lib_init_lc_common                  0x08000219   Thumb Code     0  libinit2.o(.ARM.Collect$$libinit$$0000000F)
    __rt_lib_init_preinit_1                  0x08000219   Thumb Code     0  libinit2.o(.ARM.Collect$$libinit$$00000004)
    __rt_lib_init_rand_1                     0x08000219   Thumb Code     0  libinit2.o(.ARM.Collect$$libinit$$0000000E)
    __rt_lib_init_user_alloc_1               0x08000219   Thumb Code     0  libinit2.o(.ARM.Collect$$libinit$$0000000C)
    __rt_lib_init_lc_collate_1               0x0800021f   Thumb Code     0  libinit2.o(.ARM.Collect$$libinit$$00000011)
    __rt_lib_init_lc_ctype_1                 0x0800021f   Thumb Code     0  libinit2.o(.ARM.Collect$$libinit$$00000013)
    __rt_lib_init_lc_monetary_1              0x0800021f   Thumb Code     0  libinit2.o(.ARM.Collect$$libinit$$00000015)
    __rt_lib_init_lc_numeric_2               0x0800021f   Thumb Code     0  libinit2.o(.ARM.Collect$$libinit$$00000016)
    __rt_lib_init_alloca_1                   0x08000229   Thumb Code     0  libinit2.o(.ARM.Collect$$libinit$$0000002E)
    __rt_lib_init_argv_1                     0x08000229   Thumb Code     0  libinit2.o(.ARM.Collect$$libinit$$0000002C)
    __rt_lib_init_atexit_1                   0x08000229   Thumb Code     0  libinit2.o(.ARM.Collect$$libinit$$0000001B)
    __rt_lib_init_clock_1                    0x08000229   Thumb Code     0  libinit2.o(.ARM.Collect$$libinit$$00000021)
    __rt_lib_init_cpp_1                      0x08000229   Thumb Code     0  libinit2.o(.ARM.Collect$$libinit$$00000032)
    __rt_lib_init_exceptions_1               0x08000229   Thumb Code     0  libinit2.o(.ARM.Collect$$libinit$$00000030)
    __rt_lib_init_fp_trap_1                  0x08000229   Thumb Code     0  libinit2.o(.ARM.Collect$$libinit$$0000001F)
    __rt_lib_init_getenv_1                   0x08000229   Thumb Code     0  libinit2.o(.ARM.Collect$$libinit$$00000023)
    __rt_lib_init_lc_numeric_1               0x08000229   Thumb Code     0  libinit2.o(.ARM.Collect$$libinit$$00000017)
    __rt_lib_init_lc_time_1                  0x08000229   Thumb Code     0  libinit2.o(.ARM.Collect$$libinit$$00000019)
    __rt_lib_init_return                     0x08000229   Thumb Code     0  libinit2.o(.ARM.Collect$$libinit$$00000033)
    __rt_lib_init_signal_1                   0x08000229   Thumb Code     0  libinit2.o(.ARM.Collect$$libinit$$0000001D)
    __rt_lib_init_stdio_1                    0x08000229   Thumb Code     0  libinit2.o(.ARM.Collect$$libinit$$00000025)
    __rt_lib_shutdown                        0x0800022b   Thumb Code     0  libshutdown.o(.ARM.Collect$$libshutdown$$00000000)
    __rt_lib_shutdown_cpp_1                  0x0800022d   Thumb Code     0  libshutdown2.o(.ARM.Collect$$libshutdown$$00000002)
    __rt_lib_shutdown_fp_trap_1              0x0800022d   Thumb Code     0  libshutdown2.o(.ARM.Collect$$libshutdown$$00000007)
    __rt_lib_shutdown_heap_1                 0x0800022d   Thumb Code     0  libshutdown2.o(.ARM.Collect$$libshutdown$$0000000F)
    __rt_lib_shutdown_return                 0x0800022d   Thumb Code     0  libshutdown2.o(.ARM.Collect$$libshutdown$$00000010)
    __rt_lib_shutdown_signal_1               0x0800022d   Thumb Code     0  libshutdown2.o(.ARM.Collect$$libshutdown$$0000000A)
    __rt_lib_shutdown_stdio_1                0x0800022d   Thumb Code     0  libshutdown2.o(.ARM.Collect$$libshutdown$$00000004)
    __rt_lib_shutdown_user_alloc_1           0x0800022d   Thumb Code     0  libshutdown2.o(.ARM.Collect$$libshutdown$$0000000C)
    __rt_entry                               0x0800022f   Thumb Code     0  __rtentry.o(.ARM.Collect$$rtentry$$00000000)
    __rt_entry_presh_1                       0x0800022f   Thumb Code     0  __rtentry2.o(.ARM.Collect$$rtentry$$00000002)
    __rt_entry_sh                            0x0800022f   Thumb Code     0  __rtentry4.o(.ARM.Collect$$rtentry$$00000004)
    __rt_entry_li                            0x08000235   Thumb Code     0  __rtentry2.o(.ARM.Collect$$rtentry$$0000000A)
    __rt_entry_postsh_1                      0x08000235   Thumb Code     0  __rtentry2.o(.ARM.Collect$$rtentry$$00000009)
    __rt_entry_main                          0x08000239   Thumb Code     0  __rtentry2.o(.ARM.Collect$$rtentry$$0000000D)
    __rt_entry_postli_1                      0x08000239   Thumb Code     0  __rtentry2.o(.ARM.Collect$$rtentry$$0000000C)
    __rt_exit                                0x08000241   Thumb Code     0  rtexit.o(.ARM.Collect$$rtexit$$00000000)
    __rt_exit_ls                             0x08000243   Thumb Code     0  rtexit2.o(.ARM.Collect$$rtexit$$00000003)
    __rt_exit_prels_1                        0x08000243   Thumb Code     0  rtexit2.o(.ARM.Collect$$rtexit$$00000002)
    __rt_exit_exit                           0x08000247   Thumb Code     0  rtexit2.o(.ARM.Collect$$rtexit$$00000004)
    Reset_Handler                            0x0800024d   Thumb Code     8  startup_stm32f405xx.o(.text)
    CAN1_RX1_IRQHandler                      0x08000267   Thumb Code     0  startup_stm32f405xx.o(.text)
    CAN2_RX0_IRQHandler                      0x08000267   Thumb Code     0  startup_stm32f405xx.o(.text)
    CAN2_RX1_IRQHandler                      0x08000267   Thumb Code     0  startup_stm32f405xx.o(.text)
    CAN2_SCE_IRQHandler                      0x08000267   Thumb Code     0  startup_stm32f405xx.o(.text)
    CAN2_TX_IRQHandler                       0x08000267   Thumb Code     0  startup_stm32f405xx.o(.text)
    DMA1_Stream0_IRQHandler                  0x08000267   Thumb Code     0  startup_stm32f405xx.o(.text)
    DMA1_Stream1_IRQHandler                  0x08000267   Thumb Code     0  startup_stm32f405xx.o(.text)
    DMA1_Stream3_IRQHandler                  0x08000267   Thumb Code     0  startup_stm32f405xx.o(.text)
    DMA1_Stream4_IRQHandler                  0x08000267   Thumb Code     0  startup_stm32f405xx.o(.text)
    DMA1_Stream5_IRQHandler                  0x08000267   Thumb Code     0  startup_stm32f405xx.o(.text)
    DMA1_Stream6_IRQHandler                  0x08000267   Thumb Code     0  startup_stm32f405xx.o(.text)
    DMA1_Stream7_IRQHandler                  0x08000267   Thumb Code     0  startup_stm32f405xx.o(.text)
    DMA2_Stream1_IRQHandler                  0x08000267   Thumb Code     0  startup_stm32f405xx.o(.text)
    DMA2_Stream2_IRQHandler                  0x08000267   Thumb Code     0  startup_stm32f405xx.o(.text)
    DMA2_Stream3_IRQHandler                  0x08000267   Thumb Code     0  startup_stm32f405xx.o(.text)
    DMA2_Stream4_IRQHandler                  0x08000267   Thumb Code     0  startup_stm32f405xx.o(.text)
    DMA2_Stream5_IRQHandler                  0x08000267   Thumb Code     0  startup_stm32f405xx.o(.text)
    DMA2_Stream6_IRQHandler                  0x08000267   Thumb Code     0  startup_stm32f405xx.o(.text)
    DMA2_Stream7_IRQHandler                  0x08000267   Thumb Code     0  startup_stm32f405xx.o(.text)
    EXTI0_IRQHandler                         0x08000267   Thumb Code     0  startup_stm32f405xx.o(.text)
    EXTI1_IRQHandler                         0x08000267   Thumb Code     0  startup_stm32f405xx.o(.text)
    EXTI4_IRQHandler                         0x08000267   Thumb Code     0  startup_stm32f405xx.o(.text)
    EXTI9_5_IRQHandler                       0x08000267   Thumb Code     0  startup_stm32f405xx.o(.text)
    FLASH_IRQHandler                         0x08000267   Thumb Code     0  startup_stm32f405xx.o(.text)
    FMC_IRQHandler                           0x08000267   Thumb Code     0  startup_stm32f405xx.o(.text)
    HASH_RNG_IRQHandler                      0x08000267   Thumb Code     0  startup_stm32f405xx.o(.text)
    I2C1_ER_IRQHandler                       0x08000267   Thumb Code     0  startup_stm32f405xx.o(.text)
    I2C1_EV_IRQHandler                       0x08000267   Thumb Code     0  startup_stm32f405xx.o(.text)
    I2C2_ER_IRQHandler                       0x08000267   Thumb Code     0  startup_stm32f405xx.o(.text)
    I2C2_EV_IRQHandler                       0x08000267   Thumb Code     0  startup_stm32f405xx.o(.text)
    I2C3_ER_IRQHandler                       0x08000267   Thumb Code     0  startup_stm32f405xx.o(.text)
    I2C3_EV_IRQHandler                       0x08000267   Thumb Code     0  startup_stm32f405xx.o(.text)
    OTG_FS_IRQHandler                        0x08000267   Thumb Code     0  startup_stm32f405xx.o(.text)
    OTG_FS_WKUP_IRQHandler                   0x08000267   Thumb Code     0  startup_stm32f405xx.o(.text)
    OTG_HS_EP1_IN_IRQHandler                 0x08000267   Thumb Code     0  startup_stm32f405xx.o(.text)
    OTG_HS_EP1_OUT_IRQHandler                0x08000267   Thumb Code     0  startup_stm32f405xx.o(.text)
    OTG_HS_IRQHandler                        0x08000267   Thumb Code     0  startup_stm32f405xx.o(.text)
    OTG_HS_WKUP_IRQHandler                   0x08000267   Thumb Code     0  startup_stm32f405xx.o(.text)
    PVD_IRQHandler                           0x08000267   Thumb Code     0  startup_stm32f405xx.o(.text)
    RCC_IRQHandler                           0x08000267   Thumb Code     0  startup_stm32f405xx.o(.text)
    RTC_Alarm_IRQHandler                     0x08000267   Thumb Code     0  startup_stm32f405xx.o(.text)
    RTC_WKUP_IRQHandler                      0x08000267   Thumb Code     0  startup_stm32f405xx.o(.text)
    SDIO_IRQHandler                          0x08000267   Thumb Code     0  startup_stm32f405xx.o(.text)
    SPI1_IRQHandler                          0x08000267   Thumb Code     0  startup_stm32f405xx.o(.text)
    SPI2_IRQHandler                          0x08000267   Thumb Code     0  startup_stm32f405xx.o(.text)
    SPI3_IRQHandler                          0x08000267   Thumb Code     0  startup_stm32f405xx.o(.text)
    TAMP_STAMP_IRQHandler                    0x08000267   Thumb Code     0  startup_stm32f405xx.o(.text)
    TIM1_BRK_TIM9_IRQHandler                 0x08000267   Thumb Code     0  startup_stm32f405xx.o(.text)
    TIM1_CC_IRQHandler                       0x08000267   Thumb Code     0  startup_stm32f405xx.o(.text)
    TIM1_TRG_COM_TIM11_IRQHandler            0x08000267   Thumb Code     0  startup_stm32f405xx.o(.text)
    TIM4_IRQHandler                          0x08000267   Thumb Code     0  startup_stm32f405xx.o(.text)
    TIM5_IRQHandler                          0x08000267   Thumb Code     0  startup_stm32f405xx.o(.text)
    TIM6_DAC_IRQHandler                      0x08000267   Thumb Code     0  startup_stm32f405xx.o(.text)
    TIM7_IRQHandler                          0x08000267   Thumb Code     0  startup_stm32f405xx.o(.text)
    TIM8_BRK_TIM12_IRQHandler                0x08000267   Thumb Code     0  startup_stm32f405xx.o(.text)
    TIM8_CC_IRQHandler                       0x08000267   Thumb Code     0  startup_stm32f405xx.o(.text)
    TIM8_TRG_COM_TIM14_IRQHandler            0x08000267   Thumb Code     0  startup_stm32f405xx.o(.text)
    TIM8_UP_TIM13_IRQHandler                 0x08000267   Thumb Code     0  startup_stm32f405xx.o(.text)
    UART5_IRQHandler                         0x08000267   Thumb Code     0  startup_stm32f405xx.o(.text)
    USART1_IRQHandler                        0x08000267   Thumb Code     0  startup_stm32f405xx.o(.text)
    USART2_IRQHandler                        0x08000267   Thumb Code     0  startup_stm32f405xx.o(.text)
    USART3_IRQHandler                        0x08000267   Thumb Code     0  startup_stm32f405xx.o(.text)
    USART6_IRQHandler                        0x08000267   Thumb Code     0  startup_stm32f405xx.o(.text)
    WWDG_IRQHandler                          0x08000267   Thumb Code     0  startup_stm32f405xx.o(.text)
    __user_initial_stackheap                 0x08000269   Thumb Code     0  startup_stm32f405xx.o(.text)
    __aeabi_uldivmod                         0x0800028d   Thumb Code     0  lludivv7m.o(.text)
    _ll_udiv                                 0x0800028d   Thumb Code   240  lludivv7m.o(.text)
    _printf_str                              0x0800037d   Thumb Code    82  _printf_str.o(.text)
    _printf_int_dec                          0x080003d1   Thumb Code   104  _printf_dec.o(.text)
    __use_two_region_memory                  0x08000449   Thumb Code     2  heapauxi.o(.text)
    __rt_heap_escrow$2region                 0x0800044b   Thumb Code     2  heapauxi.o(.text)
    __rt_heap_expand$2region                 0x0800044d   Thumb Code     2  heapauxi.o(.text)
    _printf_int_common                       0x0800044f   Thumb Code   178  _printf_intcommon.o(.text)
    _printf_fp_dec_real                      0x080006b1   Thumb Code   620  _printf_fp_dec.o(.text)
    _printf_cs_common                        0x0800091d   Thumb Code    20  _printf_char.o(.text)
    _printf_char                             0x08000931   Thumb Code    16  _printf_char.o(.text)
    _printf_string                           0x08000941   Thumb Code     8  _printf_char.o(.text)
    __rt_locale                              0x08000949   Thumb Code     8  rt_locale_intlibspace.o(.text)
    _ll_udiv10                               0x08000951   Thumb Code   138  lludiv10.o(.text)
    _printf_fp_infnan                        0x080009dd   Thumb Code   112  _printf_fp_infnan.o(.text)
    _btod_etento                             0x08000a5d   Thumb Code   224  bigflt0.o(.text)
    __user_libspace                          0x08000b41   Thumb Code     8  libspace.o(.text)
    __user_perproc_libspace                  0x08000b41   Thumb Code     0  libspace.o(.text)
    __user_perthread_libspace                0x08000b41   Thumb Code     0  libspace.o(.text)
    __user_setup_stackheap                   0x08000b49   Thumb Code    74  sys_stackheap_outer.o(.text)
    exit                                     0x08000b93   Thumb Code    18  exit.o(.text)
    strcmp                                   0x08000ba9   Thumb Code   124  strcmpv7em.o(.text)
    _sys_exit                                0x08000c25   Thumb Code     8  sys_exit.o(.text)
    __I$use$semihosting                      0x08000c31   Thumb Code     0  use_no_semi.o(.text)
    __use_no_semihosting_swi                 0x08000c31   Thumb Code     2  use_no_semi.o(.text)
    __semihosting_library_function           0x08000c33   Thumb Code     0  indicate_semi.o(.text)
    ADC_IRQHandler                           0x08000cbd   Thumb Code    12  stm32f4xx_it.o(.text.ADC_IRQHandler)
    BusFault_Handler                         0x08000cc9   Thumb Code     2  stm32f4xx_it.o(.text.BusFault_Handler)
    CAN1_RX0_IRQHandler                      0x08000ccd   Thumb Code    12  stm32f4xx_it.o(.text.CAN1_RX0_IRQHandler)
    CAN1_SCE_IRQHandler                      0x08000cd9   Thumb Code    12  stm32f4xx_it.o(.text.CAN1_SCE_IRQHandler)
    CAN1_TX_IRQHandler                       0x08000ce5   Thumb Code    12  stm32f4xx_it.o(.text.CAN1_TX_IRQHandler)
    DMA1_Stream2_IRQHandler                  0x08000cf1   Thumb Code    12  stm32f4xx_it.o(.text.DMA1_Stream2_IRQHandler)
    DMA2_Stream0_IRQHandler                  0x08000cfd   Thumb Code    12  stm32f4xx_it.o(.text.DMA2_Stream0_IRQHandler)
    DebugMon_Handler                         0x08000d09   Thumb Code     2  stm32f4xx_it.o(.text.DebugMon_Handler)
    EXTI15_10_IRQHandler                     0x08000d0d   Thumb Code     8  stm32f4xx_it.o(.text.EXTI15_10_IRQHandler)
    EXTI2_IRQHandler                         0x08000d15   Thumb Code     6  stm32f4xx_it.o(.text.EXTI2_IRQHandler)
    EXTI3_IRQHandler                         0x08000d1d   Thumb Code     6  stm32f4xx_it.o(.text.EXTI3_IRQHandler)
    Error_Handler                            0x08000d25   Thumb Code     6  main.o(.text.Error_Handler)
    FPU_IRQHandler                           0x08000d2d   Thumb Code     2  stm32f4xx_it.o(.text.FPU_IRQHandler)
    HAL_ADCEx_InjectedConvCpltCallback       0x08000d31   Thumb Code     2  stm32f4xx_hal_adc_ex.o(.text.HAL_ADCEx_InjectedConvCpltCallback)
    HAL_ADC_ConfigChannel                    0x08000d35   Thumb Code   402  stm32f4xx_hal_adc.o(.text.HAL_ADC_ConfigChannel)
    HAL_ADC_ConvCpltCallback                 0x08000ec9   Thumb Code     2  stm32f4xx_hal_adc.o(.text.HAL_ADC_ConvCpltCallback)
    HAL_ADC_ConvHalfCpltCallback             0x08000ecd   Thumb Code     2  stm32f4xx_hal_adc.o(.text.HAL_ADC_ConvHalfCpltCallback)
    HAL_ADC_ErrorCallback                    0x08000ed1   Thumb Code     2  stm32f4xx_hal_adc.o(.text.HAL_ADC_ErrorCallback)
    HAL_ADC_IRQHandler                       0x08000ed5   Thumb Code   398  stm32f4xx_hal_adc.o(.text.HAL_ADC_IRQHandler)
    HAL_ADC_Init                             0x08001065   Thumb Code   918  stm32f4xx_hal_adc.o(.text.HAL_ADC_Init)
    HAL_ADC_LevelOutOfWindowCallback         0x080013fd   Thumb Code     2  stm32f4xx_hal_adc.o(.text.HAL_ADC_LevelOutOfWindowCallback)
    HAL_ADC_MspInit                          0x08001401   Thumb Code   274  stm32f4xx_hal_msp.o(.text.HAL_ADC_MspInit)
    HAL_ADC_Start_DMA                        0x08001515   Thumb Code   468  stm32f4xx_hal_adc.o(.text.HAL_ADC_Start_DMA)
    HAL_CAN_ActivateNotification             0x080016e9   Thumb Code    78  stm32f4xx_hal_can.o(.text.HAL_CAN_ActivateNotification)
    HAL_CAN_AddTxMessage                     0x08001739   Thumb Code   328  stm32f4xx_hal_can.o(.text.HAL_CAN_AddTxMessage)
    HAL_CAN_ConfigFilter                     0x08001881   Thumb Code   522  stm32f4xx_hal_can.o(.text.HAL_CAN_ConfigFilter)
    HAL_CAN_ErrorCallback                    0x08001a8d   Thumb Code     2  stm32f4xx_hal_can.o(.text.HAL_CAN_ErrorCallback)
    HAL_CAN_GetError                         0x08001a91   Thumb Code     4  stm32f4xx_hal_can.o(.text.HAL_CAN_GetError)
    HAL_CAN_GetRxMessage                     0x08001a95   Thumb Code   344  stm32f4xx_hal_can.o(.text.HAL_CAN_GetRxMessage)
    HAL_CAN_IRQHandler                       0x08001bed   Thumb Code   578  stm32f4xx_hal_can.o(.text.HAL_CAN_IRQHandler)
    HAL_CAN_Init                             0x08001e31   Thumb Code   620  stm32f4xx_hal_can.o(.text.HAL_CAN_Init)
    HAL_CAN_MspInit                          0x0800209d   Thumb Code   164  stm32f4xx_hal_msp.o(.text.HAL_CAN_MspInit)
    HAL_CAN_RxFifo0FullCallback              0x08002141   Thumb Code     2  stm32f4xx_hal_can.o(.text.HAL_CAN_RxFifo0FullCallback)
    HAL_CAN_RxFifo0MsgPendingCallback        0x08002145   Thumb Code    56  communication.o(.text.HAL_CAN_RxFifo0MsgPendingCallback)
    HAL_CAN_RxFifo1FullCallback              0x0800217d   Thumb Code     2  stm32f4xx_hal_can.o(.text.HAL_CAN_RxFifo1FullCallback)
    HAL_CAN_RxFifo1MsgPendingCallback        0x08002181   Thumb Code     2  stm32f4xx_hal_can.o(.text.HAL_CAN_RxFifo1MsgPendingCallback)
    HAL_CAN_SleepCallback                    0x08002185   Thumb Code     2  stm32f4xx_hal_can.o(.text.HAL_CAN_SleepCallback)
    HAL_CAN_Start                            0x08002189   Thumb Code    90  stm32f4xx_hal_can.o(.text.HAL_CAN_Start)
    HAL_CAN_TxMailbox0AbortCallback          0x080021e5   Thumb Code     2  stm32f4xx_hal_can.o(.text.HAL_CAN_TxMailbox0AbortCallback)
    HAL_CAN_TxMailbox0CompleteCallback       0x080021e9   Thumb Code     2  stm32f4xx_hal_can.o(.text.HAL_CAN_TxMailbox0CompleteCallback)
    HAL_CAN_TxMailbox1AbortCallback          0x080021ed   Thumb Code     2  stm32f4xx_hal_can.o(.text.HAL_CAN_TxMailbox1AbortCallback)
    HAL_CAN_TxMailbox1CompleteCallback       0x080021f1   Thumb Code     2  stm32f4xx_hal_can.o(.text.HAL_CAN_TxMailbox1CompleteCallback)
    HAL_CAN_TxMailbox2AbortCallback          0x080021f5   Thumb Code     2  stm32f4xx_hal_can.o(.text.HAL_CAN_TxMailbox2AbortCallback)
    HAL_CAN_TxMailbox2CompleteCallback       0x080021f9   Thumb Code     2  stm32f4xx_hal_can.o(.text.HAL_CAN_TxMailbox2CompleteCallback)
    HAL_CAN_WakeUpFromRxMsgCallback          0x080021fd   Thumb Code     2  stm32f4xx_hal_can.o(.text.HAL_CAN_WakeUpFromRxMsgCallback)
    HAL_DAC_ConfigChannel                    0x08002201   Thumb Code   194  stm32f4xx_hal_dac.o(.text.HAL_DAC_ConfigChannel)
    HAL_DAC_Init                             0x080022c5   Thumb Code    70  stm32f4xx_hal_dac.o(.text.HAL_DAC_Init)
    HAL_DAC_MspInit                          0x0800230d   Thumb Code   106  stm32f4xx_hal_msp.o(.text.HAL_DAC_MspInit)
    HAL_DAC_SetValue                         0x08002379   Thumb Code   142  stm32f4xx_hal_dac.o(.text.HAL_DAC_SetValue)
    HAL_DAC_Start                            0x08002409   Thumb Code   120  stm32f4xx_hal_dac.o(.text.HAL_DAC_Start)
    HAL_DMA_Abort                            0x08002481   Thumb Code   144  stm32f4xx_hal_dma.o(.text.HAL_DMA_Abort)
    HAL_DMA_Abort_IT                         0x08002511   Thumb Code    36  stm32f4xx_hal_dma.o(.text.HAL_DMA_Abort_IT)
    HAL_DMA_IRQHandler                       0x08002535   Thumb Code   446  stm32f4xx_hal_dma.o(.text.HAL_DMA_IRQHandler)
    HAL_DMA_Init                             0x080026f5   Thumb Code  1040  stm32f4xx_hal_dma.o(.text.HAL_DMA_Init)
    HAL_DMA_Start_IT                         0x08002b05   Thumb Code   158  stm32f4xx_hal_dma.o(.text.HAL_DMA_Start_IT)
    HAL_Delay                                0x08002ba5   Thumb Code    40  stm32f4xx_hal.o(.text.HAL_Delay)
    HAL_GPIO_EXTI_Callback                   0x08002bcd   Thumb Code     2  stm32f4xx_hal_gpio.o(.text.HAL_GPIO_EXTI_Callback)
    HAL_GPIO_EXTI_IRQHandler                 0x08002bd1   Thumb Code    22  stm32f4xx_hal_gpio.o(.text.HAL_GPIO_EXTI_IRQHandler)
    HAL_GPIO_Init                            0x08002be9   Thumb Code   768  stm32f4xx_hal_gpio.o(.text.HAL_GPIO_Init)
    HAL_GPIO_ReadPin                         0x08002ee9   Thumb Code    34  stm32f4xx_hal_gpio.o(.text.HAL_GPIO_ReadPin)
    HAL_GPIO_TogglePin                       0x08002f0d   Thumb Code    42  stm32f4xx_hal_gpio.o(.text.HAL_GPIO_TogglePin)
    HAL_GPIO_WritePin                        0x08002f39   Thumb Code    66  stm32f4xx_hal_gpio.o(.text.HAL_GPIO_WritePin)
    HAL_GetTick                              0x08002f7d   Thumb Code    12  stm32f4xx_hal.o(.text.HAL_GetTick)
    HAL_I2C_Init                             0x08002f89   Thumb Code   776  stm32f4xx_hal_i2c.o(.text.HAL_I2C_Init)
    HAL_I2C_MspInit                          0x08003291   Thumb Code   116  stm32f4xx_hal_msp.o(.text.HAL_I2C_MspInit)
    HAL_IncTick                              0x08003305   Thumb Code    26  stm32f4xx_hal.o(.text.HAL_IncTick)
    HAL_Init                                 0x08003321   Thumb Code    54  stm32f4xx_hal.o(.text.HAL_Init)
    HAL_InitTick                             0x08003359   Thumb Code    72  stm32f4xx_hal.o(.text.HAL_InitTick)
    HAL_MspInit                              0x080033a1   Thumb Code    76  stm32f4xx_hal_msp.o(.text.HAL_MspInit)
    HAL_MultiProcessor_Init                  0x080033ed   Thumb Code   366  stm32f4xx_hal_uart.o(.text.HAL_MultiProcessor_Init)
    HAL_NVIC_EnableIRQ                       0x0800355d   Thumb Code    52  stm32f4xx_hal_cortex.o(.text.HAL_NVIC_EnableIRQ)
    HAL_NVIC_SetPriority                     0x08003591   Thumb Code   128  stm32f4xx_hal_cortex.o(.text.HAL_NVIC_SetPriority)
    HAL_NVIC_SetPriorityGrouping             0x08003611   Thumb Code    56  stm32f4xx_hal_cortex.o(.text.HAL_NVIC_SetPriorityGrouping)
    HAL_RCC_ClockConfig                      0x08003649   Thumb Code   542  stm32f4xx_hal_rcc.o(.text.HAL_RCC_ClockConfig)
    HAL_RCC_GetPCLK1Freq                     0x08003869   Thumb Code    38  stm32f4xx_hal_rcc.o(.text.HAL_RCC_GetPCLK1Freq)
    HAL_RCC_GetPCLK2Freq                     0x08003891   Thumb Code    38  stm32f4xx_hal_rcc.o(.text.HAL_RCC_GetPCLK2Freq)
    HAL_RCC_GetSysClockFreq                  0x080038b9   Thumb Code   106  stm32f4xx_hal_rcc.o(.text.HAL_RCC_GetSysClockFreq)
    HAL_RCC_OscConfig                        0x08003925   Thumb Code  1290  stm32f4xx_hal_rcc.o(.text.HAL_RCC_OscConfig)
    HAL_SYSTICK_Config                       0x08003e31   Thumb Code    44  stm32f4xx_hal_cortex.o(.text.HAL_SYSTICK_Config)
    HAL_TIMEx_BreakCallback                  0x08003e5d   Thumb Code     2  stm32f4xx_hal_tim_ex.o(.text.HAL_TIMEx_BreakCallback)
    HAL_TIMEx_CommutCallback                 0x08003e61   Thumb Code     2  stm32f4xx_hal_tim_ex.o(.text.HAL_TIMEx_CommutCallback)
    HAL_TIMEx_ConfigBreakDeadTime            0x08003e65   Thumb Code   388  stm32f4xx_hal_tim_ex.o(.text.HAL_TIMEx_ConfigBreakDeadTime)
    HAL_TIMEx_MasterConfigSynchronization    0x08003fe9   Thumb Code   398  stm32f4xx_hal_tim_ex.o(.text.HAL_TIMEx_MasterConfigSynchronization)
    HAL_TIM_Base_Init                        0x08004179   Thumb Code   488  stm32f4xx_hal_tim.o(.text.HAL_TIM_Base_Init)
    HAL_TIM_Base_MspInit                     0x08004361   Thumb Code   114  stm32f4xx_hal_msp.o(.text.HAL_TIM_Base_MspInit)
    HAL_TIM_Base_Start_IT                    0x080043d5   Thumb Code   394  stm32f4xx_hal_tim.o(.text.HAL_TIM_Base_Start_IT)
    HAL_TIM_ConfigClockSource                0x08004561   Thumb Code  1908  stm32f4xx_hal_tim.o(.text.HAL_TIM_ConfigClockSource)
    HAL_TIM_Encoder_Init                     0x08004cd5   Thumb Code   828  stm32f4xx_hal_tim.o(.text.HAL_TIM_Encoder_Init)
    HAL_TIM_Encoder_MspInit                  0x08005011   Thumb Code   128  stm32f4xx_hal_msp.o(.text.HAL_TIM_Encoder_MspInit)
    HAL_TIM_IC_CaptureCallback               0x08005091   Thumb Code     2  stm32f4xx_hal_tim.o(.text.HAL_TIM_IC_CaptureCallback)
    HAL_TIM_IRQHandler                       0x08005095   Thumb Code   348  stm32f4xx_hal_tim.o(.text.HAL_TIM_IRQHandler)
    HAL_TIM_MspPostInit                      0x080051f1   Thumb Code    92  stm32f4xx_hal_msp.o(.text.HAL_TIM_MspPostInit)
    HAL_TIM_OC_DelayElapsedCallback          0x0800524d   Thumb Code     2  stm32f4xx_hal_tim.o(.text.HAL_TIM_OC_DelayElapsedCallback)
    HAL_TIM_PWM_ConfigChannel                0x08005251   Thumb Code   946  stm32f4xx_hal_tim.o(.text.HAL_TIM_PWM_ConfigChannel)
    HAL_TIM_PWM_Init                         0x08005605   Thumb Code   488  stm32f4xx_hal_tim.o(.text.HAL_TIM_PWM_Init)
    HAL_TIM_PWM_MspInit                      0x080057ed   Thumb Code     2  stm32f4xx_hal_tim.o(.text.HAL_TIM_PWM_MspInit)
    HAL_TIM_PWM_PulseFinishedCallback        0x080057f1   Thumb Code     2  stm32f4xx_hal_tim.o(.text.HAL_TIM_PWM_PulseFinishedCallback)
    HAL_TIM_PWM_Start                        0x080057f5   Thumb Code   552  stm32f4xx_hal_tim.o(.text.HAL_TIM_PWM_Start)
    HAL_TIM_PeriodElapsedCallback            0x08005a1d   Thumb Code   102  timer_appfcn.o(.text.HAL_TIM_PeriodElapsedCallback)
    HAL_TIM_TriggerCallback                  0x08005a85   Thumb Code     2  stm32f4xx_hal_tim.o(.text.HAL_TIM_TriggerCallback)
    HAL_UARTEx_ReceiveToIdle_DMA             0x08005a89   Thumb Code   480  stm32f4xx_hal_uart.o(.text.HAL_UARTEx_ReceiveToIdle_DMA)
    HAL_UARTEx_RxEventCallback               0x08005c69   Thumb Code    74  usart_appfcn.o(.text.HAL_UARTEx_RxEventCallback)
    HAL_UART_ErrorCallback                   0x08005cb5   Thumb Code     2  stm32f4xx_hal_uart.o(.text.HAL_UART_ErrorCallback)
    HAL_UART_IRQHandler                      0x08005cb9   Thumb Code  1386  stm32f4xx_hal_uart.o(.text.HAL_UART_IRQHandler)
    HAL_UART_Init                            0x08006225   Thumb Code   386  stm32f4xx_hal_uart.o(.text.HAL_UART_Init)
    HAL_UART_MspInit                         0x080063a9   Thumb Code   354  stm32f4xx_hal_msp.o(.text.HAL_UART_MspInit)
    HAL_UART_Receive_IT                      0x0800650d   Thumb Code    82  stm32f4xx_hal_uart.o(.text.HAL_UART_Receive_IT)
    HAL_UART_RxCpltCallback                  0x08006561   Thumb Code    42  usart_appfcn.o(.text.HAL_UART_RxCpltCallback)
    HAL_UART_RxHalfCpltCallback              0x0800658d   Thumb Code     2  stm32f4xx_hal_uart.o(.text.HAL_UART_RxHalfCpltCallback)
    HAL_UART_TxCpltCallback                  0x08006591   Thumb Code     2  stm32f4xx_hal_uart.o(.text.HAL_UART_TxCpltCallback)
    HardFault_Handler                        0x08006595   Thumb Code     2  stm32f4xx_it.o(.text.HardFault_Handler)
    MemManage_Handler                        0x08006599   Thumb Code     2  stm32f4xx_it.o(.text.MemManage_Handler)
    NMI_Handler                              0x0800659d   Thumb Code     2  stm32f4xx_it.o(.text.NMI_Handler)
    PendSV_Handler                           0x080065a1   Thumb Code     2  stm32f4xx_it.o(.text.PendSV_Handler)
    RS485_Init                               0x080065a5   Thumb Code    52  usart_appfcn.o(.text.RS485_Init)
    SVC_Handler                              0x080065d9   Thumb Code     2  stm32f4xx_it.o(.text.SVC_Handler)
    SysTick_Handler                          0x080065dd   Thumb Code     4  stm32f4xx_it.o(.text.SysTick_Handler)
    SystemClock_Config                       0x080065e1   Thumb Code   166  main.o(.text.SystemClock_Config)
    SystemInit                               0x08006689   Thumb Code    18  system_stm32f4xx.o(.text.SystemInit)
    TIM1_UP_TIM10_IRQHandler                 0x0800669d   Thumb Code    12  stm32f4xx_it.o(.text.TIM1_UP_TIM10_IRQHandler)
    TIM2_IRQHandler                          0x080066a9   Thumb Code    12  stm32f4xx_it.o(.text.TIM2_IRQHandler)
    TIM3_IRQHandler                          0x080066b5   Thumb Code    12  stm32f4xx_it.o(.text.TIM3_IRQHandler)
    TIM_Base_SetConfig                       0x080066c1   Thumb Code   326  stm32f4xx_hal_tim.o(.text.TIM_Base_SetConfig)
    TIM_CCxChannelCmd                        0x08006809   Thumb Code   256  stm32f4xx_hal_tim.o(.text.TIM_CCxChannelCmd)
    TIM_OC2_SetConfig                        0x080069d9   Thumb Code   212  stm32f4xx_hal_tim.o(.text.TIM_OC2_SetConfig)
    Torque_control                           0x08006b81   Thumb Code   588  machinecontrol.o(.text.Torque_control)
    UART4_IRQHandler                         0x08006dcd   Thumb Code    12  stm32f4xx_it.o(.text.UART4_IRQHandler)
    UsageFault_Handler                       0x08007331   Thumb Code     2  stm32f4xx_it.o(.text.UsageFault_Handler)
    assert_failed                            0x08007335   Thumb Code     2  main.o(.text.assert_failed)
    fLPF_Run                                 0x08007339   Thumb Code    82  filter.o(.text.fLPF_Run)
    fPI_Run                                  0x0800738d   Thumb Code   220  pid.o(.text.fPI_Run)
    main                                     0x08007469   Thumb Code  2276  main.o(.text.main)
    process_RS485_frame                      0x08007d4d   Thumb Code   154  usart_appfcn.o(.text.process_RS485_frame)
    send_data_can                            0x08007de9   Thumb Code    70  communication.o(.text.send_data_can)
    user_pwm_Enable                          0x08007e31   Thumb Code    42  timer_appfcn.o(.text.user_pwm_Enable)
    user_pwm_init                            0x08007e5d   Thumb Code    88  timer_appfcn.o(.text.user_pwm_init)
    user_pwm_setvalue                        0x08007eb5   Thumb Code   256  timer_appfcn.o(.text.user_pwm_setvalue)
    vAdc_DataInit                            0x08007fb5   Thumb Code    86  analog_io.o(.text.vAdc_DataInit)
    vAdc_Data_Handle                         0x0800800d   Thumb Code   284  analog_io.o(.text.vAdc_Data_Handle)
    vDAC_CH1_IaWrite                         0x08008129   Thumb Code   232  analog_io.o(.text.vDAC_CH1_IaWrite)
    vDAC_Init                                0x08008211   Thumb Code    48  analog_io.o(.text.vDAC_Init)
    vDIO_Init                                0x08008241   Thumb Code    58  digital_io.o(.text.vDIO_Init)
    vDIO_Task_Handle                         0x0800827d   Thumb Code   126  machinecontrol.o(.text.vDIO_Task_Handle)
    vDI_Scan                                 0x080082fd   Thumb Code   182  digital_io.o(.text.vDI_Scan)
    vLPF_Init                                0x080083b9   Thumb Code   192  filter.o(.text.vLPF_Init)
    vMachineParameterConfig                  0x08008479   Thumb Code   224  machinecontrol.o(.text.vMachineParameterConfig)
    vNEXTION_Init                            0x08008559   Thumb Code    14  nextion.o(.text.vNEXTION_Init)
    vPI_Init                                 0x08008569   Thumb Code   108  pid.o(.text.vPI_Init)
    vQEI_Config                              0x080085d5   Thumb Code    92  qei.o(.text.vQEI_Config)
    vRPM_Cal                                 0x08008631   Thumb Code   160  qei.o(.text.vRPM_Cal)
    vRamp_Config                             0x080086d1   Thumb Code    92  analog_io.o(.text.vRamp_Config)
    vSetPointGet                             0x08008731   Thumb Code   256  machinecontrol.o(.text.vSetPointGet)
    vStateMachineConfig                      0x08008831   Thumb Code   276  machinecontrol.o(.text.vStateMachineConfig)
    vTim_Scan                                0x08008945   Thumb Code   200  timer_appfcn.o(.text.vTim_Scan)
    vTim_Start                               0x08008a0d   Thumb Code    26  timer_appfcn.o(.text.vTim_Start)
    vUsart_DataInit                          0x08008a29   Thumb Code     2  usart_appfcn.o(.text.vUsart_DataInit)
    _btod_d2e                                0x08008a2b   Thumb Code    62  btod.o(CL$$btod_d2e)
    _d2e_denorm_low                          0x08008a69   Thumb Code    70  btod.o(CL$$btod_d2e_denorm_low)
    _d2e_norm_op1                            0x08008aaf   Thumb Code    96  btod.o(CL$$btod_d2e_norm_op1)
    __btod_div_common                        0x08008b0f   Thumb Code   696  btod.o(CL$$btod_div_common)
    _e2e                                     0x08008e47   Thumb Code   220  btod.o(CL$$btod_e2e)
    _btod_ediv                               0x08008f23   Thumb Code    42  btod.o(CL$$btod_ediv)
    _btod_emul                               0x08008f4d   Thumb Code    42  btod.o(CL$$btod_emul)
    __btod_mult_common                       0x08008f77   Thumb Code   580  btod.o(CL$$btod_mult_common)
    __ARM_fpclassify                         0x080091bb   Thumb Code    48  fpclassify.o(i.__ARM_fpclassify)
    _get_lc_numeric                          0x080091ed   Thumb Code    44  lc_numeric_c.o(locale$$code)
    __aeabi_d2f                              0x08009219   Thumb Code     0  d2f.o(x$fpl$d2f)
    _d2f                                     0x08009219   Thumb Code    98  d2f.o(x$fpl$d2f)
    __aeabi_dadd                             0x0800927d   Thumb Code     0  daddsub_clz.o(x$fpl$dadd)
    _dadd                                    0x0800927d   Thumb Code   332  daddsub_clz.o(x$fpl$dadd)
    __aeabi_ddiv                             0x080093cd   Thumb Code     0  ddiv.o(x$fpl$ddiv)
    _ddiv                                    0x080093cd   Thumb Code   552  ddiv.o(x$fpl$ddiv)
    __aeabi_i2d                              0x0800967d   Thumb Code     0  dflt_clz.o(x$fpl$dflt)
    _dflt                                    0x0800967d   Thumb Code    46  dflt_clz.o(x$fpl$dflt)
    __aeabi_dmul                             0x080096ad   Thumb Code     0  dmul.o(x$fpl$dmul)
    _dmul                                    0x080096ad   Thumb Code   332  dmul.o(x$fpl$dmul)
    __fpl_dnaninf                            0x08009801   Thumb Code   156  dnaninf.o(x$fpl$dnaninf)
    __fpl_dretinf                            0x0800989d   Thumb Code    12  dretinf.o(x$fpl$dretinf)
    __aeabi_dsub                             0x080098a9   Thumb Code     0  daddsub_clz.o(x$fpl$dsub)
    _dsub                                    0x080098a9   Thumb Code   464  daddsub_clz.o(x$fpl$dsub)
    __aeabi_f2d                              0x08009a7d   Thumb Code     0  f2d.o(x$fpl$f2d)
    _f2d                                     0x08009a7d   Thumb Code    86  f2d.o(x$fpl$f2d)
    __fpl_fnaninf                            0x08009ad3   Thumb Code   140  fnaninf.o(x$fpl$fnaninf)
    _fp_init                                 0x08009b5f   Thumb Code    26  fpinit.o(x$fpl$fpinit)
    __fplib_config_fpu_vfp                   0x08009b77   Thumb Code     0  fpinit.o(x$fpl$fpinit)
    __fplib_config_pureend_doubles           0x08009b77   Thumb Code     0  fpinit.o(x$fpl$fpinit)
    __fpl_fretinf                            0x08009b79   Thumb Code    10  fretinf.o(x$fpl$fretinf)
    _printf_fp_dec                           0x08009b83   Thumb Code     4  printf1.o(x$fpl$printf1)
    __I$use$fp                               0x08009b86   Number         0  usenofp.o(x$fpl$usenofp)
    AHBPrescTable                            0x08009c1c   Data          16  system_stm32f4xx.o(.rodata.AHBPrescTable)
    APBPrescTable                            0x08009c2c   Data           8  system_stm32f4xx.o(.rodata.APBPrescTable)
    f_Gear_Ratio                             0x08009c3c   Data           4  main.o(.rodata.f_Gear_Ratio)
    f_Vbus_Nom                               0x08009c40   Data           4  main.o(.rodata.f_Vbus_Nom)
    f_base_Ts                                0x08009c44   Data           4  main.o(.rodata.f_base_Ts)
    Region$$Table$$Base                      0x08009eb8   Number         0  anon$$obj.o(Region$$Table)
    Region$$Table$$Limit                     0x08009ed8   Number         0  anon$$obj.o(Region$$Table)
    ID_CAN                                   0x20000000   Data           1  main.o(.data..L_MergedGlobals)
    f_Ti_Spd                                 0x20000004   Data           4  main.o(.data..L_MergedGlobals)
    f_Ti_Ia                                  0x20000008   Data           4  main.o(.data..L_MergedGlobals)
    uwTickFreq                               0x2000000c   Data           1  stm32f4xx_hal.o(.data..L_MergedGlobals)
    uwTickPrio                               0x20000010   Data           4  stm32f4xx_hal.o(.data..L_MergedGlobals)
    SystemCoreClock                          0x20000014   Data           4  system_stm32f4xx.o(.data.SystemCoreClock)
    __libspace_start                         0x20000018   Data          96  libspace.o(.bss)
    RxData                                   0x20000078   Data           8  communication.o(.bss..L_MergedGlobals)
    __temporary_stack_top$libspace           0x20000078   Data           0  libspace.o(.bss)
    converter                                0x20000080   Data           8  communication.o(.bss..L_MergedGlobals)
    CAN_1                                    0x20000088   Data          16  communication.o(.bss..L_MergedGlobals)
    tim10msTick                              0x200000ac   Data           2  main.o(.bss..L_MergedGlobals.1)
    hdac                                     0x200000b0   Data          20  main.o(.bss..L_MergedGlobals.1)
    TxHeader                                 0x200000c4   Data          24  main.o(.bss..L_MergedGlobals.1)
    PWM_Var                                  0x200000dc   Data          28  main.o(.bss..L_MergedGlobals.1)
    stRamp_SpdSP                             0x200000f8   Data          36  main.o(.bss..L_MergedGlobals.1)
    stRamp_VaSP                              0x2000011c   Data          36  main.o(.bss..L_MergedGlobals.2)
    stRamp_IaSP                              0x20000140   Data          36  main.o(.bss..L_MergedGlobals.2)
    stDAC_Var                                0x20000164   Data          40  main.o(.bss..L_MergedGlobals.2)
    hcan1                                    0x2000018c   Data          40  main.o(.bss..L_MergedGlobals.3)
    st_LPF_EsSpd                             0x200001b4   Data          48  main.o(.bss..L_MergedGlobals.3)
    st_LPF_Vbus                              0x200001e4   Data          48  main.o(.bss..L_MergedGlobals.4)
    st_LPF_SpdSP                             0x20000214   Data          48  main.o(.bss..L_MergedGlobals.4)
    st_LPF_dotIa                             0x20000244   Data          48  main.o(.bss..L_MergedGlobals.5)
    st_LPF_IaSP                              0x20000274   Data          48  main.o(.bss..L_MergedGlobals.5)
    st_LPF_Ia                                0x200002a4   Data          48  main.o(.bss..L_MergedGlobals.6)
    st_LPF_AD_Ia_Offset                      0x200002d4   Data          48  main.o(.bss..L_MergedGlobals.6)
    stQEI_Var                                0x20000308   Data          56  main.o(.bss..L_MergedGlobals.7)
    stPI_Speed                               0x20000340   Data          64  main.o(.bss..L_MergedGlobals.7)
    ADC_CH1                                  0x20000380   Data          12  main.o(.bss.ADC_CH1)
    DI_Objt                                  0x2000038c   Data          24  main.o(.bss.DI_Objt)
    NEXVar                                   0x200003a8   Data         300  main.o(.bss.NEXVar)
    N_Round                                  0x200004d8   Data           8  main.o(.bss.N_Round)
    RxHeader                                 0x200004e0   Data          28  main.o(.bss.RxHeader)
    SP_Var                                   0x200004fc   Data         112  main.o(.bss.SP_Var)
    Tim_10ms                                 0x2000056c   Data         200  main.o(.bss.Tim_10ms)
    TxData                                   0x20000638   Data           8  communication.o(.bss.TxData)
    TxMailbox                                0x20000640   Data           4  main.o(.bss.TxMailbox)
    adc_Objt_var                             0x20000644   Data         112  main.o(.bss.adc_Objt_var)
    hadc1                                    0x200006b4   Data          72  main.o(.bss.hadc1)
    hdma_adc1                                0x200006fc   Data          96  main.o(.bss.hdma_adc1)
    hdma_uart4_rx                            0x2000075c   Data          96  main.o(.bss.hdma_uart4_rx)
    hi2c1                                    0x200007bc   Data          84  main.o(.bss.hi2c1)
    htim1                                    0x20000810   Data          72  main.o(.bss.htim1)
    htim2                                    0x20000858   Data          72  main.o(.bss.htim2)
    htim3                                    0x200008a0   Data          72  main.o(.bss.htim3)
    huart4                                   0x200008e8   Data          72  main.o(.bss.huart4)
    huart5                                   0x20000930   Data          72  main.o(.bss.huart5)
    stMControl_Var                           0x20000978   Data         148  main.o(.bss.stMControl_Var)
    stMachine_Var                            0x20000a0c   Data          72  main.o(.bss.stMachine_Var)
    stPI_Ia                                  0x20000a54   Data          64  main.o(.bss.stPI_Ia)
    usart4_Rx                                0x20000a94   Data         214  main.o(.bss.usart4_Rx)
    usart5_Rx                                0x20000b6a   Data         214  main.o(.bss.usart5_Rx)
    uwTick                                   0x20000c40   Data           4  stm32f4xx_hal.o(.bss.uwTick)



==============================================================================

Memory Map of the image

  Image Entry point : 0x08000189

  Load Region LR_IROM1 (Base: 0x08000000, Size: 0x00009f10, Max: 0x00100000, ABSOLUTE)

    Execution Region ER_IROM1 (Exec base: 0x08000000, Load base: 0x08000000, Size: 0x00009ef4, Max: 0x00100000, ABSOLUTE)

    Exec Addr    Load Addr    Size         Type   Attr      Idx    E Section Name        Object

    0x08000000   0x08000000   0x00000188   Data   RO            3    RESET               startup_stm32f405xx.o
    0x08000188   0x08000188   0x00000008   Code   RO         1695  * !!!main             c_w.l(__main.o)
    0x08000190   0x08000190   0x00000034   Code   RO         2081    !!!scatter          c_w.l(__scatter.o)
    0x080001c4   0x080001c4   0x0000001a   Code   RO         2083    !!handler_copy      c_w.l(__scatter_copy.o)
    0x080001de   0x080001de   0x00000002   PAD
    0x080001e0   0x080001e0   0x0000001c   Code   RO         2085    !!handler_zi        c_w.l(__scatter_zi.o)
    0x080001fc   0x080001fc   0x00000000   Code   RO         1690    .ARM.Collect$$_printf_percent$$00000000  c_w.l(_printf_percent.o)
    0x080001fc   0x080001fc   0x00000006   Code   RO         1689    .ARM.Collect$$_printf_percent$$00000003  c_w.l(_printf_f.o)
    0x08000202   0x08000202   0x00000006   Code   RO         1688    .ARM.Collect$$_printf_percent$$00000009  c_w.l(_printf_d.o)
    0x08000208   0x08000208   0x00000006   Code   RO         1687    .ARM.Collect$$_printf_percent$$00000014  c_w.l(_printf_s.o)
    0x0800020e   0x0800020e   0x00000004   Code   RO         1748    .ARM.Collect$$_printf_percent$$00000017  c_w.l(_printf_percent_end.o)
    0x08000212   0x08000212   0x00000002   Code   RO         1859    .ARM.Collect$$libinit$$00000000  c_w.l(libinit.o)
    0x08000214   0x08000214   0x00000004   Code   RO         1860    .ARM.Collect$$libinit$$00000001  c_w.l(libinit2.o)
    0x08000218   0x08000218   0x00000000   Code   RO         1863    .ARM.Collect$$libinit$$00000004  c_w.l(libinit2.o)
    0x08000218   0x08000218   0x00000000   Code   RO         1866    .ARM.Collect$$libinit$$0000000A  c_w.l(libinit2.o)
    0x08000218   0x08000218   0x00000000   Code   RO         1868    .ARM.Collect$$libinit$$0000000C  c_w.l(libinit2.o)
    0x08000218   0x08000218   0x00000000   Code   RO         1870    .ARM.Collect$$libinit$$0000000E  c_w.l(libinit2.o)
    0x08000218   0x08000218   0x00000006   Code   RO         1871    .ARM.Collect$$libinit$$0000000F  c_w.l(libinit2.o)
    0x0800021e   0x0800021e   0x00000000   Code   RO         1873    .ARM.Collect$$libinit$$00000011  c_w.l(libinit2.o)
    0x0800021e   0x0800021e   0x00000000   Code   RO         1875    .ARM.Collect$$libinit$$00000013  c_w.l(libinit2.o)
    0x0800021e   0x0800021e   0x00000000   Code   RO         1877    .ARM.Collect$$libinit$$00000015  c_w.l(libinit2.o)
    0x0800021e   0x0800021e   0x0000000a   Code   RO         1878    .ARM.Collect$$libinit$$00000016  c_w.l(libinit2.o)
    0x08000228   0x08000228   0x00000000   Code   RO         1879    .ARM.Collect$$libinit$$00000017  c_w.l(libinit2.o)
    0x08000228   0x08000228   0x00000000   Code   RO         1881    .ARM.Collect$$libinit$$00000019  c_w.l(libinit2.o)
    0x08000228   0x08000228   0x00000000   Code   RO         1883    .ARM.Collect$$libinit$$0000001B  c_w.l(libinit2.o)
    0x08000228   0x08000228   0x00000000   Code   RO         1885    .ARM.Collect$$libinit$$0000001D  c_w.l(libinit2.o)
    0x08000228   0x08000228   0x00000000   Code   RO         1887    .ARM.Collect$$libinit$$0000001F  c_w.l(libinit2.o)
    0x08000228   0x08000228   0x00000000   Code   RO         1889    .ARM.Collect$$libinit$$00000021  c_w.l(libinit2.o)
    0x08000228   0x08000228   0x00000000   Code   RO         1891    .ARM.Collect$$libinit$$00000023  c_w.l(libinit2.o)
    0x08000228   0x08000228   0x00000000   Code   RO         1893    .ARM.Collect$$libinit$$00000025  c_w.l(libinit2.o)
    0x08000228   0x08000228   0x00000000   Code   RO         1897    .ARM.Collect$$libinit$$0000002C  c_w.l(libinit2.o)
    0x08000228   0x08000228   0x00000000   Code   RO         1899    .ARM.Collect$$libinit$$0000002E  c_w.l(libinit2.o)
    0x08000228   0x08000228   0x00000000   Code   RO         1901    .ARM.Collect$$libinit$$00000030  c_w.l(libinit2.o)
    0x08000228   0x08000228   0x00000000   Code   RO         1903    .ARM.Collect$$libinit$$00000032  c_w.l(libinit2.o)
    0x08000228   0x08000228   0x00000002   Code   RO         1904    .ARM.Collect$$libinit$$00000033  c_w.l(libinit2.o)
    0x0800022a   0x0800022a   0x00000002   Code   RO         2003    .ARM.Collect$$libshutdown$$00000000  c_w.l(libshutdown.o)
    0x0800022c   0x0800022c   0x00000000   Code   RO         2041    .ARM.Collect$$libshutdown$$00000002  c_w.l(libshutdown2.o)
    0x0800022c   0x0800022c   0x00000000   Code   RO         2043    .ARM.Collect$$libshutdown$$00000004  c_w.l(libshutdown2.o)
    0x0800022c   0x0800022c   0x00000000   Code   RO         2046    .ARM.Collect$$libshutdown$$00000007  c_w.l(libshutdown2.o)
    0x0800022c   0x0800022c   0x00000000   Code   RO         2049    .ARM.Collect$$libshutdown$$0000000A  c_w.l(libshutdown2.o)
    0x0800022c   0x0800022c   0x00000000   Code   RO         2051    .ARM.Collect$$libshutdown$$0000000C  c_w.l(libshutdown2.o)
    0x0800022c   0x0800022c   0x00000000   Code   RO         2054    .ARM.Collect$$libshutdown$$0000000F  c_w.l(libshutdown2.o)
    0x0800022c   0x0800022c   0x00000002   Code   RO         2055    .ARM.Collect$$libshutdown$$00000010  c_w.l(libshutdown2.o)
    0x0800022e   0x0800022e   0x00000000   Code   RO         1727    .ARM.Collect$$rtentry$$00000000  c_w.l(__rtentry.o)
    0x0800022e   0x0800022e   0x00000000   Code   RO         1761    .ARM.Collect$$rtentry$$00000002  c_w.l(__rtentry2.o)
    0x0800022e   0x0800022e   0x00000006   Code   RO         1773    .ARM.Collect$$rtentry$$00000004  c_w.l(__rtentry4.o)
    0x08000234   0x08000234   0x00000000   Code   RO         1763    .ARM.Collect$$rtentry$$00000009  c_w.l(__rtentry2.o)
    0x08000234   0x08000234   0x00000004   Code   RO         1764    .ARM.Collect$$rtentry$$0000000A  c_w.l(__rtentry2.o)
    0x08000238   0x08000238   0x00000000   Code   RO         1766    .ARM.Collect$$rtentry$$0000000C  c_w.l(__rtentry2.o)
    0x08000238   0x08000238   0x00000008   Code   RO         1767    .ARM.Collect$$rtentry$$0000000D  c_w.l(__rtentry2.o)
    0x08000240   0x08000240   0x00000002   Code   RO         1905    .ARM.Collect$$rtexit$$00000000  c_w.l(rtexit.o)
    0x08000242   0x08000242   0x00000000   Code   RO         1952    .ARM.Collect$$rtexit$$00000002  c_w.l(rtexit2.o)
    0x08000242   0x08000242   0x00000004   Code   RO         1953    .ARM.Collect$$rtexit$$00000003  c_w.l(rtexit2.o)
    0x08000246   0x08000246   0x00000006   Code   RO         1954    .ARM.Collect$$rtexit$$00000004  c_w.l(rtexit2.o)
    0x0800024c   0x0800024c   0x00000040   Code   RO            4    .text               startup_stm32f405xx.o
    0x0800028c   0x0800028c   0x000000f0   Code   RO         1651    .text               c_w.l(lludivv7m.o)
    0x0800037c   0x0800037c   0x00000052   Code   RO         1663    .text               c_w.l(_printf_str.o)
    0x080003ce   0x080003ce   0x00000002   PAD
    0x080003d0   0x080003d0   0x00000078   Code   RO         1665    .text               c_w.l(_printf_dec.o)
    0x08000448   0x08000448   0x00000006   Code   RO         1693    .text               c_w.l(heapauxi.o)
    0x0800044e   0x0800044e   0x000000b2   Code   RO         1734    .text               c_w.l(_printf_intcommon.o)
    0x08000500   0x08000500   0x0000041c   Code   RO         1736    .text               c_w.l(_printf_fp_dec.o)
    0x0800091c   0x0800091c   0x0000002c   Code   RO         1746    .text               c_w.l(_printf_char.o)
    0x08000948   0x08000948   0x00000008   Code   RO         1780    .text               c_w.l(rt_locale_intlibspace.o)
    0x08000950   0x08000950   0x0000008a   Code   RO         1787    .text               c_w.l(lludiv10.o)
    0x080009da   0x080009da   0x00000002   PAD
    0x080009dc   0x080009dc   0x00000080   Code   RO         1791    .text               c_w.l(_printf_fp_infnan.o)
    0x08000a5c   0x08000a5c   0x000000e4   Code   RO         1797    .text               c_w.l(bigflt0.o)
    0x08000b40   0x08000b40   0x00000008   Code   RO         1833    .text               c_w.l(libspace.o)
    0x08000b48   0x08000b48   0x0000004a   Code   RO         1836    .text               c_w.l(sys_stackheap_outer.o)
    0x08000b92   0x08000b92   0x00000012   Code   RO         1846    .text               c_w.l(exit.o)
    0x08000ba4   0x08000ba4   0x00000004   PAD
    0x08000ba8   0x08000ba8   0x0000007c   Code   RO         1852    .text               c_w.l(strcmpv7em.o)
    0x08000c24   0x08000c24   0x0000000c   Code   RO         1947    .text               c_w.l(sys_exit.o)
    0x08000c30   0x08000c30   0x00000002   Code   RO         1988    .text               c_w.l(use_no_semi.o)
    0x08000c32   0x08000c32   0x00000000   Code   RO         1990    .text               c_w.l(indicate_semi.o)
    0x08000c32   0x08000c32   0x00000002   PAD
    0x08000c34   0x08000c34   0x0000006c   Code   RO          193    .text.ADC_DMAConvCplt  stm32f4xx_hal_adc.o
    0x08000ca0   0x08000ca0   0x00000012   Code   RO          197    .text.ADC_DMAError  stm32f4xx_hal_adc.o
    0x08000cb2   0x08000cb2   0x00000002   PAD
    0x08000cb4   0x08000cb4   0x00000006   Code   RO          195    .text.ADC_DMAHalfConvCplt  stm32f4xx_hal_adc.o
    0x08000cba   0x08000cba   0x00000002   PAD
    0x08000cbc   0x08000cbc   0x0000000c   Code   RO           94    .text.ADC_IRQHandler  stm32f4xx_it.o
    0x08000cc8   0x08000cc8   0x00000002   Code   RO           76    .text.BusFault_Handler  stm32f4xx_it.o
    0x08000cca   0x08000cca   0x00000002   PAD
    0x08000ccc   0x08000ccc   0x0000000c   Code   RO           98    .text.CAN1_RX0_IRQHandler  stm32f4xx_it.o
    0x08000cd8   0x08000cd8   0x0000000c   Code   RO          100    .text.CAN1_SCE_IRQHandler  stm32f4xx_it.o
    0x08000ce4   0x08000ce4   0x0000000c   Code   RO           96    .text.CAN1_TX_IRQHandler  stm32f4xx_it.o
    0x08000cf0   0x08000cf0   0x0000000c   Code   RO           92    .text.DMA1_Stream2_IRQHandler  stm32f4xx_it.o
    0x08000cfc   0x08000cfc   0x0000000c   Code   RO          112    .text.DMA2_Stream0_IRQHandler  stm32f4xx_it.o
    0x08000d08   0x08000d08   0x00000002   Code   RO           82    .text.DebugMon_Handler  stm32f4xx_it.o
    0x08000d0a   0x08000d0a   0x00000002   PAD
    0x08000d0c   0x08000d0c   0x00000008   Code   RO          108    .text.EXTI15_10_IRQHandler  stm32f4xx_it.o
    0x08000d14   0x08000d14   0x00000006   Code   RO           88    .text.EXTI2_IRQHandler  stm32f4xx_it.o
    0x08000d1a   0x08000d1a   0x00000002   PAD
    0x08000d1c   0x08000d1c   0x00000006   Code   RO           90    .text.EXTI3_IRQHandler  stm32f4xx_it.o
    0x08000d22   0x08000d22   0x00000002   PAD
    0x08000d24   0x08000d24   0x00000006   Code   RO           15    .text.Error_Handler  main.o
    0x08000d2a   0x08000d2a   0x00000002   PAD
    0x08000d2c   0x08000d2c   0x00000002   Code   RO          114    .text.FPU_IRQHandler  stm32f4xx_it.o
    0x08000d2e   0x08000d2e   0x00000002   PAD
    0x08000d30   0x08000d30   0x00000002   Code   RO          246    .text.HAL_ADCEx_InjectedConvCpltCallback  stm32f4xx_hal_adc_ex.o
    0x08000d32   0x08000d32   0x00000002   PAD
    0x08000d34   0x08000d34   0x00000192   Code   RO          205    .text.HAL_ADC_ConfigChannel  stm32f4xx_hal_adc.o
    0x08000ec6   0x08000ec6   0x00000002   PAD
    0x08000ec8   0x08000ec8   0x00000002   Code   RO          185    .text.HAL_ADC_ConvCpltCallback  stm32f4xx_hal_adc.o
    0x08000eca   0x08000eca   0x00000002   PAD
    0x08000ecc   0x08000ecc   0x00000002   Code   RO          203    .text.HAL_ADC_ConvHalfCpltCallback  stm32f4xx_hal_adc.o
    0x08000ece   0x08000ece   0x00000002   PAD
    0x08000ed0   0x08000ed0   0x00000002   Code   RO          189    .text.HAL_ADC_ErrorCallback  stm32f4xx_hal_adc.o
    0x08000ed2   0x08000ed2   0x00000002   PAD
    0x08000ed4   0x08000ed4   0x0000018e   Code   RO          183    .text.HAL_ADC_IRQHandler  stm32f4xx_hal_adc.o
    0x08001062   0x08001062   0x00000002   PAD
    0x08001064   0x08001064   0x00000396   Code   RO          163    .text.HAL_ADC_Init  stm32f4xx_hal_adc.o
    0x080013fa   0x080013fa   0x00000002   PAD
    0x080013fc   0x080013fc   0x00000002   Code   RO          187    .text.HAL_ADC_LevelOutOfWindowCallback  stm32f4xx_hal_adc.o
    0x080013fe   0x080013fe   0x00000002   PAD
    0x08001400   0x08001400   0x00000112   Code   RO          125    .text.HAL_ADC_MspInit  stm32f4xx_hal_msp.o
    0x08001512   0x08001512   0x00000002   PAD
    0x08001514   0x08001514   0x000001d4   Code   RO          191    .text.HAL_ADC_Start_DMA  stm32f4xx_hal_adc.o
    0x080016e8   0x080016e8   0x0000004e   Code   RO          691    .text.HAL_CAN_ActivateNotification  stm32f4xx_hal_can.o
    0x08001736   0x08001736   0x00000002   PAD
    0x08001738   0x08001738   0x00000148   Code   RO          677    .text.HAL_CAN_AddTxMessage  stm32f4xx_hal_can.o
    0x08001880   0x08001880   0x0000020a   Code   RO          667    .text.HAL_CAN_ConfigFilter  stm32f4xx_hal_can.o
    0x08001a8a   0x08001a8a   0x00000002   PAD
    0x08001a8c   0x08001a8c   0x00000002   Code   RO          721    .text.HAL_CAN_ErrorCallback  stm32f4xx_hal_can.o
    0x08001a8e   0x08001a8e   0x00000002   PAD
    0x08001a90   0x08001a90   0x00000004   Code   RO          725    .text.HAL_CAN_GetError  stm32f4xx_hal_can.o
    0x08001a94   0x08001a94   0x00000158   Code   RO          687    .text.HAL_CAN_GetRxMessage  stm32f4xx_hal_can.o
    0x08001bec   0x08001bec   0x00000242   Code   RO          695    .text.HAL_CAN_IRQHandler  stm32f4xx_hal_can.o
    0x08001e2e   0x08001e2e   0x00000002   PAD
    0x08001e30   0x08001e30   0x0000026c   Code   RO          657    .text.HAL_CAN_Init  stm32f4xx_hal_can.o
    0x0800209c   0x0800209c   0x000000a4   Code   RO          129    .text.HAL_CAN_MspInit  stm32f4xx_hal_msp.o
    0x08002140   0x08002140   0x00000002   Code   RO          709    .text.HAL_CAN_RxFifo0FullCallback  stm32f4xx_hal_can.o
    0x08002142   0x08002142   0x00000002   PAD
    0x08002144   0x08002144   0x00000038   Code   RO         1461    .text.HAL_CAN_RxFifo0MsgPendingCallback  communication.o
    0x0800217c   0x0800217c   0x00000002   Code   RO          713    .text.HAL_CAN_RxFifo1FullCallback  stm32f4xx_hal_can.o
    0x0800217e   0x0800217e   0x00000002   PAD
    0x08002180   0x08002180   0x00000002   Code   RO          715    .text.HAL_CAN_RxFifo1MsgPendingCallback  stm32f4xx_hal_can.o
    0x08002182   0x08002182   0x00000002   PAD
    0x08002184   0x08002184   0x00000002   Code   RO          717    .text.HAL_CAN_SleepCallback  stm32f4xx_hal_can.o
    0x08002186   0x08002186   0x00000002   PAD
    0x08002188   0x08002188   0x0000005a   Code   RO          669    .text.HAL_CAN_Start  stm32f4xx_hal_can.o
    0x080021e2   0x080021e2   0x00000002   PAD
    0x080021e4   0x080021e4   0x00000002   Code   RO          699    .text.HAL_CAN_TxMailbox0AbortCallback  stm32f4xx_hal_can.o
    0x080021e6   0x080021e6   0x00000002   PAD
    0x080021e8   0x080021e8   0x00000002   Code   RO          697    .text.HAL_CAN_TxMailbox0CompleteCallback  stm32f4xx_hal_can.o
    0x080021ea   0x080021ea   0x00000002   PAD
    0x080021ec   0x080021ec   0x00000002   Code   RO          703    .text.HAL_CAN_TxMailbox1AbortCallback  stm32f4xx_hal_can.o
    0x080021ee   0x080021ee   0x00000002   PAD
    0x080021f0   0x080021f0   0x00000002   Code   RO          701    .text.HAL_CAN_TxMailbox1CompleteCallback  stm32f4xx_hal_can.o
    0x080021f2   0x080021f2   0x00000002   PAD
    0x080021f4   0x080021f4   0x00000002   Code   RO          707    .text.HAL_CAN_TxMailbox2AbortCallback  stm32f4xx_hal_can.o
    0x080021f6   0x080021f6   0x00000002   PAD
    0x080021f8   0x080021f8   0x00000002   Code   RO          705    .text.HAL_CAN_TxMailbox2CompleteCallback  stm32f4xx_hal_can.o
    0x080021fa   0x080021fa   0x00000002   PAD
    0x080021fc   0x080021fc   0x00000002   Code   RO          719    .text.HAL_CAN_WakeUpFromRxMsgCallback  stm32f4xx_hal_can.o
    0x080021fe   0x080021fe   0x00000002   PAD
    0x08002200   0x08002200   0x000000c2   Code   RO          774    .text.HAL_DAC_ConfigChannel  stm32f4xx_hal_dac.o
    0x080022c2   0x080022c2   0x00000002   PAD
    0x080022c4   0x080022c4   0x00000046   Code   RO          738    .text.HAL_DAC_Init  stm32f4xx_hal_dac.o
    0x0800230a   0x0800230a   0x00000002   PAD
    0x0800230c   0x0800230c   0x0000006a   Code   RO          133    .text.HAL_DAC_MspInit  stm32f4xx_hal_msp.o
    0x08002376   0x08002376   0x00000002   PAD
    0x08002378   0x08002378   0x0000008e   Code   RO          764    .text.HAL_DAC_SetValue  stm32f4xx_hal_dac.o
    0x08002406   0x08002406   0x00000002   PAD
    0x08002408   0x08002408   0x00000078   Code   RO          746    .text.HAL_DAC_Start  stm32f4xx_hal_dac.o
    0x08002480   0x08002480   0x00000090   Code   RO          424    .text.HAL_DMA_Abort  stm32f4xx_hal_dma.o
    0x08002510   0x08002510   0x00000024   Code   RO          426    .text.HAL_DMA_Abort_IT  stm32f4xx_hal_dma.o
    0x08002534   0x08002534   0x000001be   Code   RO          430    .text.HAL_DMA_IRQHandler  stm32f4xx_hal_dma.o
    0x080026f2   0x080026f2   0x00000002   PAD
    0x080026f4   0x080026f4   0x00000410   Code   RO          416    .text.HAL_DMA_Init  stm32f4xx_hal_dma.o
    0x08002b04   0x08002b04   0x0000009e   Code   RO          422    .text.HAL_DMA_Start_IT  stm32f4xx_hal_dma.o
    0x08002ba2   0x08002ba2   0x00000002   PAD
    0x08002ba4   0x08002ba4   0x00000028   Code   RO          586    .text.HAL_Delay     stm32f4xx_hal.o
    0x08002bcc   0x08002bcc   0x00000002   Code   RO          390    .text.HAL_GPIO_EXTI_Callback  stm32f4xx_hal_gpio.o
    0x08002bce   0x08002bce   0x00000002   PAD
    0x08002bd0   0x08002bd0   0x00000016   Code   RO          388    .text.HAL_GPIO_EXTI_IRQHandler  stm32f4xx_hal_gpio.o
    0x08002be6   0x08002be6   0x00000002   PAD
    0x08002be8   0x08002be8   0x00000300   Code   RO          376    .text.HAL_GPIO_Init  stm32f4xx_hal_gpio.o
    0x08002ee8   0x08002ee8   0x00000022   Code   RO          380    .text.HAL_GPIO_ReadPin  stm32f4xx_hal_gpio.o
    0x08002f0a   0x08002f0a   0x00000002   PAD
    0x08002f0c   0x08002f0c   0x0000002a   Code   RO          384    .text.HAL_GPIO_TogglePin  stm32f4xx_hal_gpio.o
    0x08002f36   0x08002f36   0x00000002   PAD
    0x08002f38   0x08002f38   0x00000042   Code   RO          382    .text.HAL_GPIO_WritePin  stm32f4xx_hal_gpio.o
    0x08002f7a   0x08002f7a   0x00000002   PAD
    0x08002f7c   0x08002f7c   0x0000000c   Code   RO          578    .text.HAL_GetTick   stm32f4xx_hal.o
    0x08002f88   0x08002f88   0x00000308   Code   RO          824    .text.HAL_I2C_Init  stm32f4xx_hal_i2c.o
    0x08003290   0x08003290   0x00000074   Code   RO          137    .text.HAL_I2C_MspInit  stm32f4xx_hal_msp.o
    0x08003304   0x08003304   0x0000001a   Code   RO          576    .text.HAL_IncTick   stm32f4xx_hal.o
    0x0800331e   0x0800331e   0x00000002   PAD
    0x08003320   0x08003320   0x00000036   Code   RO          566    .text.HAL_Init      stm32f4xx_hal.o
    0x08003356   0x08003356   0x00000002   PAD
    0x08003358   0x08003358   0x00000048   Code   RO          568    .text.HAL_InitTick  stm32f4xx_hal.o
    0x080033a0   0x080033a0   0x0000004c   Code   RO          123    .text.HAL_MspInit   stm32f4xx_hal_msp.o
    0x080033ec   0x080033ec   0x0000016e   Code   RO         1287    .text.HAL_MultiProcessor_Init  stm32f4xx_hal_uart.o
    0x0800355a   0x0800355a   0x00000002   PAD
    0x0800355c   0x0800355c   0x00000034   Code   RO          517    .text.HAL_NVIC_EnableIRQ  stm32f4xx_hal_cortex.o
    0x08003590   0x08003590   0x00000080   Code   RO          515    .text.HAL_NVIC_SetPriority  stm32f4xx_hal_cortex.o
    0x08003610   0x08003610   0x00000038   Code   RO          513    .text.HAL_NVIC_SetPriorityGrouping  stm32f4xx_hal_cortex.o
    0x08003648   0x08003648   0x0000021e   Code   RO          266    .text.HAL_RCC_ClockConfig  stm32f4xx_hal_rcc.o
    0x08003866   0x08003866   0x00000002   PAD
    0x08003868   0x08003868   0x00000026   Code   RO          278    .text.HAL_RCC_GetPCLK1Freq  stm32f4xx_hal_rcc.o
    0x0800388e   0x0800388e   0x00000002   PAD
    0x08003890   0x08003890   0x00000026   Code   RO          280    .text.HAL_RCC_GetPCLK2Freq  stm32f4xx_hal_rcc.o
    0x080038b6   0x080038b6   0x00000002   PAD
    0x080038b8   0x080038b8   0x0000006a   Code   RO          268    .text.HAL_RCC_GetSysClockFreq  stm32f4xx_hal_rcc.o
    0x08003922   0x08003922   0x00000002   PAD
    0x08003924   0x08003924   0x0000050a   Code   RO          264    .text.HAL_RCC_OscConfig  stm32f4xx_hal_rcc.o
    0x08003e2e   0x08003e2e   0x00000002   PAD
    0x08003e30   0x08003e30   0x0000002c   Code   RO          525    .text.HAL_SYSTICK_Config  stm32f4xx_hal_cortex.o
    0x08003e5c   0x08003e5c   0x00000002   Code   RO         1262    .text.HAL_TIMEx_BreakCallback  stm32f4xx_hal_tim_ex.o
    0x08003e5e   0x08003e5e   0x00000002   PAD
    0x08003e60   0x08003e60   0x00000002   Code   RO         1258    .text.HAL_TIMEx_CommutCallback  stm32f4xx_hal_tim_ex.o
    0x08003e62   0x08003e62   0x00000002   PAD
    0x08003e64   0x08003e64   0x00000184   Code   RO         1254    .text.HAL_TIMEx_ConfigBreakDeadTime  stm32f4xx_hal_tim_ex.o
    0x08003fe8   0x08003fe8   0x0000018e   Code   RO         1252    .text.HAL_TIMEx_MasterConfigSynchronization  stm32f4xx_hal_tim_ex.o
    0x08004176   0x08004176   0x00000002   PAD
    0x08004178   0x08004178   0x000001e8   Code   RO          952    .text.HAL_TIM_Base_Init  stm32f4xx_hal_tim.o
    0x08004360   0x08004360   0x00000072   Code   RO          141    .text.HAL_TIM_Base_MspInit  stm32f4xx_hal_msp.o
    0x080043d2   0x080043d2   0x00000002   PAD
    0x080043d4   0x080043d4   0x0000018a   Code   RO          966    .text.HAL_TIM_Base_Start_IT  stm32f4xx_hal_tim.o
    0x0800455e   0x0800455e   0x00000002   PAD
    0x08004560   0x08004560   0x00000774   Code   RO         1136    .text.HAL_TIM_ConfigClockSource  stm32f4xx_hal_tim.o
    0x08004cd4   0x08004cd4   0x0000033c   Code   RO         1066    .text.HAL_TIM_Encoder_Init  stm32f4xx_hal_tim.o
    0x08005010   0x08005010   0x00000080   Code   RO          143    .text.HAL_TIM_Encoder_MspInit  stm32f4xx_hal_msp.o
    0x08005090   0x08005090   0x00000002   Code   RO         1088    .text.HAL_TIM_IC_CaptureCallback  stm32f4xx_hal_tim.o
    0x08005092   0x08005092   0x00000002   PAD
    0x08005094   0x08005094   0x0000015c   Code   RO         1086    .text.HAL_TIM_IRQHandler  stm32f4xx_hal_tim.o
    0x080051f0   0x080051f0   0x0000005c   Code   RO          145    .text.HAL_TIM_MspPostInit  stm32f4xx_hal_msp.o
    0x0800524c   0x0800524c   0x00000002   Code   RO         1090    .text.HAL_TIM_OC_DelayElapsedCallback  stm32f4xx_hal_tim.o
    0x0800524e   0x0800524e   0x00000002   PAD
    0x08005250   0x08005250   0x000003b2   Code   RO         1110    .text.HAL_TIM_PWM_ConfigChannel  stm32f4xx_hal_tim.o
    0x08005602   0x08005602   0x00000002   PAD
    0x08005604   0x08005604   0x000001e8   Code   RO         1006    .text.HAL_TIM_PWM_Init  stm32f4xx_hal_tim.o
    0x080057ec   0x080057ec   0x00000002   Code   RO         1008    .text.HAL_TIM_PWM_MspInit  stm32f4xx_hal_tim.o
    0x080057ee   0x080057ee   0x00000002   PAD
    0x080057f0   0x080057f0   0x00000002   Code   RO         1092    .text.HAL_TIM_PWM_PulseFinishedCallback  stm32f4xx_hal_tim.o
    0x080057f2   0x080057f2   0x00000002   PAD
    0x080057f4   0x080057f4   0x00000228   Code   RO         1014    .text.HAL_TIM_PWM_Start  stm32f4xx_hal_tim.o
    0x08005a1c   0x08005a1c   0x00000066   Code   RO         1582    .text.HAL_TIM_PeriodElapsedCallback  timer_appfcn.o
    0x08005a82   0x08005a82   0x00000002   PAD
    0x08005a84   0x08005a84   0x00000002   Code   RO         1096    .text.HAL_TIM_TriggerCallback  stm32f4xx_hal_tim.o
    0x08005a86   0x08005a86   0x00000002   PAD
    0x08005a88   0x08005a88   0x000001e0   Code   RO         1325    .text.HAL_UARTEx_ReceiveToIdle_DMA  stm32f4xx_hal_uart.o
    0x08005c68   0x08005c68   0x0000004a   Code   RO         1618    .text.HAL_UARTEx_RxEventCallback  usart_appfcn.o
    0x08005cb2   0x08005cb2   0x00000002   PAD
    0x08005cb4   0x08005cb4   0x00000002   Code   RO         1361    .text.HAL_UART_ErrorCallback  stm32f4xx_hal_uart.o
    0x08005cb6   0x08005cb6   0x00000002   PAD
    0x08005cb8   0x08005cb8   0x0000056a   Code   RO         1355    .text.HAL_UART_IRQHandler  stm32f4xx_hal_uart.o
    0x08006222   0x08006222   0x00000002   PAD
    0x08006224   0x08006224   0x00000182   Code   RO         1277    .text.HAL_UART_Init  stm32f4xx_hal_uart.o
    0x080063a6   0x080063a6   0x00000002   PAD
    0x080063a8   0x080063a8   0x00000162   Code   RO          151    .text.HAL_UART_MspInit  stm32f4xx_hal_msp.o
    0x0800650a   0x0800650a   0x00000002   PAD
    0x0800650c   0x0800650c   0x00000052   Code   RO         1299    .text.HAL_UART_Receive_IT  stm32f4xx_hal_uart.o
    0x0800655e   0x0800655e   0x00000002   PAD
    0x08006560   0x08006560   0x0000002a   Code   RO         1616    .text.HAL_UART_RxCpltCallback  usart_appfcn.o
    0x0800658a   0x0800658a   0x00000002   PAD
    0x0800658c   0x0800658c   0x00000002   Code   RO         1371    .text.HAL_UART_RxHalfCpltCallback  stm32f4xx_hal_uart.o
    0x0800658e   0x0800658e   0x00000002   PAD
    0x08006590   0x08006590   0x00000002   Code   RO         1365    .text.HAL_UART_TxCpltCallback  stm32f4xx_hal_uart.o
    0x08006592   0x08006592   0x00000002   PAD
    0x08006594   0x08006594   0x00000002   Code   RO           72    .text.HardFault_Handler  stm32f4xx_it.o
    0x08006596   0x08006596   0x00000002   PAD
    0x08006598   0x08006598   0x00000002   Code   RO           74    .text.MemManage_Handler  stm32f4xx_it.o
    0x0800659a   0x0800659a   0x00000002   PAD
    0x0800659c   0x0800659c   0x00000002   Code   RO           70    .text.NMI_Handler   stm32f4xx_it.o
    0x0800659e   0x0800659e   0x00000002   PAD
    0x080065a0   0x080065a0   0x00000002   Code   RO           84    .text.PendSV_Handler  stm32f4xx_it.o
    0x080065a2   0x080065a2   0x00000002   PAD
    0x080065a4   0x080065a4   0x00000034   Code   RO         1594    .text.RS485_Init    usart_appfcn.o
    0x080065d8   0x080065d8   0x00000002   Code   RO           80    .text.SVC_Handler   stm32f4xx_it.o
    0x080065da   0x080065da   0x00000002   PAD
    0x080065dc   0x080065dc   0x00000004   Code   RO           86    .text.SysTick_Handler  stm32f4xx_it.o
    0x080065e0   0x080065e0   0x000000a6   Code   RO           13    .text.SystemClock_Config  main.o
    0x08006686   0x08006686   0x00000002   PAD
    0x08006688   0x08006688   0x00000012   Code   RO         1400    .text.SystemInit    system_stm32f4xx.o
    0x0800669a   0x0800669a   0x00000002   PAD
    0x0800669c   0x0800669c   0x0000000c   Code   RO          102    .text.TIM1_UP_TIM10_IRQHandler  stm32f4xx_it.o
    0x080066a8   0x080066a8   0x0000000c   Code   RO          104    .text.TIM2_IRQHandler  stm32f4xx_it.o
    0x080066b4   0x080066b4   0x0000000c   Code   RO          106    .text.TIM3_IRQHandler  stm32f4xx_it.o
    0x080066c0   0x080066c0   0x00000146   Code   RO          956    .text.TIM_Base_SetConfig  stm32f4xx_hal_tim.o
    0x08006806   0x08006806   0x00000002   PAD
    0x08006808   0x08006808   0x00000100   Code   RO          990    .text.TIM_CCxChannelCmd  stm32f4xx_hal_tim.o
    0x08006908   0x08006908   0x000000ce   Code   RO         1100    .text.TIM_OC1_SetConfig  stm32f4xx_hal_tim.o
    0x080069d6   0x080069d6   0x00000002   PAD
    0x080069d8   0x080069d8   0x000000d4   Code   RO         1102    .text.TIM_OC2_SetConfig  stm32f4xx_hal_tim.o
    0x08006aac   0x08006aac   0x000000d4   Code   RO         1104    .text.TIM_OC3_SetConfig  stm32f4xx_hal_tim.o
    0x08006b80   0x08006b80   0x0000024c   Code   RO         1527    .text.Torque_control  machinecontrol.o
    0x08006dcc   0x08006dcc   0x0000000c   Code   RO          110    .text.UART4_IRQHandler  stm32f4xx_it.o
    0x08006dd8   0x08006dd8   0x0000000c   Code   RO         1359    .text.UART_DMAAbortOnError  stm32f4xx_hal_uart.o
    0x08006de4   0x08006de4   0x0000017c   Code   RO         1309    .text.UART_DMAError  stm32f4xx_hal_uart.o
    0x08006f60   0x08006f60   0x0000015e   Code   RO         1387    .text.UART_DMAReceiveCplt  stm32f4xx_hal_uart.o
    0x080070be   0x080070be   0x00000002   PAD
    0x080070c0   0x080070c0   0x00000018   Code   RO         1389    .text.UART_DMARxHalfCplt  stm32f4xx_hal_uart.o
    0x080070d8   0x080070d8   0x000000fa   Code   RO         1357    .text.UART_Receive_IT  stm32f4xx_hal_uart.o
    0x080071d2   0x080071d2   0x00000002   PAD
    0x080071d4   0x080071d4   0x0000015c   Code   RO         1281    .text.UART_SetConfig  stm32f4xx_hal_uart.o
    0x08007330   0x08007330   0x00000002   Code   RO           78    .text.UsageFault_Handler  stm32f4xx_it.o
    0x08007332   0x08007332   0x00000002   PAD
    0x08007334   0x08007334   0x00000002   Code   RO           17    .text.assert_failed  main.o
    0x08007336   0x08007336   0x00000002   PAD
    0x08007338   0x08007338   0x00000052   Code   RO         1499    .text.fLPF_Run      filter.o
    0x0800738a   0x0800738a   0x00000002   PAD
    0x0800738c   0x0800738c   0x000000dc   Code   RO         1544    .text.fPI_Run       pid.o
    0x08007468   0x08007468   0x000008e4   Code   RO           11    .text.main          main.o
    0x08007d4c   0x08007d4c   0x0000009a   Code   RO         1602    .text.process_RS485_frame  usart_appfcn.o
    0x08007de6   0x08007de6   0x00000002   PAD
    0x08007de8   0x08007de8   0x00000046   Code   RO         1463    .text.send_data_can  communication.o
    0x08007e2e   0x08007e2e   0x00000002   PAD
    0x08007e30   0x08007e30   0x0000002a   Code   RO         1576    .text.user_pwm_Enable  timer_appfcn.o
    0x08007e5a   0x08007e5a   0x00000002   PAD
    0x08007e5c   0x08007e5c   0x00000058   Code   RO         1574    .text.user_pwm_init  timer_appfcn.o
    0x08007eb4   0x08007eb4   0x00000100   Code   RO         1580    .text.user_pwm_setvalue  timer_appfcn.o
    0x08007fb4   0x08007fb4   0x00000056   Code   RO         1415    .text.vAdc_DataInit  analog_io.o
    0x0800800a   0x0800800a   0x00000002   PAD
    0x0800800c   0x0800800c   0x0000011c   Code   RO         1417    .text.vAdc_Data_Handle  analog_io.o
    0x08008128   0x08008128   0x000000e8   Code   RO         1421    .text.vDAC_CH1_IaWrite  analog_io.o
    0x08008210   0x08008210   0x00000030   Code   RO         1419    .text.vDAC_Init     analog_io.o
    0x08008240   0x08008240   0x0000003a   Code   RO         1481    .text.vDIO_Init     digital_io.o
    0x0800827a   0x0800827a   0x00000002   PAD
    0x0800827c   0x0800827c   0x0000007e   Code   RO         1509    .text.vDIO_Task_Handle  machinecontrol.o
    0x080082fa   0x080082fa   0x00000002   PAD
    0x080082fc   0x080082fc   0x000000b6   Code   RO         1477    .text.vDI_Scan      digital_io.o
    0x080083b2   0x080083b2   0x00000006   PAD
    0x080083b8   0x080083b8   0x000000c0   Code   RO         1497    .text.vLPF_Init     filter.o
    0x08008478   0x08008478   0x000000e0   Code   RO         1511    .text.vMachineParameterConfig  machinecontrol.o
    0x08008558   0x08008558   0x0000000e   Code   RO         1628    .text.vNEXTION_Init  nextion.o
    0x08008566   0x08008566   0x00000002   PAD
    0x08008568   0x08008568   0x0000006c   Code   RO         1542    .text.vPI_Init      pid.o
    0x080085d4   0x080085d4   0x0000005c   Code   RO         1554    .text.vQEI_Config   qei.o
    0x08008630   0x08008630   0x000000a0   Code   RO         1556    .text.vRPM_Cal      qei.o
    0x080086d0   0x080086d0   0x0000005c   Code   RO         1425    .text.vRamp_Config  analog_io.o
    0x0800872c   0x0800872c   0x00000004   PAD
    0x08008730   0x08008730   0x00000100   Code   RO         1515    .text.vSetPointGet  machinecontrol.o
    0x08008830   0x08008830   0x00000114   Code   RO         1517    .text.vStateMachineConfig  machinecontrol.o
    0x08008944   0x08008944   0x000000c8   Code   RO         1572    .text.vTim_Scan     timer_appfcn.o
    0x08008a0c   0x08008a0c   0x0000001a   Code   RO         1568    .text.vTim_Start    timer_appfcn.o
    0x08008a26   0x08008a26   0x00000002   PAD
    0x08008a28   0x08008a28   0x00000002   Code   RO         1604    .text.vUsart_DataInit  usart_appfcn.o
    0x08008a2a   0x08008a2a   0x0000003e   Code   RO         1800    CL$$btod_d2e        c_w.l(btod.o)
    0x08008a68   0x08008a68   0x00000046   Code   RO         1802    CL$$btod_d2e_denorm_low  c_w.l(btod.o)
    0x08008aae   0x08008aae   0x00000060   Code   RO         1801    CL$$btod_d2e_norm_op1  c_w.l(btod.o)
    0x08008b0e   0x08008b0e   0x00000338   Code   RO         1810    CL$$btod_div_common  c_w.l(btod.o)
    0x08008e46   0x08008e46   0x000000dc   Code   RO         1807    CL$$btod_e2e        c_w.l(btod.o)
    0x08008f22   0x08008f22   0x0000002a   Code   RO         1804    CL$$btod_ediv       c_w.l(btod.o)
    0x08008f4c   0x08008f4c   0x0000002a   Code   RO         1803    CL$$btod_emul       c_w.l(btod.o)
    0x08008f76   0x08008f76   0x00000244   Code   RO         1809    CL$$btod_mult_common  c_w.l(btod.o)
    0x080091ba   0x080091ba   0x00000030   Code   RO         1831    i.__ARM_fpclassify  m_wm.l(fpclassify.o)
    0x080091ea   0x080091ea   0x00000002   PAD
    0x080091ec   0x080091ec   0x0000002c   Code   RO         1825    locale$$code        c_w.l(lc_numeric_c.o)
    0x08009218   0x08009218   0x00000062   Code   RO         1697    x$fpl$d2f           fz_wm.l(d2f.o)
    0x0800927a   0x0800927a   0x00000002   PAD
    0x0800927c   0x0800927c   0x00000150   Code   RO         1699    x$fpl$dadd          fz_wm.l(daddsub_clz.o)
    0x080093cc   0x080093cc   0x000002b0   Code   RO         1706    x$fpl$ddiv          fz_wm.l(ddiv.o)
    0x0800967c   0x0800967c   0x0000002e   Code   RO         1710    x$fpl$dflt          fz_wm.l(dflt_clz.o)
    0x080096aa   0x080096aa   0x00000002   PAD
    0x080096ac   0x080096ac   0x00000154   Code   RO         1715    x$fpl$dmul          fz_wm.l(dmul.o)
    0x08009800   0x08009800   0x0000009c   Code   RO         1751    x$fpl$dnaninf       fz_wm.l(dnaninf.o)
    0x0800989c   0x0800989c   0x0000000c   Code   RO         1753    x$fpl$dretinf       fz_wm.l(dretinf.o)
    0x080098a8   0x080098a8   0x000001d4   Code   RO         1701    x$fpl$dsub          fz_wm.l(daddsub_clz.o)
    0x08009a7c   0x08009a7c   0x00000056   Code   RO         1717    x$fpl$f2d           fz_wm.l(f2d.o)
    0x08009ad2   0x08009ad2   0x0000008c   Code   RO         1755    x$fpl$fnaninf       fz_wm.l(fnaninf.o)
    0x08009b5e   0x08009b5e   0x0000001a   Code   RO         1931    x$fpl$fpinit        fz_wm.l(fpinit.o)
    0x08009b78   0x08009b78   0x0000000a   Code   RO         1757    x$fpl$fretinf       fz_wm.l(fretinf.o)
    0x08009b82   0x08009b82   0x00000004   Code   RO         1719    x$fpl$printf1       fz_wm.l(printf1.o)
    0x08009b86   0x08009b86   0x00000000   Code   RO         1759    x$fpl$usenofp       fz_wm.l(usenofp.o)
    0x08009b86   0x08009b86   0x00000002   PAD
    0x08009b88   0x08009b88   0x00000094   Data   RO         1798    .constdata          c_w.l(bigflt0.o)
    0x08009c1c   0x08009c1c   0x00000010   Data   RO         1405    .rodata.AHBPrescTable  system_stm32f4xx.o
    0x08009c2c   0x08009c2c   0x00000008   Data   RO         1406    .rodata.APBPrescTable  system_stm32f4xx.o
    0x08009c34   0x08009c34   0x00000008   Data   RO          441    .rodata.cst8        stm32f4xx_hal_dma.o
    0x08009c3c   0x08009c3c   0x00000004   Data   RO           22    .rodata.f_Gear_Ratio  main.o
    0x08009c40   0x08009c40   0x00000004   Data   RO           23    .rodata.f_Vbus_Nom  main.o
    0x08009c44   0x08009c44   0x00000004   Data   RO           19    .rodata.f_base_Ts   main.o
    0x08009c48   0x08009c48   0x00000038   Data   RO          213    .rodata.str1.1      stm32f4xx_hal_adc.o
    0x08009c80   0x08009c80   0x00000038   Data   RO          290    .rodata.str1.1      stm32f4xx_hal_rcc.o
    0x08009cb8   0x08009cb8   0x00000039   Data   RO          392    .rodata.str1.1      stm32f4xx_hal_gpio.o
    0x08009cf1   0x08009cf1   0x00000038   Data   RO          440    .rodata.str1.1      stm32f4xx_hal_dma.o
    0x08009d29   0x08009d29   0x0000003b   Data   RO          557    .rodata.str1.1      stm32f4xx_hal_cortex.o
    0x08009d64   0x08009d64   0x00000038   Data   RO          729    .rodata.str1.1      stm32f4xx_hal_can.o
    0x08009d9c   0x08009d9c   0x00000038   Data   RO          780    .rodata.str1.1      stm32f4xx_hal_dac.o
    0x08009dd4   0x08009dd4   0x00000038   Data   RO          942    .rodata.str1.1      stm32f4xx_hal_i2c.o
    0x08009e0c   0x08009e0c   0x00000038   Data   RO         1176    .rodata.str1.1      stm32f4xx_hal_tim.o
    0x08009e44   0x08009e44   0x0000003b   Data   RO         1268    .rodata.str1.1      stm32f4xx_hal_tim_ex.o
    0x08009e7f   0x08009e7f   0x00000039   Data   RO         1391    .rodata.str1.1      stm32f4xx_hal_uart.o
    0x08009eb8   0x08009eb8   0x00000020   Data   RO         2080    Region$$Table       anon$$obj.o
    0x08009ed8   0x08009ed8   0x0000001c   Data   RO         1824    locale$$data        c_w.l(lc_numeric_c.o)


    Execution Region RW_IRAM1 (Exec base: 0x20000000, Load base: 0x08009ef8, Size: 0x00001248, Max: 0x0001c000, ABSOLUTE)

    Exec Addr    Load Addr    Size         Type   Attr      Idx    E Section Name        Object

    0x20000000   0x08009ef8   0x0000000c   Data   RW           55    .data..L_MergedGlobals  main.o
    0x2000000c   0x08009f04   0x00000008   Data   RW          621    .data..L_MergedGlobals  stm32f4xx_hal.o
    0x20000014   0x08009f0c   0x00000004   Data   RW         1404    .data.SystemCoreClock  system_stm32f4xx.o
    0x20000018        -       0x00000060   Zero   RW         1834    .bss                c_w.l(libspace.o)
    0x20000078        -       0x00000020   Zero   RW         1468    .bss..L_MergedGlobals  communication.o
    0x20000098        -       0x00000014   Zero   RW         1533    .bss..L_MergedGlobals  machinecontrol.o
    0x200000ac        -       0x00000070   Zero   RW           56    .bss..L_MergedGlobals.1  main.o
    0x2000011c        -       0x00000070   Zero   RW           57    .bss..L_MergedGlobals.2  main.o
    0x2000018c        -       0x00000058   Zero   RW           58    .bss..L_MergedGlobals.3  main.o
    0x200001e4        -       0x00000060   Zero   RW           59    .bss..L_MergedGlobals.4  main.o
    0x20000244        -       0x00000060   Zero   RW           60    .bss..L_MergedGlobals.5  main.o
    0x200002a4        -       0x00000060   Zero   RW           61    .bss..L_MergedGlobals.6  main.o
    0x20000304   0x08009f10   0x00000004   PAD
    0x20000308        -       0x00000078   Zero   RW           62    .bss..L_MergedGlobals.7  main.o
    0x20000380        -       0x0000000c   Zero   RW           49    .bss.ADC_CH1        main.o
    0x2000038c        -       0x00000018   Zero   RW           48    .bss.DI_Objt        main.o
    0x200003a4        -       0x00000002   Zero   RW         1584    .bss.HAL_TIM_PeriodElapsedCallback.tim10ms_cnt  timer_appfcn.o
    0x200003a6   0x08009f10   0x00000002   PAD
    0x200003a8        -       0x0000012c   Zero   RW           37    .bss.NEXVar         main.o
    0x200004d4   0x08009f10   0x00000004   PAD
    0x200004d8        -       0x00000008   Zero   RW           27    .bss.N_Round        main.o
    0x200004e0        -       0x0000001c   Zero   RW           40    .bss.RxHeader       main.o
    0x200004fc        -       0x00000070   Zero   RW           51    .bss.SP_Var         main.o
    0x2000056c        -       0x000000c8   Zero   RW           31    .bss.Tim_10ms       main.o
    0x20000634   0x08009f10   0x00000004   PAD
    0x20000638        -       0x00000008   Zero   RW         1465    .bss.TxData         communication.o
    0x20000640        -       0x00000004   Zero   RW           52    .bss.TxMailbox      main.o
    0x20000644        -       0x00000070   Zero   RW           30    .bss.adc_Objt_var   main.o
    0x200006b4        -       0x00000048   Zero   RW           41    .bss.hadc1          main.o
    0x200006fc        -       0x00000060   Zero   RW           42    .bss.hdma_adc1      main.o
    0x2000075c        -       0x00000060   Zero   RW           45    .bss.hdma_uart4_rx  main.o
    0x200007bc        -       0x00000054   Zero   RW           43    .bss.hi2c1          main.o
    0x20000810        -       0x00000048   Zero   RW           39    .bss.htim1          main.o
    0x20000858        -       0x00000048   Zero   RW           44    .bss.htim2          main.o
    0x200008a0        -       0x00000048   Zero   RW           38    .bss.htim3          main.o
    0x200008e8        -       0x00000048   Zero   RW           32    .bss.huart4         main.o
    0x20000930        -       0x00000048   Zero   RW           34    .bss.huart5         main.o
    0x20000978        -       0x00000094   Zero   RW           29    .bss.stMControl_Var  main.o
    0x20000a0c        -       0x00000048   Zero   RW           28    .bss.stMachine_Var  main.o
    0x20000a54        -       0x00000040   Zero   RW           36    .bss.stPI_Ia        main.o
    0x20000a94        -       0x000000d6   Zero   RW           33    .bss.usart4_Rx      main.o
    0x20000b6a        -       0x000000d6   Zero   RW           35    .bss.usart5_Rx      main.o
    0x20000c40        -       0x00000004   Zero   RW          620    .bss.uwTick         stm32f4xx_hal.o
    0x20000c44   0x08009f10   0x00000004   PAD
    0x20000c48        -       0x00000200   Zero   RW            2    HEAP                startup_stm32f405xx.o
    0x20000e48        -       0x00000400   Zero   RW            1    STACK               startup_stm32f405xx.o


    Execution Region RW_IRAM2 (Exec base: 0x2001c000, Load base: 0x08009f10, Size: 0x00000000, Max: 0x00004000, ABSOLUTE)

    **** No section assigned to this execution region ****


==============================================================================

Image component sizes


      Code (inc. data)   RO Data    RW Data    ZI Data      Debug   Object Name

       742          8          0          0          0       6369   analog_io.o
       126          0          0          0         40       8969   communication.o
       240          0          0          0          0       2570   digital_io.o
       274         16          0          0          0       2321   filter.o
      1470         64          0          0         20      10131   machinecontrol.o
      2450         28         12         12       2940      28262   main.o
        14          0          0          0          0      17957   nextion.o
       328          4          0          0          0       1647   pid.o
       252         12          0          0          0       2175   qei.o
        64         26        392          0       1536        844   startup_stm32f405xx.o
       204          0          0          8          4       7293   stm32f4xx_hal.o
      2326          0         56          0          0      11790   stm32f4xx_hal_adc.o
         2          0          0          0          0       9626   stm32f4xx_hal_adc_ex.o
      2588          6         56          0          0      13360   stm32f4xx_hal_can.o
       280          0         59          0          0      10929   stm32f4xx_hal_cortex.o
       526          0         56          0          0       8128   stm32f4xx_hal_dac.o
      1824          4         64          0          0      10680   stm32f4xx_hal_dma.o
       934         64         57          0          0       6139   stm32f4xx_hal_gpio.o
       776          0         56          0          0      52573   stm32f4xx_hal_i2c.o
      1424          0          0          0          0      15889   stm32f4xx_hal_msp.o
      2014          0         56          0          0       7627   stm32f4xx_hal_rcc.o
      7174          4         56          0          0      69404   stm32f4xx_hal_tim.o
       790          0         59          0          0      22050   stm32f4xx_hal_tim_ex.o
      4070          0         57          0          0      32615   stm32f4xx_hal_uart.o
       162          0          0          0          0       2361   stm32f4xx_it.o
        18          0         24          4          0       2629   system_stm32f4xx.o
       714          4          0          0          2       7702   timer_appfcn.o
       324          0          0          0          0       7105   usart_appfcn.o

    ----------------------------------------------------------------------
     32310        240       1092         24       4560     379145   Object Totals
         0          0         32          0          0          0   (incl. Generated)
       200          0          0          0         18          0   (incl. Padding)

    ----------------------------------------------------------------------

      Code (inc. data)   RO Data    RW Data    ZI Data      Debug   Library Member Name

         8          0          0          0          0         68   __main.o
         0          0          0          0          0          0   __rtentry.o
        12          0          0          0          0          0   __rtentry2.o
         6          0          0          0          0          0   __rtentry4.o
        52          8          0          0          0          0   __scatter.o
        26          0          0          0          0          0   __scatter_copy.o
        28          0          0          0          0          0   __scatter_zi.o
        44          0          0          0          0        108   _printf_char.o
         6          0          0          0          0          0   _printf_d.o
       120         16          0          0          0         92   _printf_dec.o
         6          0          0          0          0          0   _printf_f.o
      1052          0          0          0          0        148   _printf_fp_dec.o
       128         16          0          0          0         84   _printf_fp_infnan.o
       178          0          0          0          0         88   _printf_intcommon.o
         0          0          0          0          0          0   _printf_percent.o
         4          0          0          0          0          0   _printf_percent_end.o
         6          0          0          0          0          0   _printf_s.o
        82          0          0          0          0         80   _printf_str.o
       228          4        148          0          0         96   bigflt0.o
      1936        128          0          0          0        672   btod.o
        18          0          0          0          0         80   exit.o
         6          0          0          0          0        152   heapauxi.o
         0          0          0          0          0          0   indicate_semi.o
        44         10         28          0          0         76   lc_numeric_c.o
         2          0          0          0          0          0   libinit.o
        22          0          0          0          0          0   libinit2.o
         2          0          0          0          0          0   libshutdown.o
         2          0          0          0          0          0   libshutdown2.o
         8          4          0          0         96         68   libspace.o
       138          0          0          0          0         80   lludiv10.o
       240          0          0          0          0        100   lludivv7m.o
         8          4          0          0          0         68   rt_locale_intlibspace.o
         2          0          0          0          0          0   rtexit.o
        10          0          0          0          0          0   rtexit2.o
       124          0          0          0          0         88   strcmpv7em.o
        12          4          0          0          0         68   sys_exit.o
        74          0          0          0          0         80   sys_stackheap_outer.o
         2          0          0          0          0         68   use_no_semi.o
        98          4          0          0          0        140   d2f.o
       804         16          0          0          0        376   daddsub_clz.o
       688        140          0          0          0        264   ddiv.o
        46          0          0          0          0        116   dflt_clz.o
       340         12          0          0          0        152   dmul.o
       156          4          0          0          0        140   dnaninf.o
        12          0          0          0          0        116   dretinf.o
        86          4          0          0          0        132   f2d.o
       140          4          0          0          0        132   fnaninf.o
        26          0          0          0          0        116   fpinit.o
        10          0          0          0          0        116   fretinf.o
         4          0          0          0          0        116   printf1.o
         0          0          0          0          0          0   usenofp.o
        48          0          0          0          0        124   fpclassify.o

    ----------------------------------------------------------------------
      7114        378        176          0         96       4404   Library Totals
        20          0          0          0          0          0   (incl. Padding)

    ----------------------------------------------------------------------

      Code (inc. data)   RO Data    RW Data    ZI Data      Debug   Library Name

      4636        194        176          0         96       2364   c_w.l
      2410        184          0          0          0       1916   fz_wm.l
        48          0          0          0          0        124   m_wm.l

    ----------------------------------------------------------------------
      7114        378        176          0         96       4404   Library Totals

    ----------------------------------------------------------------------

==============================================================================


      Code (inc. data)   RO Data    RW Data    ZI Data      Debug   

     39424        618       1268         24       4656     380737   Grand Totals
     39424        618       1268         24       4656     380737   ELF Image Totals
     39424        618       1268         24          0          0   ROM Totals

==============================================================================

    Total RO  Size (Code + RO Data)                40692 (  39.74kB)
    Total RW  Size (RW Data + ZI Data)              4680 (   4.57kB)
    Total ROM Size (Code + RO Data + RW Data)      40716 (  39.76kB)

==============================================================================

