Component: ARM Compiler 6.16 Tool: armlink [5dfeaa00]

==============================================================================

Section Cross References

    startup_stm32f405xx.o(STACK) refers (Special) to heapauxi.o(.text) for __use_two_region_memory
    startup_stm32f405xx.o(HEAP) refers (Special) to heapauxi.o(.text) for __use_two_region_memory
    startup_stm32f405xx.o(RESET) refers (Special) to heapauxi.o(.text) for __use_two_region_memory
    startup_stm32f405xx.o(RESET) refers to startup_stm32f405xx.o(STACK) for __initial_sp
    startup_stm32f405xx.o(RESET) refers to startup_stm32f405xx.o(.text) for Reset_Handler
    startup_stm32f405xx.o(RESET) refers to stm32f4xx_it.o(.text.NMI_Handler) for NMI_Handler
    startup_stm32f405xx.o(RESET) refers to stm32f4xx_it.o(.text.HardFault_Handler) for HardFault_Handler
    startup_stm32f405xx.o(RESET) refers to stm32f4xx_it.o(.text.MemManage_Handler) for MemManage_Handler
    startup_stm32f405xx.o(RESET) refers to stm32f4xx_it.o(.text.BusFault_Handler) for BusFault_Handler
    startup_stm32f405xx.o(RESET) refers to stm32f4xx_it.o(.text.UsageFault_Handler) for UsageFault_Handler
    startup_stm32f405xx.o(RESET) refers to stm32f4xx_it.o(.text.SVC_Handler) for SVC_Handler
    startup_stm32f405xx.o(RESET) refers to stm32f4xx_it.o(.text.DebugMon_Handler) for DebugMon_Handler
    startup_stm32f405xx.o(RESET) refers to stm32f4xx_it.o(.text.PendSV_Handler) for PendSV_Handler
    startup_stm32f405xx.o(RESET) refers to stm32f4xx_it.o(.text.SysTick_Handler) for SysTick_Handler
    startup_stm32f405xx.o(RESET) refers to stm32f4xx_it.o(.text.EXTI2_IRQHandler) for EXTI2_IRQHandler
    startup_stm32f405xx.o(RESET) refers to stm32f4xx_it.o(.text.EXTI3_IRQHandler) for EXTI3_IRQHandler
    startup_stm32f405xx.o(RESET) refers to stm32f4xx_it.o(.text.DMA1_Stream2_IRQHandler) for DMA1_Stream2_IRQHandler
    startup_stm32f405xx.o(RESET) refers to stm32f4xx_it.o(.text.ADC_IRQHandler) for ADC_IRQHandler
    startup_stm32f405xx.o(RESET) refers to stm32f4xx_it.o(.text.CAN1_TX_IRQHandler) for CAN1_TX_IRQHandler
    startup_stm32f405xx.o(RESET) refers to stm32f4xx_it.o(.text.CAN1_RX0_IRQHandler) for CAN1_RX0_IRQHandler
    startup_stm32f405xx.o(RESET) refers to stm32f4xx_it.o(.text.CAN1_SCE_IRQHandler) for CAN1_SCE_IRQHandler
    startup_stm32f405xx.o(RESET) refers to stm32f4xx_it.o(.text.TIM1_UP_TIM10_IRQHandler) for TIM1_UP_TIM10_IRQHandler
    startup_stm32f405xx.o(RESET) refers to stm32f4xx_it.o(.text.TIM2_IRQHandler) for TIM2_IRQHandler
    startup_stm32f405xx.o(RESET) refers to stm32f4xx_it.o(.text.TIM3_IRQHandler) for TIM3_IRQHandler
    startup_stm32f405xx.o(RESET) refers to stm32f4xx_it.o(.text.EXTI15_10_IRQHandler) for EXTI15_10_IRQHandler
    startup_stm32f405xx.o(RESET) refers to stm32f4xx_it.o(.text.UART4_IRQHandler) for UART4_IRQHandler
    startup_stm32f405xx.o(RESET) refers to stm32f4xx_it.o(.text.DMA2_Stream0_IRQHandler) for DMA2_Stream0_IRQHandler
    startup_stm32f405xx.o(RESET) refers to stm32f4xx_it.o(.text.FPU_IRQHandler) for FPU_IRQHandler
    startup_stm32f405xx.o(.text) refers (Special) to heapauxi.o(.text) for __use_two_region_memory
    startup_stm32f405xx.o(.text) refers to system_stm32f4xx.o(.text.SystemInit) for SystemInit
    startup_stm32f405xx.o(.text) refers to __main.o(!!!main) for __main
    startup_stm32f405xx.o(.text) refers to startup_stm32f405xx.o(HEAP) for Heap_Mem
    startup_stm32f405xx.o(.text) refers to startup_stm32f405xx.o(STACK) for Stack_Mem
    main.o(.text.main) refers to stm32f4xx_hal.o(.text.HAL_Init) for HAL_Init
    main.o(.text.main) refers to main.o(.text.SystemClock_Config) for SystemClock_Config
    main.o(.text.main) refers to stm32f4xx_hal_gpio.o(.text.HAL_GPIO_WritePin) for HAL_GPIO_WritePin
    main.o(.text.main) refers to stm32f4xx_hal_gpio.o(.text.HAL_GPIO_Init) for HAL_GPIO_Init
    main.o(.text.main) refers to stm32f4xx_hal_cortex.o(.text.HAL_NVIC_SetPriority) for HAL_NVIC_SetPriority
    main.o(.text.main) refers to stm32f4xx_hal_cortex.o(.text.HAL_NVIC_EnableIRQ) for HAL_NVIC_EnableIRQ
    main.o(.text.main) refers to main.o(.bss.hadc1) for hadc1
    main.o(.text.main) refers to stm32f4xx_hal_adc.o(.text.HAL_ADC_Init) for HAL_ADC_Init
    main.o(.text.main) refers to stm32f4xx_hal_adc.o(.text.HAL_ADC_ConfigChannel) for HAL_ADC_ConfigChannel
    main.o(.text.main) refers to main.o(.bss..L_MergedGlobals.3) for .L_MergedGlobals.3
    main.o(.text.main) refers to stm32f4xx_hal_can.o(.text.HAL_CAN_Init) for HAL_CAN_Init
    main.o(.text.main) refers to main.o(.data..L_MergedGlobals) for .L_MergedGlobals
    main.o(.text.main) refers to stm32f4xx_hal_can.o(.text.HAL_CAN_ConfigFilter) for HAL_CAN_ConfigFilter
    main.o(.text.main) refers to main.o(.bss..L_MergedGlobals.1) for .L_MergedGlobals.1
    main.o(.text.main) refers to main.o(.bss.hi2c1) for hi2c1
    main.o(.text.main) refers to stm32f4xx_hal_i2c.o(.text.HAL_I2C_Init) for HAL_I2C_Init
    main.o(.text.main) refers to main.o(.bss.htim1) for htim1
[...]
    __scatterload_copy                       0x080001c5   Thumb Code    26  __scatter_copy.o(!!handler_copy)
    __scatterload_zeroinit                   0x080001e1   Thumb Code    28  __scatter_zi.o(!!handler_zi)
    _printf_f                                0x080001fd   Thumb Code     0  _printf_f.o(.ARM.Collect$$_printf_percent$$00000003)
    _printf_percent                          0x080001fd   Thumb Code     0  _printf_percent.o(.ARM.Collect$$_printf_percent$$00000000)
    _printf_d                                0x08000203   Thumb Code     0  _printf_d.o(.ARM.Collect$$_printf_percent$$00000009)
    _printf_s                                0x08000209   Thumb Code     0  _printf_s.o(.ARM.Collect$$_printf_percent$$00000014)
    _printf_percent_end                      0x0800020f   Thumb Code     0  _printf_percent_end.o(.ARM.Collect$$_printf_percent$$00000017)
    __rt_lib_init                            0x08000213   Thumb Code     0  libinit.o(.ARM.Collect$$libinit$$00000000)
    __rt_lib_init_fp_1                       0x08000215   Thumb Code     0  libinit2.o(.ARM.Collect$$libinit$$00000001)
    __rt_lib_init_heap_1                     0x08000219   Thumb Code     0  libinit2.o(.ARM.Collect$$libinit$$0000000A)
    __rt_lib_init_lc_common                  0x08000219   Thumb Code     0  libinit2.o(.ARM.Collect$$libinit$$0000000F)
    __rt_lib_init_preinit_1                  0x08000219   Thumb Code     0  libinit2.o(.ARM.Collect$$libinit$$00000004)
    __rt_lib_init_rand_1                     0x08000219   Thumb Code     0  libinit2.o(.ARM.Collect$$libinit$$0000000E)
    __rt_lib_init_user_alloc_1               0x08000219   Thumb Code     0  libinit2.o(.ARM.Collect$$libinit$$0000000C)
    __rt_lib_init_lc_collate_1               0x0800021f   Thumb Code     0  libinit2.o(.ARM.Collect$$libinit$$00000011)
    __rt_lib_init_lc_ctype_1                 0x0800021f   Thumb Code     0  libinit2.o(.ARM.Collect$$libinit$$00000013)
    __rt_lib_init_lc_monetary_1              0x0800021f   Thumb Code     0  libinit2.o(.ARM.Collect$$libinit$$00000015)
    __rt_lib_init_lc_numeric_2               0x0800021f   Thumb Code     0  libinit2.o(.ARM.Collect$$libinit$$00000016)
    __rt_lib_init_alloca_1                   0x08000229   Thumb Code     0  libinit2.o(.ARM.Collect$$libinit$$0000002E)
    __rt_lib_init_argv_1                     0x08000229   Thumb Code     0  libinit2.o(.ARM.Collect$$libinit$$0000002C)
    __rt_lib_init_atexit_1                   0x08000229   Thumb Code     0  libinit2.o(.ARM.Collect$$libinit$$0000001B)
    __rt_lib_init_clock_1                    0x08000229   Thumb Code     0  libinit2.o(.ARM.Collect$$libinit$$00000021)
    __rt_lib_init_cpp_1                      0x08000229   Thumb Code     0  libinit2.o(.ARM.Collect$$libinit$$00000032)
    __rt_lib_init_exceptions_1               0x08000229   Thumb Code     0  libinit2.o(.ARM.Collect$$libinit$$00000030)
    __rt_lib_init_fp_trap_1                  0x08000229   Thumb Code     0  libinit2.o(.ARM.Collect$$libinit$$0000001F)
    __rt_lib_init_getenv_1                   0x08000229   Thumb Code     0  libinit2.o(.ARM.Collect$$libinit$$00000023)
    __rt_lib_init_lc_numeric_1               0x08000229   Thumb Code     0  libinit2.o(.ARM.Collect$$libinit$$00000017)
    __rt_lib_init_lc_time_1                  0x08000229   Thumb Code     0  libinit2.o(.ARM.Collect$$libinit$$00000019)
    __rt_lib_init_return                     0x08000229   Thumb Code     0  libinit2.o(.ARM.Collect$$libinit$$00000033)
    __rt_lib_init_signal_1                   0x08000229   Thumb Code     0  libinit2.o(.ARM.Collect$$libinit$$0000001D)
    __rt_lib_init_stdio_1                    0x08000229   Thumb Code     0  libinit2.o(.ARM.Collect$$libinit$$00000025)
    __rt_lib_shutdown                        0x0800022b   Thumb Code     0  libshutdown.o(.ARM.Collect$$libshutdown$$00000000)
    __rt_lib_shutdown_cpp_1                  0x0800022d   Thumb Code     0  libshutdown2.o(.ARM.Collect$$libshutdown$$00000002)
    __rt_lib_shutdown_fp_trap_1              0x0800022d   Thumb Code     0  libshutdown2.o(.ARM.Collect$$libshutdown$$00000007)
    __rt_lib_shutdown_heap_1                 0x0800022d   Thumb Code     0  libshutdown2.o(.ARM.Collect$$libshutdown$$0000000F)
    __rt_lib_shutdown_return                 0x0800022d   Thumb Code     0  libshutdown2.o(.ARM.Collect$$libshutdown$$00000010)
    __rt_lib_shutdown_signal_1               0x0800022d   Thumb Code     0  libshutdown2.o(.ARM.Collect$$libshutdown$$0000000A)
    __rt_lib_shutdown_stdio_1                0x0800022d   Thumb Code     0  libshutdown2.o(.ARM.Collect$$libshutdown$$00000004)
    __rt_lib_shutdown_user_alloc_1           0x0800022d   Thumb Code     0  libshutdown2.o(.ARM.Collect$$libshutdown$$0000000C)
    __rt_entry                               0x0800022f   Thumb Code     0  __rtentry.o(.ARM.Collect$$rtentry$$00000000)
    __rt_entry_presh_1                       0x0800022f   Thumb Code     0  __rtentry2.o(.ARM.Collect$$rtentry$$00000002)
    __rt_entry_sh                            0x0800022f   Thumb Code     0  __rtentry4.o(.ARM.Collect$$rtentry$$00000004)
    __rt_entry_li                            0x08000235   Thumb Code     0  __rtentry2.o(.ARM.Collect$$rtentry$$0000000A)
    __rt_entry_postsh_1                      0x08000235   Thumb Code     0  __rtentry2.o(.ARM.Collect$$rtentry$$00000009)
    __rt_entry_main                          0x08000239   Thumb Code     0  __rtentry2.o(.ARM.Collect$$rtentry$$0000000D)
    __rt_entry_postli_1                      0x08000239   Thumb Code     0  __rtentry2.o(.ARM.Collect$$rtentry$$0000000C)
    __rt_exit                                0x08000241   Thumb Code     0  rtexit.o(.ARM.Collect$$rtexit$$00000000)
    __rt_exit_ls                             0x08000243   Thumb Code     0  rtexit2.o(.ARM.Collect$$rtexit$$00000003)
    __rt_exit_prels_1                        0x08000243   Thumb Code     0  rtexit2.o(.ARM.Collect$$rtexit$$00000002)
    __rt_exit_exit                           0x08000247   Thumb Code     0  rtexit2.o(.ARM.Collect$$rtexit$$00000004)
    Reset_Handler                            0x0800024d   Thumb Code     8  startup_stm32f405xx.o(.text)
    CAN1_RX1_IRQHandler                      0x08000267   Thumb Code     0  startup_stm32f405xx.o(.text)
    CAN2_RX0_IRQHandler                      0x08000267   Thumb Code     0  startup_stm32f405xx.o(.text)
    CAN2_RX1_IRQHandler                      0x08000267   Thumb Code     0  startup_stm32f405xx.o(.text)
    CAN2_SCE_IRQHandler                      0x08000267   Thumb Code     0  startup_stm32f405xx.o(.text)
    CAN2_TX_IRQHandler                       0x08000267   Thumb Code     0  startup_stm32f405xx.o(.text)
    DMA1_Stream0_IRQHandler                  0x08000267   Thumb Code     0  startup_stm32f405xx.o(.text)
    DMA1_Stream1_IRQHandler                  0x08000267   Thumb Code     0  startup_stm32f405xx.o(.text)
    DMA1_Stream3_IRQHandler                  0x08000267   Thumb Code     0  startup_stm32f405xx.o(.text)
    DMA1_Stream4_IRQHandler                  0x08000267   Thumb Code     0  startup_stm32f405xx.o(.text)
    DMA1_Stream5_IRQHandler                  0x08000267   Thumb Code     0  startup_stm32f405xx.o(.text)
    DMA1_Stream6_IRQHandler                  0x08000267   Thumb Code     0  startup_stm32f405xx.o(.text)
    DMA1_Stream7_IRQHandler                  0x08000267   Thumb Code     0  startup_stm32f405xx.o(.text)
    DMA2_Stream1_IRQHandler                  0x08000267   Thumb Code     0  startup_stm32f405xx.o(.text)
    DMA2_Stream2_IRQHandler                  0x08000267   Thumb Code     0  startup_stm32f405xx.o(.text)
    DMA2_Stream3_IRQHandler                  0x08000267   Thumb Code     0  startup_stm32f405xx.o(.text)
    DMA2_Stream4_IRQHandler                  0x08000267   Thumb Code     0  startup_stm32f405xx.o(.text)
    DMA2_Stream5_IRQHandler                  0x08000267   Thumb Code     0  startup_stm32f405xx.o(.text)
    DMA2_Stream6_IRQHandler                  0x08000267   Thumb Code     0  startup_stm32f405xx.o(.text)
    DMA2_Stream7_IRQHandler                  0x08000267   Thumb Code     0  startup_stm32f405xx.o(.text)
    EXTI0_IRQHandler                         0x08000267   Thumb Code     0  startup_stm32f405xx.o(.text)
    EXTI1_IRQHandler                         0x08000267   Thumb Code     0  startup_stm32f405xx.o(.text)
    EXTI4_IRQHandler                         0x08000267   Thumb Code     0  startup_stm32f405xx.o(.text)
    EXTI9_5_IRQHandler                       0x08000267   Thumb Code     0  startup_stm32f405xx.o(.text)
    FLASH_IRQHandler                         0x08000267   Thumb Code     0  startup_stm32f405xx.o(.text)
    FMC_IRQHandler                           0x08000267   Thumb Code     0  startup_stm32f405xx.o(.text)
    HASH_RNG_IRQHandler                      0x08000267   Thumb Code     0  startup_stm32f405xx.o(.text)
    I2C1_ER_IRQHandler                       0x08000267   Thumb Code     0  startup_stm32f405xx.o(.text)
    I2C1_EV_IRQHandler                       0x08000267   Thumb Code     0  startup_stm32f405xx.o(.text)
    I2C2_ER_IRQHandler                       0x08000267   Thumb Code     0  startup_stm32f405xx.o(.text)
    I2C2_EV_IRQHandler                       0x08000267   Thumb Code     0  startup_stm32f405xx.o(.text)
    I2C3_ER_IRQHandler                       0x08000267   Thumb Code     0  startup_stm32f405xx.o(.text)
    I2C3_EV_IRQHandler                       0x08000267   Thumb Code     0  startup_stm32f405xx.o(.text)
    OTG_FS_IRQHandler                        0x08000267   Thumb Code     0  startup_stm32f405xx.o(.text)
    OTG_FS_WKUP_IRQHandler                   0x08000267   Thumb Code     0  startup_stm32f405xx.o(.text)
    OTG_HS_EP1_IN_IRQHandler                 0x08000267   Thumb Code     0  startup_stm32f405xx.o(.text)
    OTG_HS_EP1_OUT_IRQHandler                0x08000267   Thumb Code     0  startup_stm32f405xx.o(.text)
    OTG_HS_IRQHandler                        0x08000267   Thumb Code     0  startup_stm32f405xx.o(.text)
    OTG_HS_WKUP_IRQHandler                   0x08000267   Thumb Code     0  startup_stm32f405xx.o(.text)
    PVD_IRQHandler                           0x08000267   Thumb Code     0  startup_stm32f405xx.o(.text)
    RCC_IRQHandler                           0x08000267   Thumb Code     0  startup_stm32f405xx.o(.text)
    RTC_Alarm_IRQHandler                     0x08000267   Thumb Code     0  startup_stm32f405xx.o(.text)
    RTC_WKUP_IRQHandler                      0x08000267   Thumb Code     0  startup_stm32f405xx.o(.text)
    SDIO_IRQHandler                          0x08000267   Thumb Code     0  startup_stm32f405xx.o(.text)
    SPI1_IRQHandler                          0x08000267   Thumb Code     0  startup_stm32f405xx.o(.text)
    SPI2_IRQHandler                          0x08000267   Thumb Code     0  startup_stm32f405xx.o(.text)
    SPI3_IRQHandler                          0x08000267   Thumb Code     0  startup_stm32f405xx.o(.text)
    TAMP_STAMP_IRQHandler                    0x08000267   Thumb Code     0  startup_stm32f405xx.o(.text)
    TIM1_BRK_TIM9_IRQHandler                 0x08000267   Thumb Code     0  startup_stm32f405xx.o(.text)
    TIM1_CC_IRQHandler                       0x08000267   Thumb Code     0  startup_stm32f405xx.o(.text)
    TIM1_TRG_COM_TIM11_IRQHandler            0x08000267   Thumb Code     0  startup_stm32f405xx.o(.text)
    TIM4_IRQHandler                          0x08000267   Thumb Code     0  startup_stm32f405xx.o(.text)
    TIM5_IRQHandler                          0x08000267   Thumb Code     0  startup_stm32f405xx.o(.text)
    TIM6_DAC_IRQHandler                      0x08000267   Thumb Code     0  startup_stm32f405xx.o(.text)
    TIM7_IRQHandler                          0x08000267   Thumb Code     0  startup_stm32f405xx.o(.text)
    TIM8_BRK_TIM12_IRQHandler                0x08000267   Thumb Code     0  startup_stm32f405xx.o(.text)
    TIM8_CC_IRQHandler                       0x08000267   Thumb Code     0  startup_stm32f405xx.o(.text)
    TIM8_TRG_COM_TIM14_IRQHandler            0x08000267   Thumb Code     0  startup_stm32f405xx.o(.text)
    TIM8_UP_TIM13_IRQHandler                 0x08000267   Thumb Code     0  startup_stm32f405xx.o(.text)
    UART5_IRQHandler                         0x08000267   Thumb Code     0  startup_stm32f405xx.o(.text)
    USART1_IRQHandler                        0x08000267   Thumb Code     0  startup_stm32f405xx.o(.text)
    USART2_IRQHandler                        0x08000267   Thumb Code     0  startup_stm32f405xx.o(.text)
    USART3_IRQHandler                        0x08000267   Thumb Code     0  startup_stm32f405xx.o(.text)
    USART6_IRQHandler                        0x08000267   Thumb Code     0  startup_stm32f405xx.o(.text)
    WWDG_IRQHandler                          0x08000267   Thumb Code     0  startup_stm32f405xx.o(.text)
    __user_initial_stackheap                 0x08000269   Thumb Code     0  startup_stm32f405xx.o(.text)
    __aeabi_uldivmod                         0x0800028d   Thumb Code     0  lludivv7m.o(.text)
    _ll_udiv                                 0x0800028d   Thumb Code   240  lludivv7m.o(.text)
    _printf_str                              0x0800037d   Thumb Code    82  _printf_str.o(.text)
    _printf_int_dec                          0x080003d1   Thumb Code   104  _printf_dec.o(.text)
    __use_two_region_memory                  0x08000449   Thumb Code     2  heapauxi.o(.text)
    __rt_heap_escrow$2region                 0x0800044b   Thumb Code     2  heapauxi.o(.text)
    __rt_heap_expand$2region                 0x0800044d   Thumb Code     2  heapauxi.o(.text)
    _printf_int_common                       0x0800044f   Thumb Code   178  _printf_intcommon.o(.text)
    _printf_fp_dec_real                      0x080006b1   Thumb Code   620  _printf_fp_dec.o(.text)
    _printf_cs_common                        0x0800091d   Thumb Code    20  _printf_char.o(.text)
    _printf_char                             0x08000931   Thumb Code    16  _printf_char.o(.text)
    _printf_string                           0x08000941   Thumb Code     8  _printf_char.o(.text)
    __rt_locale                              0x08000949   Thumb Code     8  rt_locale_intlibspace.o(.text)
    _ll_udiv10                               0x08000951   Thumb Code   138  lludiv10.o(.text)
    _printf_fp_infnan                        0x080009dd   Thumb Code   112  _printf_fp_infnan.o(.text)
    _btod_etento                             0x08000a5d   Thumb Code   224  bigflt0.o(.text)
    __user_libspace                          0x08000b41   Thumb Code     8  libspace.o(.text)
    __user_perproc_libspace                  0x08000b41   Thumb Code     0  libspace.o(.text)
    __user_perthread_libspace                0x08000b41   Thumb Code     0  libspace.o(.text)
    __user_setup_stackheap                   0x08000b49   Thumb Code    74  sys_stackheap_outer.o(.text)
    exit                                     0x08000b93   Thumb Code    18  exit.o(.text)
    strcmp                                   0x08000ba9   Thumb Code   124  strcmpv7em.o(.text)
    _sys_exit                                0x08000c25   Thumb Code     8  sys_exit.o(.text)
    __I$use$semihosting                      0x08000c31   Thumb Code     0  use_no_semi.o(.text)
    __use_no_semihosting_swi                 0x08000c31   Thumb Code     2  use_no_semi.o(.text)
    __semihosting_library_function           0x08000c33   Thumb Code     0  indicate_semi.o(.text)
    ADC_IRQHandler                           0x08000cc1   Thumb Code    12  stm32f4xx_it.o(.text.ADC_IRQHandler)
    BusFault_Handler                         0x08000ccd   Thumb Code     2  stm32f4xx_it.o(.text.BusFault_Handler)
    CAN1_RX0_IRQHandler                      0x08000cd1   Thumb Code    12  stm32f4xx_it.o(.text.CAN1_RX0_IRQHandler)
    CAN1_SCE_IRQHandler                      0x08000cdd   Thumb Code    12  stm32f4xx_it.o(.text.CAN1_SCE_IRQHandler)
    CAN1_TX_IRQHandler                       0x08000ce9   Thumb Code    12  stm32f4xx_it.o(.text.CAN1_TX_IRQHandler)
    DMA1_Stream2_IRQHandler                  0x08000cf5   Thumb Code    12  stm32f4xx_it.o(.text.DMA1_Stream2_IRQHandler)
    DMA2_Stream0_IRQHandler                  0x08000d01   Thumb Code    12  stm32f4xx_it.o(.text.DMA2_Stream0_IRQHandler)
    DebugMon_Handler                         0x08000d0d   Thumb Code     2  stm32f4xx_it.o(.text.DebugMon_Handler)
    EXTI15_10_IRQHandler                     0x08000d11   Thumb Code     8  stm32f4xx_it.o(.text.EXTI15_10_IRQHandler)
    EXTI2_IRQHandler                         0x08000d19   Thumb Code     6  stm32f4xx_it.o(.text.EXTI2_IRQHandler)
    EXTI3_IRQHandler                         0x08000d21   Thumb Code     6  stm32f4xx_it.o(.text.EXTI3_IRQHandler)
    Error_Handler                            0x08000d29   Thumb Code     6  main.o(.text.Error_Handler)
    FPU_IRQHandler                           0x08000d31   Thumb Code     2  stm32f4xx_it.o(.text.FPU_IRQHandler)
    HAL_ADCEx_InjectedConvCpltCallback       0x08000d35   Thumb Code     2  stm32f4xx_hal_adc_ex.o(.text.HAL_ADCEx_InjectedConvCpltCallback)
    HAL_ADC_ConfigChannel                    0x08000d39   Thumb Code   412  stm32f4xx_hal_adc.o(.text.HAL_ADC_ConfigChannel)
    HAL_ADC_ConvCpltCallback                 0x08000ed5   Thumb Code     2  stm32f4xx_hal_adc.o(.text.HAL_ADC_ConvCpltCallback)
    HAL_ADC_ConvHalfCpltCallback             0x08000ed9   Thumb Code     2  stm32f4xx_hal_adc.o(.text.HAL_ADC_ConvHalfCpltCallback)
    HAL_ADC_ErrorCallback                    0x08000edd   Thumb Code     2  stm32f4xx_hal_adc.o(.text.HAL_ADC_ErrorCallback)
    HAL_ADC_IRQHandler                       0x08000ee1   Thumb Code   402  stm32f4xx_hal_adc.o(.text.HAL_ADC_IRQHandler)
    HAL_ADC_Init                             0x08001075   Thumb Code   926  stm32f4xx_hal_adc.o(.text.HAL_ADC_Init)
    HAL_ADC_LevelOutOfWindowCallback         0x08001415   Thumb Code     2  stm32f4xx_hal_adc.o(.text.HAL_ADC_LevelOutOfWindowCallback)
    HAL_ADC_MspInit                          0x08001419   Thumb Code   270  stm32f4xx_hal_msp.o(.text.HAL_ADC_MspInit)
    HAL_ADC_Start_DMA                        0x08001529   Thumb Code   484  stm32f4xx_hal_adc.o(.text.HAL_ADC_Start_DMA)
    HAL_CAN_ActivateNotification             0x0800170d   Thumb Code    78  stm32f4xx_hal_can.o(.text.HAL_CAN_ActivateNotification)
    HAL_CAN_AddTxMessage                     0x0800175d   Thumb Code   330  stm32f4xx_hal_can.o(.text.HAL_CAN_AddTxMessage)
    HAL_CAN_ConfigFilter                     0x080018a9   Thumb Code   528  stm32f4xx_hal_can.o(.text.HAL_CAN_ConfigFilter)
    HAL_CAN_ErrorCallback                    0x08001ab9   Thumb Code     2  stm32f4xx_hal_can.o(.text.HAL_CAN_ErrorCallback)
    HAL_CAN_GetError                         0x08001abd   Thumb Code     4  stm32f4xx_hal_can.o(.text.HAL_CAN_GetError)
    HAL_CAN_GetRxMessage                     0x08001ac1   Thumb Code   348  stm32f4xx_hal_can.o(.text.HAL_CAN_GetRxMessage)
    HAL_CAN_IRQHandler                       0x08001c1d   Thumb Code   606  stm32f4xx_hal_can.o(.text.HAL_CAN_IRQHandler)
    HAL_CAN_Init                             0x08001e7d   Thumb Code   612  stm32f4xx_hal_can.o(.text.HAL_CAN_Init)
    HAL_CAN_MspInit                          0x080020e1   Thumb Code   156  stm32f4xx_hal_msp.o(.text.HAL_CAN_MspInit)
    HAL_CAN_RxFifo0FullCallback              0x0800217d   Thumb Code     2  stm32f4xx_hal_can.o(.text.HAL_CAN_RxFifo0FullCallback)
    HAL_CAN_RxFifo0MsgPendingCallback        0x08002181   Thumb Code    56  communication.o(.text.HAL_CAN_RxFifo0MsgPendingCallback)
    HAL_CAN_RxFifo1FullCallback              0x080021b9   Thumb Code     2  stm32f4xx_hal_can.o(.text.HAL_CAN_RxFifo1FullCallback)
    HAL_CAN_RxFifo1MsgPendingCallback        0x080021bd   Thumb Code     2  stm32f4xx_hal_can.o(.text.HAL_CAN_RxFifo1MsgPendingCallback)
    HAL_CAN_SleepCallback                    0x080021c1   Thumb Code     2  stm32f4xx_hal_can.o(.text.HAL_CAN_SleepCallback)
    HAL_CAN_Start                            0x080021c5   Thumb Code    90  stm32f4xx_hal_can.o(.text.HAL_CAN_Start)
    HAL_CAN_TxMailbox0AbortCallback          0x08002221   Thumb Code     2  stm32f4xx_hal_can.o(.text.HAL_CAN_TxMailbox0AbortCallback)
    HAL_CAN_TxMailbox0CompleteCallback       0x08002225   Thumb Code     2  stm32f4xx_hal_can.o(.text.HAL_CAN_TxMailbox0CompleteCallback)
    HAL_CAN_TxMailbox1AbortCallback          0x08002229   Thumb Code     2  stm32f4xx_hal_can.o(.text.HAL_CAN_TxMailbox1AbortCallback)
    HAL_CAN_TxMailbox1CompleteCallback       0x0800222d   Thumb Code     2  stm32f4xx_hal_can.o(.text.HAL_CAN_TxMailbox1CompleteCallback)
    HAL_CAN_TxMailbox2AbortCallback          0x08002231   Thumb Code     2  stm32f4xx_hal_can.o(.text.HAL_CAN_TxMailbox2AbortCallback)
    HAL_CAN_TxMailbox2CompleteCallback       0x08002235   Thumb Code     2  stm32f4xx_hal_can.o(.text.HAL_CAN_TxMailbox2CompleteCallback)
    HAL_CAN_WakeUpFromRxMsgCallback          0x08002239   Thumb Code     2  stm32f4xx_hal_can.o(.text.HAL_CAN_WakeUpFromRxMsgCallback)
    HAL_DAC_ConfigChannel                    0x0800223d   Thumb Code   196  stm32f4xx_hal_dac.o(.text.HAL_DAC_ConfigChannel)
    HAL_DAC_Init                             0x08002301   Thumb Code    70  stm32f4xx_hal_dac.o(.text.HAL_DAC_Init)
    HAL_DAC_MspInit                          0x08002349   Thumb Code   100  stm32f4xx_hal_msp.o(.text.HAL_DAC_MspInit)
    HAL_DAC_SetValue                         0x080023ad   Thumb Code   146  stm32f4xx_hal_dac.o(.text.HAL_DAC_SetValue)
    HAL_DAC_Start                            0x08002441   Thumb Code   118  stm32f4xx_hal_dac.o(.text.HAL_DAC_Start)
    HAL_DMA_Abort                            0x080024b9   Thumb Code   146  stm32f4xx_hal_dma.o(.text.HAL_DMA_Abort)
    HAL_DMA_Abort_IT                         0x0800254d   Thumb Code    36  stm32f4xx_hal_dma.o(.text.HAL_DMA_Abort_IT)
    HAL_DMA_IRQHandler                       0x08002571   Thumb Code   448  stm32f4xx_hal_dma.o(.text.HAL_DMA_IRQHandler)
    HAL_DMA_Init                             0x08002731   Thumb Code  1066  stm32f4xx_hal_dma.o(.text.HAL_DMA_Init)
    HAL_DMA_Start_IT                         0x08002b5d   Thumb Code   160  stm32f4xx_hal_dma.o(.text.HAL_DMA_Start_IT)
    HAL_Delay                                0x08002bfd   Thumb Code    40  stm32f4xx_hal.o(.text.HAL_Delay)
    HAL_GPIO_EXTI_Callback                   0x08002c25   Thumb Code     2  stm32f4xx_hal_gpio.o(.text.HAL_GPIO_EXTI_Callback)
    HAL_GPIO_EXTI_IRQHandler                 0x08002c29   Thumb Code    22  stm32f4xx_hal_gpio.o(.text.HAL_GPIO_EXTI_IRQHandler)
    HAL_GPIO_Init                            0x08002c41   Thumb Code   704  stm32f4xx_hal_gpio.o(.text.HAL_GPIO_Init)
    HAL_GPIO_ReadPin                         0x08002f41   Thumb Code    34  stm32f4xx_hal_gpio.o(.text.HAL_GPIO_ReadPin)
    HAL_GPIO_TogglePin                       0x08002f65   Thumb Code    42  stm32f4xx_hal_gpio.o(.text.HAL_GPIO_TogglePin)
    HAL_GPIO_WritePin                        0x08002f91   Thumb Code    68  stm32f4xx_hal_gpio.o(.text.HAL_GPIO_WritePin)
    HAL_GetTick                              0x08002fd5   Thumb Code    12  stm32f4xx_hal.o(.text.HAL_GetTick)
    HAL_I2C_Init                             0x08002fe1   Thumb Code   734  stm32f4xx_hal_i2c.o(.text.HAL_I2C_Init)
    HAL_I2C_MspInit                          0x080032c1   Thumb Code   108  stm32f4xx_hal_msp.o(.text.HAL_I2C_MspInit)
    HAL_IncTick                              0x0800332d   Thumb Code    26  stm32f4xx_hal.o(.text.HAL_IncTick)
    HAL_Init                                 0x08003349   Thumb Code    54  stm32f4xx_hal.o(.text.HAL_Init)
    HAL_InitTick                             0x08003381   Thumb Code    72  stm32f4xx_hal.o(.text.HAL_InitTick)
    HAL_MspInit                              0x080033c9   Thumb Code    76  stm32f4xx_hal_msp.o(.text.HAL_MspInit)
    HAL_MultiProcessor_Init                  0x08003415   Thumb Code   366  stm32f4xx_hal_uart.o(.text.HAL_MultiProcessor_Init)
    HAL_NVIC_EnableIRQ                       0x08003585   Thumb Code    54  stm32f4xx_hal_cortex.o(.text.HAL_NVIC_EnableIRQ)
    HAL_NVIC_SetPriority                     0x080035bd   Thumb Code   128  stm32f4xx_hal_cortex.o(.text.HAL_NVIC_SetPriority)
    HAL_NVIC_SetPriorityGrouping             0x0800363d   Thumb Code    56  stm32f4xx_hal_cortex.o(.text.HAL_NVIC_SetPriorityGrouping)
    HAL_RCC_ClockConfig                      0x08003675   Thumb Code   548  stm32f4xx_hal_rcc.o(.text.HAL_RCC_ClockConfig)
    HAL_RCC_GetPCLK1Freq                     0x08003899   Thumb Code    38  stm32f4xx_hal_rcc.o(.text.HAL_RCC_GetPCLK1Freq)
    HAL_RCC_GetPCLK2Freq                     0x080038c1   Thumb Code    38  stm32f4xx_hal_rcc.o(.text.HAL_RCC_GetPCLK2Freq)
    HAL_RCC_GetSysClockFreq                  0x080038e9   Thumb Code   108  stm32f4xx_hal_rcc.o(.text.HAL_RCC_GetSysClockFreq)
    HAL_RCC_OscConfig                        0x08003955   Thumb Code  1306  stm32f4xx_hal_rcc.o(.text.HAL_RCC_OscConfig)
    HAL_SYSTICK_Config                       0x08003e71   Thumb Code    44  stm32f4xx_hal_cortex.o(.text.HAL_SYSTICK_Config)
    HAL_TIMEx_BreakCallback                  0x08003e9d   Thumb Code     2  stm32f4xx_hal_tim_ex.o(.text.HAL_TIMEx_BreakCallback)
    HAL_TIMEx_CommutCallback                 0x08003ea1   Thumb Code     2  stm32f4xx_hal_tim_ex.o(.text.HAL_TIMEx_CommutCallback)
    HAL_TIMEx_ConfigBreakDeadTime            0x08003ea5   Thumb Code   390  stm32f4xx_hal_tim_ex.o(.text.HAL_TIMEx_ConfigBreakDeadTime)
    HAL_TIMEx_MasterConfigSynchronization    0x0800402d   Thumb Code   398  stm32f4xx_hal_tim_ex.o(.text.HAL_TIMEx_MasterConfigSynchronization)
    HAL_TIM_Base_Init                        0x080041bd   Thumb Code   498  stm32f4xx_hal_tim.o(.text.HAL_TIM_Base_Init)
    HAL_TIM_Base_MspInit                     0x080043b1   Thumb Code   116  stm32f4xx_hal_msp.o(.text.HAL_TIM_Base_MspInit)
    HAL_TIM_Base_Start_IT                    0x08004425   Thumb Code   402  stm32f4xx_hal_tim.o(.text.HAL_TIM_Base_Start_IT)
    HAL_TIM_ConfigClockSource                0x080045b9   Thumb Code  1948  stm32f4xx_hal_tim.o(.text.HAL_TIM_ConfigClockSource)
    HAL_TIM_Encoder_Init                     0x08004d55   Thumb Code   810  stm32f4xx_hal_tim.o(.text.HAL_TIM_Encoder_Init)
    HAL_TIM_Encoder_MspInit                  0x08005081   Thumb Code   120  stm32f4xx_hal_msp.o(.text.HAL_TIM_Encoder_MspInit)
    HAL_TIM_IC_CaptureCallback               0x080050f9   Thumb Code     2  stm32f4xx_hal_tim.o(.text.HAL_TIM_IC_CaptureCallback)
    HAL_TIM_IRQHandler                       0x080050fd   Thumb Code   316  stm32f4xx_hal_tim.o(.text.HAL_TIM_IRQHandler)
    HAL_TIM_MspPostInit                      0x08005239   Thumb Code    82  stm32f4xx_hal_msp.o(.text.HAL_TIM_MspPostInit)
    HAL_TIM_OC_DelayElapsedCallback          0x0800528d   Thumb Code     2  stm32f4xx_hal_tim.o(.text.HAL_TIM_OC_DelayElapsedCallback)
    HAL_TIM_PWM_ConfigChannel                0x08005291   Thumb Code   976  stm32f4xx_hal_tim.o(.text.HAL_TIM_PWM_ConfigChannel)
    HAL_TIM_PWM_Init                         0x08005661   Thumb Code   498  stm32f4xx_hal_tim.o(.text.HAL_TIM_PWM_Init)
    HAL_TIM_PWM_MspInit                      0x08005855   Thumb Code     2  stm32f4xx_hal_tim.o(.text.HAL_TIM_PWM_MspInit)
    HAL_TIM_PWM_PulseFinishedCallback        0x08005859   Thumb Code     2  stm32f4xx_hal_tim.o(.text.HAL_TIM_PWM_PulseFinishedCallback)
    HAL_TIM_PWM_Start                        0x0800585d   Thumb Code   482  stm32f4xx_hal_tim.o(.text.HAL_TIM_PWM_Start)
    HAL_TIM_PeriodElapsedCallback            0x08005a41   Thumb Code   102  timer_appfcn.o(.text.HAL_TIM_PeriodElapsedCallback)
    HAL_TIM_TriggerCallback                  0x08005aa9   Thumb Code     2  stm32f4xx_hal_tim.o(.text.HAL_TIM_TriggerCallback)
    HAL_UARTEx_ReceiveToIdle_DMA             0x08005aad   Thumb Code   486  stm32f4xx_hal_uart.o(.text.HAL_UARTEx_ReceiveToIdle_DMA)
    HAL_UARTEx_RxEventCallback               0x08005c95   Thumb Code   178  usart_appfcn.o(.text.HAL_UARTEx_RxEventCallback)
    HAL_UART_ErrorCallback                   0x08005d49   Thumb Code     2  stm32f4xx_hal_uart.o(.text.HAL_UART_ErrorCallback)
    HAL_UART_IRQHandler                      0x08005d4d   Thumb Code  1406  stm32f4xx_hal_uart.o(.text.HAL_UART_IRQHandler)
    HAL_UART_Init                            0x080062cd   Thumb Code   390  stm32f4xx_hal_uart.o(.text.HAL_UART_Init)
    HAL_UART_MspInit                         0x08006455   Thumb Code   356  stm32f4xx_hal_msp.o(.text.HAL_UART_MspInit)
    HAL_UART_Receive_IT                      0x080065b9   Thumb Code    82  stm32f4xx_hal_uart.o(.text.HAL_UART_Receive_IT)
    HAL_UART_RxCpltCallback                  0x0800660d   Thumb Code    42  usart_appfcn.o(.text.HAL_UART_RxCpltCallback)
    HAL_UART_RxHalfCpltCallback              0x08006639   Thumb Code     2  stm32f4xx_hal_uart.o(.text.HAL_UART_RxHalfCpltCallback)
    HAL_UART_TxCpltCallback                  0x0800663d   Thumb Code     2  stm32f4xx_hal_uart.o(.text.HAL_UART_TxCpltCallback)
    HardFault_Handler                        0x08006641   Thumb Code     2  stm32f4xx_it.o(.text.HardFault_Handler)
    MemManage_Handler                        0x08006645   Thumb Code     2  stm32f4xx_it.o(.text.MemManage_Handler)
    NMI_Handler                              0x08006649   Thumb Code     2  stm32f4xx_it.o(.text.NMI_Handler)
    PendSV_Handler                           0x0800664d   Thumb Code     2  stm32f4xx_it.o(.text.PendSV_Handler)
    RS485_Init                               0x08006651   Thumb Code    52  usart_appfcn.o(.text.RS485_Init)
    SVC_Handler                              0x08006685   Thumb Code     2  stm32f4xx_it.o(.text.SVC_Handler)
    SysTick_Handler                          0x08006689   Thumb Code     4  stm32f4xx_it.o(.text.SysTick_Handler)
    SystemClock_Config                       0x0800668d   Thumb Code   168  main.o(.text.SystemClock_Config)
    SystemInit                               0x08006735   Thumb Code    18  system_stm32f4xx.o(.text.SystemInit)
    TIM1_UP_TIM10_IRQHandler                 0x08006749   Thumb Code    12  stm32f4xx_it.o(.text.TIM1_UP_TIM10_IRQHandler)
    TIM2_IRQHandler                          0x08006755   Thumb Code    12  stm32f4xx_it.o(.text.TIM2_IRQHandler)
    TIM3_IRQHandler                          0x08006761   Thumb Code    12  stm32f4xx_it.o(.text.TIM3_IRQHandler)
    TIM_Base_SetConfig                       0x0800676d   Thumb Code   332  stm32f4xx_hal_tim.o(.text.TIM_Base_SetConfig)
    TIM_CCxChannelCmd                        0x080068b9   Thumb Code   258  stm32f4xx_hal_tim.o(.text.TIM_CCxChannelCmd)
    TIM_OC2_SetConfig                        0x08006a91   Thumb Code   220  stm32f4xx_hal_tim.o(.text.TIM_OC2_SetConfig)
    Torque_control                           0x08006c49   Thumb Code   780  machinecontrol.o(.text.Torque_control)
    UART4_IRQHandler                         0x08006f55   Thumb Code    12  stm32f4xx_it.o(.text.UART4_IRQHandler)
    UsageFault_Handler                       0x080074c5   Thumb Code     2  stm32f4xx_it.o(.text.UsageFault_Handler)
    assert_failed                            0x080074c9   Thumb Code     2  main.o(.text.assert_failed)
    fLPF_Run                                 0x080074cd   Thumb Code    82  filter.o(.text.fLPF_Run)
    fPI_Run                                  0x08007521   Thumb Code   224  pid.o(.text.fPI_Run)
    main                                     0x08007601   Thumb Code  2308  main.o(.text.main)
    send_data_can                            0x08007f05   Thumb Code    70  communication.o(.text.send_data_can)
    user_pwm_Enable                          0x08007f4d   Thumb Code    42  timer_appfcn.o(.text.user_pwm_Enable)
    user_pwm_init                            0x08007f79   Thumb Code    88  timer_appfcn.o(.text.user_pwm_init)
    user_pwm_setvalue                        0x08007fd1   Thumb Code   260  timer_appfcn.o(.text.user_pwm_setvalue)
    vAdc_DataInit                            0x080080d5   Thumb Code    86  analog_io.o(.text.vAdc_DataInit)
    vAdc_Data_Handle                         0x0800812d   Thumb Code   292  analog_io.o(.text.vAdc_Data_Handle)
    vDAC_CH1_IaWrite                         0x08008251   Thumb Code   232  analog_io.o(.text.vDAC_CH1_IaWrite)
    vDAC_Init                                0x08008339   Thumb Code    48  analog_io.o(.text.vDAC_Init)
    vDIO_Init                                0x08008369   Thumb Code    58  digital_io.o(.text.vDIO_Init)
    vDIO_Task_Handle                         0x080083a5   Thumb Code   130  machinecontrol.o(.text.vDIO_Task_Handle)
    vDI_Scan                                 0x08008429   Thumb Code   184  digital_io.o(.text.vDI_Scan)
    vLPF_Init                                0x080084e1   Thumb Code   192  filter.o(.text.vLPF_Init)
    vMachineParameterConfig                  0x080085a1   Thumb Code   184  machinecontrol.o(.text.vMachineParameterConfig)
    vNEXTION_Init                            0x08008659   Thumb Code    14  nextion.o(.text.vNEXTION_Init)
    vPI_Init                                 0x08008669   Thumb Code   108  pid.o(.text.vPI_Init)
    vQEI_Config                              0x080086d5   Thumb Code    92  qei.o(.text.vQEI_Config)
    vRPM_Cal                                 0x08008731   Thumb Code   160  qei.o(.text.vRPM_Cal)
    vRamp_Config                             0x080087d1   Thumb Code    92  analog_io.o(.text.vRamp_Config)
    vStateMachineConfig                      0x0800882d   Thumb Code   276  machinecontrol.o(.text.vStateMachineConfig)
    vTim_Scan                                0x08008941   Thumb Code   200  timer_appfcn.o(.text.vTim_Scan)
    vTim_Start                               0x08008a09   Thumb Code    26  timer_appfcn.o(.text.vTim_Start)
    vUsart_DataInit                          0x08008a25   Thumb Code     2  usart_appfcn.o(.text.vUsart_DataInit)
    _btod_d2e                                0x08008a27   Thumb Code    62  btod.o(CL$$btod_d2e)
    _d2e_denorm_low                          0x08008a65   Thumb Code    70  btod.o(CL$$btod_d2e_denorm_low)
    _d2e_norm_op1                            0x08008aab   Thumb Code    96  btod.o(CL$$btod_d2e_norm_op1)
    __btod_div_common                        0x08008b0d   Thumb Code   696  btod.o(CL$$btod_div_common)
    _e2e                                     0x08008e45   Thumb Code   220  btod.o(CL$$btod_e2e)
    _btod_ediv                               0x08008f21   Thumb Code    42  btod.o(CL$$btod_ediv)
    _btod_emul                               0x08008f4b   Thumb Code    42  btod.o(CL$$btod_emul)
    __btod_mult_common                       0x08008f75   Thumb Code   580  btod.o(CL$$btod_mult_common)
    __ARM_fpclassify                         0x080091b9   Thumb Code    48  fpclassify.o(i.__ARM_fpclassify)
    _get_lc_numeric                          0x080091e9   Thumb Code    44  lc_numeric_c.o(locale$$code)
    __aeabi_d2f                              0x08009215   Thumb Code     0  d2f.o(x$fpl$d2f)
    _d2f                                     0x08009215   Thumb Code    98  d2f.o(x$fpl$d2f)
    __aeabi_dadd                             0x08009279   Thumb Code     0  daddsub_clz.o(x$fpl$dadd)
    _dadd                                    0x08009279   Thumb Code   332  daddsub_clz.o(x$fpl$dadd)
    __aeabi_ddiv                             0x080093c9   Thumb Code     0  ddiv.o(x$fpl$ddiv)
    _ddiv                                    0x080093c9   Thumb Code   556  ddiv.o(x$fpl$ddiv)
    __aeabi_i2d                              0x0800967d   Thumb Code     0  dflt_clz.o(x$fpl$dflt)
    _dflt                                    0x0800967d   Thumb Code    46  dflt_clz.o(x$fpl$dflt)
    __aeabi_ui2d                             0x080096ab   Thumb Code     0  dflt_clz.o(x$fpl$dfltu)
    _dfltu                                   0x080096ab   Thumb Code    38  dflt_clz.o(x$fpl$dfltu)
    __aeabi_dmul                             0x080096d1   Thumb Code     0  dmul.o(x$fpl$dmul)
    _dmul                                    0x080096d1   Thumb Code   332  dmul.o(x$fpl$dmul)
    __fpl_dnaninf                            0x08009825   Thumb Code   156  dnaninf.o(x$fpl$dnaninf)
    __fpl_dretinf                            0x080098c1   Thumb Code    12  dretinf.o(x$fpl$dretinf)
    __aeabi_dsub                             0x080098cd   Thumb Code     0  daddsub_clz.o(x$fpl$dsub)
    _dsub                                    0x080098cd   Thumb Code   472  daddsub_clz.o(x$fpl$dsub)
    __aeabi_f2d                              0x08009aa9   Thumb Code     0  f2d.o(x$fpl$f2d)
    _f2d                                     0x08009aa9   Thumb Code    86  f2d.o(x$fpl$f2d)
    __fpl_fnaninf                            0x08009aff   Thumb Code   140  fnaninf.o(x$fpl$fnaninf)
    _fp_init                                 0x08009b8b   Thumb Code    26  fpinit.o(x$fpl$fpinit)
    __fplib_config_fpu_vfp                   0x08009ba3   Thumb Code     0  fpinit.o(x$fpl$fpinit)
    __fplib_config_pureend_doubles           0x08009ba3   Thumb Code     0  fpinit.o(x$fpl$fpinit)
    __fpl_fretinf                            0x08009ba5   Thumb Code    10  fretinf.o(x$fpl$fretinf)
    _printf_fp_dec                           0x08009baf   Thumb Code     4  printf1.o(x$fpl$printf1)
    __I$use$fp                               0x08009bb2   Number         0  usenofp.o(x$fpl$usenofp)
    AHBPrescTable                            0x08009c48   Data          16  system_stm32f4xx.o(.rodata.AHBPrescTable)
    APBPrescTable                            0x08009c58   Data           8  system_stm32f4xx.o(.rodata.APBPrescTable)
    f_Gear_Ratio                             0x08009c68   Data           4  main.o(.rodata.f_Gear_Ratio)
    f_Vbus_Nom                               0x08009c6c   Data           4  main.o(.rodata.f_Vbus_Nom)
    f_base_Ts                                0x08009c70   Data           4  main.o(.rodata.f_base_Ts)
    Region$$Table$$Base                      0x08009ee4   Number         0  anon$$obj.o(Region$$Table)
    Region$$Table$$Limit                     0x08009f04   Number         0  anon$$obj.o(Region$$Table)
    ID_CAN                                   0x20000000   Data           1  main.o(.data..L_MergedGlobals)
    f_Ti_Spd                                 0x20000004   Data           4  main.o(.data..L_MergedGlobals)
    f_Ti_Ia                                  0x20000008   Data           4  main.o(.data..L_MergedGlobals)
    uwTickFreq                               0x2000000c   Data           1  stm32f4xx_hal.o(.data..L_MergedGlobals)
    uwTickPrio                               0x20000010   Data           4  stm32f4xx_hal.o(.data..L_MergedGlobals)
    SystemCoreClock                          0x20000014   Data           4  system_stm32f4xx.o(.data.SystemCoreClock)
    __libspace_start                         0x20000018   Data          96  libspace.o(.bss)
    RxData                                   0x20000078   Data           8  communication.o(.bss..L_MergedGlobals)
    __temporary_stack_top$libspace           0x20000078   Data           0  libspace.o(.bss)
    converter                                0x20000080   Data           8  communication.o(.bss..L_MergedGlobals)
    CAN_1                                    0x20000088   Data           8  communication.o(.bss..L_MergedGlobals)
    tim10msTick                              0x200000a4   Data           2  main.o(.bss..L_MergedGlobals.1)
    hdac                                     0x200000a8   Data          20  main.o(.bss..L_MergedGlobals.1)
    TxHeader                                 0x200000bc   Data          24  main.o(.bss..L_MergedGlobals.1)
    PWM_Var                                  0x200000d4   Data          28  main.o(.bss..L_MergedGlobals.1)
    stRamp_SpdSP                             0x200000f0   Data          36  main.o(.bss..L_MergedGlobals.1)
    stRamp_VaSP                              0x20000114   Data          36  main.o(.bss..L_MergedGlobals.2)
    stRamp_IaSP                              0x20000138   Data          36  main.o(.bss..L_MergedGlobals.2)
    stDAC_Var                                0x2000015c   Data          40  main.o(.bss..L_MergedGlobals.2)
    hcan1                                    0x20000184   Data          40  main.o(.bss..L_MergedGlobals.3)
    st_LPF_EsSpd                             0x200001ac   Data          48  main.o(.bss..L_MergedGlobals.3)
    st_LPF_Vbus                              0x200001dc   Data          48  main.o(.bss..L_MergedGlobals.4)
    st_LPF_SpdSP                             0x2000020c   Data          48  main.o(.bss..L_MergedGlobals.4)
    st_LPF_dotIa                             0x2000023c   Data          48  main.o(.bss..L_MergedGlobals.5)
    st_LPF_IaSP                              0x2000026c   Data          48  main.o(.bss..L_MergedGlobals.5)
    st_LPF_Ia                                0x2000029c   Data          48  main.o(.bss..L_MergedGlobals.6)
    st_LPF_AD_Ia_Offset                      0x200002cc   Data          48  main.o(.bss..L_MergedGlobals.6)
    stQEI_Var                                0x20000300   Data          56  main.o(.bss..L_MergedGlobals.7)
    stPI_Speed                               0x20000338   Data          64  main.o(.bss..L_MergedGlobals.7)
    ADC_CH1                                  0x20000378   Data          12  main.o(.bss.ADC_CH1)
    DI_Objt                                  0x20000384   Data          24  main.o(.bss.DI_Objt)
    NEXVar                                   0x200003a0   Data         300  main.o(.bss.NEXVar)
    N_Round                                  0x200004d0   Data           8  main.o(.bss.N_Round)
    RxHeader                                 0x200004d8   Data          28  main.o(.bss.RxHeader)
    SP_Var                                   0x200004f4   Data         112  main.o(.bss.SP_Var)
    Tim_10ms                                 0x20000564   Data         200  main.o(.bss.Tim_10ms)
    TxData                                   0x20000630   Data           8  communication.o(.bss.TxData)
    TxMailbox                                0x20000638   Data           4  main.o(.bss.TxMailbox)
    adc_Objt_var                             0x2000063c   Data         112  main.o(.bss.adc_Objt_var)
    hadc1                                    0x200006ac   Data          72  main.o(.bss.hadc1)
    hdma_adc1                                0x200006f4   Data          96  main.o(.bss.hdma_adc1)
    hdma_uart4_rx                            0x20000754   Data          96  main.o(.bss.hdma_uart4_rx)
    hi2c1                                    0x200007b4   Data          84  main.o(.bss.hi2c1)
    htim1                                    0x20000808   Data          72  main.o(.bss.htim1)
    htim2                                    0x20000850   Data          72  main.o(.bss.htim2)
    htim3                                    0x20000898   Data          72  main.o(.bss.htim3)
    huart4                                   0x200008e0   Data          72  main.o(.bss.huart4)
    huart5                                   0x20000928   Data          72  main.o(.bss.huart5)
    stMControl_Var                           0x20000970   Data         148  main.o(.bss.stMControl_Var)
    stMachine_Var                            0x20000a04   Data          72  main.o(.bss.stMachine_Var)
    stPI_Ia                                  0x20000a4c   Data          64  main.o(.bss.stPI_Ia)
    usart4_Rx                                0x20000a8c   Data         214  main.o(.bss.usart4_Rx)
    usart5_Rx                                0x20000b62   Data         214  main.o(.bss.usart5_Rx)
    uwTick                                   0x20000c38   Data           4  stm32f4xx_hal.o(.bss.uwTick)



==============================================================================

Memory Map of the image

  Image Entry point : 0x08000189

  Load Region LR_IROM1 (Base: 0x08000000, Size: 0x00009f38, Max: 0x00100000, ABSOLUTE)

    Execution Region ER_IROM1 (Exec base: 0x08000000, Load base: 0x08000000, Size: 0x00009f20, Max: 0x00100000, ABSOLUTE)

    Exec Addr    Load Addr    Size         Type   Attr      Idx    E Section Name        Object

    0x08000000   0x08000000   0x00000188   Data   RO            3    RESET               startup_stm32f405xx.o
    0x08000188   0x08000188   0x00000008   Code   RO         1693  * !!!main             c_w.l(__main.o)
    0x08000190   0x08000190   0x00000034   Code   RO         2101    !!!scatter          c_w.l(__scatter.o)
    0x080001c4   0x080001c4   0x0000001a   Code   RO         2103    !!handler_copy      c_w.l(__scatter_copy.o)
    0x080001de   0x080001de   0x00000002   PAD
    0x080001e0   0x080001e0   0x0000001c   Code   RO         2105    !!handler_zi        c_w.l(__scatter_zi.o)
    0x080001fc   0x080001fc   0x00000000   Code   RO         1688    .ARM.Collect$$_printf_percent$$00000000  c_w.l(_printf_percent.o)
    0x080001fc   0x080001fc   0x00000006   Code   RO         1687    .ARM.Collect$$_printf_percent$$00000003  c_w.l(_printf_f.o)
    0x08000202   0x08000202   0x00000006   Code   RO         1686    .ARM.Collect$$_printf_percent$$00000009  c_w.l(_printf_d.o)
    0x08000208   0x08000208   0x00000006   Code   RO         1685    .ARM.Collect$$_printf_percent$$00000014  c_w.l(_printf_s.o)
    0x0800020e   0x0800020e   0x00000004   Code   RO         1752    .ARM.Collect$$_printf_percent$$00000017  c_w.l(_printf_percent_end.o)
    0x08000212   0x08000212   0x00000002   Code   RO         1902    .ARM.Collect$$libinit$$00000000  c_w.l(libinit.o)
    0x08000214   0x08000214   0x00000004   Code   RO         1903    .ARM.Collect$$libinit$$00000001  c_w.l(libinit2.o)
    0x08000218   0x08000218   0x00000000   Code   RO         1906    .ARM.Collect$$libinit$$00000004  c_w.l(libinit2.o)
    0x08000218   0x08000218   0x00000000   Code   RO         1909    .ARM.Collect$$libinit$$0000000A  c_w.l(libinit2.o)
    0x08000218   0x08000218   0x00000000   Code   RO         1911    .ARM.Collect$$libinit$$0000000C  c_w.l(libinit2.o)
    0x08000218   0x08000218   0x00000000   Code   RO         1913    .ARM.Collect$$libinit$$0000000E  c_w.l(libinit2.o)
    0x08000218   0x08000218   0x00000006   Code   RO         1914    .ARM.Collect$$libinit$$0000000F  c_w.l(libinit2.o)
    0x0800021e   0x0800021e   0x00000000   Code   RO         1916    .ARM.Collect$$libinit$$00000011  c_w.l(libinit2.o)
    0x0800021e   0x0800021e   0x00000000   Code   RO         1918    .ARM.Collect$$libinit$$00000013  c_w.l(libinit2.o)
    0x0800021e   0x0800021e   0x00000000   Code   RO         1920    .ARM.Collect$$libinit$$00000015  c_w.l(libinit2.o)
    0x0800021e   0x0800021e   0x0000000a   Code   RO         1921    .ARM.Collect$$libinit$$00000016  c_w.l(libinit2.o)
    0x08000228   0x08000228   0x00000000   Code   RO         1922    .ARM.Collect$$libinit$$00000017  c_w.l(libinit2.o)
    0x08000228   0x08000228   0x00000000   Code   RO         1924    .ARM.Collect$$libinit$$00000019  c_w.l(libinit2.o)
    0x08000228   0x08000228   0x00000000   Code   RO         1926    .ARM.Collect$$libinit$$0000001B  c_w.l(libinit2.o)
    0x08000228   0x08000228   0x00000000   Code   RO         1928    .ARM.Collect$$libinit$$0000001D  c_w.l(libinit2.o)
    0x08000228   0x08000228   0x00000000   Code   RO         1930    .ARM.Collect$$libinit$$0000001F  c_w.l(libinit2.o)
    0x08000228   0x08000228   0x00000000   Code   RO         1932    .ARM.Collect$$libinit$$00000021  c_w.l(libinit2.o)
    0x08000228   0x08000228   0x00000000   Code   RO         1934    .ARM.Collect$$libinit$$00000023  c_w.l(libinit2.o)
    0x08000228   0x08000228   0x00000000   Code   RO         1936    .ARM.Collect$$libinit$$00000025  c_w.l(libinit2.o)
    0x08000228   0x08000228   0x00000000   Code   RO         1940    .ARM.Collect$$libinit$$0000002C  c_w.l(libinit2.o)
    0x08000228   0x08000228   0x00000000   Code   RO         1942    .ARM.Collect$$libinit$$0000002E  c_w.l(libinit2.o)
    0x08000228   0x08000228   0x00000000   Code   RO         1944    .ARM.Collect$$libinit$$00000030  c_w.l(libinit2.o)
    0x08000228   0x08000228   0x00000000   Code   RO         1946    .ARM.Collect$$libinit$$00000032  c_w.l(libinit2.o)
    0x08000228   0x08000228   0x00000002   Code   RO         1947    .ARM.Collect$$libinit$$00000033  c_w.l(libinit2.o)
    0x0800022a   0x0800022a   0x00000002   Code   RO         2046    .ARM.Collect$$libshutdown$$00000000  c_w.l(libshutdown.o)
    0x0800022c   0x0800022c   0x00000000   Code   RO         2076    .ARM.Collect$$libshutdown$$00000002  c_w.l(libshutdown2.o)
    0x0800022c   0x0800022c   0x00000000   Code   RO         2078    .ARM.Collect$$libshutdown$$00000004  c_w.l(libshutdown2.o)
    0x0800022c   0x0800022c   0x00000000   Code   RO         2081    .ARM.Collect$$libshutdown$$00000007  c_w.l(libshutdown2.o)
    0x0800022c   0x0800022c   0x00000000   Code   RO         2084    .ARM.Collect$$libshutdown$$0000000A  c_w.l(libshutdown2.o)
    0x0800022c   0x0800022c   0x00000000   Code   RO         2086    .ARM.Collect$$libshutdown$$0000000C  c_w.l(libshutdown2.o)
    0x0800022c   0x0800022c   0x00000000   Code   RO         2089    .ARM.Collect$$libshutdown$$0000000F  c_w.l(libshutdown2.o)
    0x0800022c   0x0800022c   0x00000002   Code   RO         2090    .ARM.Collect$$libshutdown$$00000010  c_w.l(libshutdown2.o)
    0x0800022e   0x0800022e   0x00000000   Code   RO         1731    .ARM.Collect$$rtentry$$00000000  c_w.l(__rtentry.o)
    0x0800022e   0x0800022e   0x00000000   Code   RO         1792    .ARM.Collect$$rtentry$$00000002  c_w.l(__rtentry2.o)
    0x0800022e   0x0800022e   0x00000006   Code   RO         1804    .ARM.Collect$$rtentry$$00000004  c_w.l(__rtentry4.o)
    0x08000234   0x08000234   0x00000000   Code   RO         1794    .ARM.Collect$$rtentry$$00000009  c_w.l(__rtentry2.o)
    0x08000234   0x08000234   0x00000004   Code   RO         1795    .ARM.Collect$$rtentry$$0000000A  c_w.l(__rtentry2.o)
    0x08000238   0x08000238   0x00000000   Code   RO         1797    .ARM.Collect$$rtentry$$0000000C  c_w.l(__rtentry2.o)
    0x08000238   0x08000238   0x00000008   Code   RO         1798    .ARM.Collect$$rtentry$$0000000D  c_w.l(__rtentry2.o)
    0x08000240   0x08000240   0x00000002   Code   RO         1948    .ARM.Collect$$rtexit$$00000000  c_w.l(rtexit.o)
    0x08000242   0x08000242   0x00000000   Code   RO         1995    .ARM.Collect$$rtexit$$00000002  c_w.l(rtexit2.o)
    0x08000242   0x08000242   0x00000004   Code   RO         1996    .ARM.Collect$$rtexit$$00000003  c_w.l(rtexit2.o)
    0x08000246   0x08000246   0x00000006   Code   RO         1997    .ARM.Collect$$rtexit$$00000004  c_w.l(rtexit2.o)
    0x0800024c   0x0800024c   0x00000040   Code   RO            4    .text               startup_stm32f405xx.o
    0x0800028c   0x0800028c   0x000000f0   Code   RO         1649    .text               c_w.l(lludivv7m.o)
    0x0800037c   0x0800037c   0x00000052   Code   RO         1661    .text               c_w.l(_printf_str.o)
    0x080003ce   0x080003ce   0x00000002   PAD
    0x080003d0   0x080003d0   0x00000078   Code   RO         1663    .text               c_w.l(_printf_dec.o)
    0x08000448   0x08000448   0x00000006   Code   RO         1691    .text               c_w.l(heapauxi.o)
    0x0800044e   0x0800044e   0x000000b2   Code   RO         1738    .text               c_w.l(_printf_intcommon.o)
    0x08000500   0x08000500   0x0000041c   Code   RO         1740    .text               c_w.l(_printf_fp_dec.o)
    0x0800091c   0x0800091c   0x0000002c   Code   RO         1750    .text               c_w.l(_printf_char.o)
    0x08000948   0x08000948   0x00000008   Code   RO         1811    .text               c_w.l(rt_locale_intlibspace.o)
    0x08000950   0x08000950   0x0000008a   Code   RO         1818    .text               c_w.l(lludiv10.o)
    0x080009da   0x080009da   0x00000002   PAD
    0x080009dc   0x080009dc   0x00000080   Code   RO         1822    .text               c_w.l(_printf_fp_infnan.o)
    0x08000a5c   0x08000a5c   0x000000e4   Code   RO         1828    .text               c_w.l(bigflt0.o)
    0x08000b40   0x08000b40   0x00000008   Code   RO         1876    .text               c_w.l(libspace.o)
    0x08000b48   0x08000b48   0x0000004a   Code   RO         1879    .text               c_w.l(sys_stackheap_outer.o)
    0x08000b92   0x08000b92   0x00000012   Code   RO         1889    .text               c_w.l(exit.o)
    0x08000ba4   0x08000ba4   0x00000004   PAD
    0x08000ba8   0x08000ba8   0x0000007c   Code   RO         1895    .text               c_w.l(strcmpv7em.o)
    0x08000c24   0x08000c24   0x0000000c   Code   RO         1990    .text               c_w.l(sys_exit.o)
    0x08000c30   0x08000c30   0x00000002   Code   RO         2031    .text               c_w.l(use_no_semi.o)
    0x08000c32   0x08000c32   0x00000000   Code   RO         2033    .text               c_w.l(indicate_semi.o)
    0x08000c32   0x08000c32   0x00000002   PAD
    0x08000c34   0x08000c34   0x0000006e   Code   RO          193    .text.ADC_DMAConvCplt  stm32f4xx_hal_adc.o
    0x08000ca2   0x08000ca2   0x00000002   PAD
    0x08000ca4   0x08000ca4   0x00000012   Code   RO          197    .text.ADC_DMAError  stm32f4xx_hal_adc.o
    0x08000cb6   0x08000cb6   0x00000002   PAD
    0x08000cb8   0x08000cb8   0x00000006   Code   RO          195    .text.ADC_DMAHalfConvCplt  stm32f4xx_hal_adc.o
    0x08000cbe   0x08000cbe   0x00000002   PAD
    0x08000cc0   0x08000cc0   0x0000000c   Code   RO           94    .text.ADC_IRQHandler  stm32f4xx_it.o
    0x08000ccc   0x08000ccc   0x00000002   Code   RO           76    .text.BusFault_Handler  stm32f4xx_it.o
    0x08000cce   0x08000cce   0x00000002   PAD
    0x08000cd0   0x08000cd0   0x0000000c   Code   RO           98    .text.CAN1_RX0_IRQHandler  stm32f4xx_it.o
    0x08000cdc   0x08000cdc   0x0000000c   Code   RO          100    .text.CAN1_SCE_IRQHandler  stm32f4xx_it.o
    0x08000ce8   0x08000ce8   0x0000000c   Code   RO           96    .text.CAN1_TX_IRQHandler  stm32f4xx_it.o
    0x08000cf4   0x08000cf4   0x0000000c   Code   RO           92    .text.DMA1_Stream2_IRQHandler  stm32f4xx_it.o
    0x08000d00   0x08000d00   0x0000000c   Code   RO          112    .text.DMA2_Stream0_IRQHandler  stm32f4xx_it.o
    0x08000d0c   0x08000d0c   0x00000002   Code   RO           82    .text.DebugMon_Handler  stm32f4xx_it.o
    0x08000d0e   0x08000d0e   0x00000002   PAD
    0x08000d10   0x08000d10   0x00000008   Code   RO          108    .text.EXTI15_10_IRQHandler  stm32f4xx_it.o
    0x08000d18   0x08000d18   0x00000006   Code   RO           88    .text.EXTI2_IRQHandler  stm32f4xx_it.o
    0x08000d1e   0x08000d1e   0x00000002   PAD
    0x08000d20   0x08000d20   0x00000006   Code   RO           90    .text.EXTI3_IRQHandler  stm32f4xx_it.o
    0x08000d26   0x08000d26   0x00000002   PAD
    0x08000d28   0x08000d28   0x00000006   Code   RO           15    .text.Error_Handler  main.o
    0x08000d2e   0x08000d2e   0x00000002   PAD
    0x08000d30   0x08000d30   0x00000002   Code   RO          114    .text.FPU_IRQHandler  stm32f4xx_it.o
    0x08000d32   0x08000d32   0x00000002   PAD
    0x08000d34   0x08000d34   0x00000002   Code   RO          246    .text.HAL_ADCEx_InjectedConvCpltCallback  stm32f4xx_hal_adc_ex.o
    0x08000d36   0x08000d36   0x00000002   PAD
    0x08000d38   0x08000d38   0x0000019c   Code   RO          205    .text.HAL_ADC_ConfigChannel  stm32f4xx_hal_adc.o
    0x08000ed4   0x08000ed4   0x00000002   Code   RO          185    .text.HAL_ADC_ConvCpltCallback  stm32f4xx_hal_adc.o
    0x08000ed6   0x08000ed6   0x00000002   PAD
    0x08000ed8   0x08000ed8   0x00000002   Code   RO          203    .text.HAL_ADC_ConvHalfCpltCallback  stm32f4xx_hal_adc.o
    0x08000eda   0x08000eda   0x00000002   PAD
    0x08000edc   0x08000edc   0x00000002   Code   RO          189    .text.HAL_ADC_ErrorCallback  stm32f4xx_hal_adc.o
    0x08000ede   0x08000ede   0x00000002   PAD
    0x08000ee0   0x08000ee0   0x00000192   Code   RO          183    .text.HAL_ADC_IRQHandler  stm32f4xx_hal_adc.o
    0x08001072   0x08001072   0x00000002   PAD
    0x08001074   0x08001074   0x0000039e   Code   RO          163    .text.HAL_ADC_Init  stm32f4xx_hal_adc.o
    0x08001412   0x08001412   0x00000002   PAD
    0x08001414   0x08001414   0x00000002   Code   RO          187    .text.HAL_ADC_LevelOutOfWindowCallback  stm32f4xx_hal_adc.o
    0x08001416   0x08001416   0x00000002   PAD
    0x08001418   0x08001418   0x0000010e   Code   RO          125    .text.HAL_ADC_MspInit  stm32f4xx_hal_msp.o
    0x08001526   0x08001526   0x00000002   PAD
    0x08001528   0x08001528   0x000001e4   Code   RO          191    .text.HAL_ADC_Start_DMA  stm32f4xx_hal_adc.o
    0x0800170c   0x0800170c   0x0000004e   Code   RO          691    .text.HAL_CAN_ActivateNotification  stm32f4xx_hal_can.o
    0x0800175a   0x0800175a   0x00000002   PAD
    0x0800175c   0x0800175c   0x0000014a   Code   RO          677    .text.HAL_CAN_AddTxMessage  stm32f4xx_hal_can.o
    0x080018a6   0x080018a6   0x00000002   PAD
    0x080018a8   0x080018a8   0x00000210   Code   RO          667    .text.HAL_CAN_ConfigFilter  stm32f4xx_hal_can.o
    0x08001ab8   0x08001ab8   0x00000002   Code   RO          721    .text.HAL_CAN_ErrorCallback  stm32f4xx_hal_can.o
    0x08001aba   0x08001aba   0x00000002   PAD
    0x08001abc   0x08001abc   0x00000004   Code   RO          725    .text.HAL_CAN_GetError  stm32f4xx_hal_can.o
    0x08001ac0   0x08001ac0   0x0000015c   Code   RO          687    .text.HAL_CAN_GetRxMessage  stm32f4xx_hal_can.o
    0x08001c1c   0x08001c1c   0x0000025e   Code   RO          695    .text.HAL_CAN_IRQHandler  stm32f4xx_hal_can.o
    0x08001e7a   0x08001e7a   0x00000002   PAD
    0x08001e7c   0x08001e7c   0x00000264   Code   RO          657    .text.HAL_CAN_Init  stm32f4xx_hal_can.o
    0x080020e0   0x080020e0   0x0000009c   Code   RO          129    .text.HAL_CAN_MspInit  stm32f4xx_hal_msp.o
    0x0800217c   0x0800217c   0x00000002   Code   RO          709    .text.HAL_CAN_RxFifo0FullCallback  stm32f4xx_hal_can.o
    0x0800217e   0x0800217e   0x00000002   PAD
    0x08002180   0x08002180   0x00000038   Code   RO         1463    .text.HAL_CAN_RxFifo0MsgPendingCallback  communication.o
    0x080021b8   0x080021b8   0x00000002   Code   RO          713    .text.HAL_CAN_RxFifo1FullCallback  stm32f4xx_hal_can.o
    0x080021ba   0x080021ba   0x00000002   PAD
    0x080021bc   0x080021bc   0x00000002   Code   RO          715    .text.HAL_CAN_RxFifo1MsgPendingCallback  stm32f4xx_hal_can.o
    0x080021be   0x080021be   0x00000002   PAD
    0x080021c0   0x080021c0   0x00000002   Code   RO          717    .text.HAL_CAN_SleepCallback  stm32f4xx_hal_can.o
    0x080021c2   0x080021c2   0x00000002   PAD
    0x080021c4   0x080021c4   0x0000005a   Code   RO          669    .text.HAL_CAN_Start  stm32f4xx_hal_can.o
    0x0800221e   0x0800221e   0x00000002   PAD
    0x08002220   0x08002220   0x00000002   Code   RO          699    .text.HAL_CAN_TxMailbox0AbortCallback  stm32f4xx_hal_can.o
    0x08002222   0x08002222   0x00000002   PAD
    0x08002224   0x08002224   0x00000002   Code   RO          697    .text.HAL_CAN_TxMailbox0CompleteCallback  stm32f4xx_hal_can.o
    0x08002226   0x08002226   0x00000002   PAD
    0x08002228   0x08002228   0x00000002   Code   RO          703    .text.HAL_CAN_TxMailbox1AbortCallback  stm32f4xx_hal_can.o
    0x0800222a   0x0800222a   0x00000002   PAD
    0x0800222c   0x0800222c   0x00000002   Code   RO          701    .text.HAL_CAN_TxMailbox1CompleteCallback  stm32f4xx_hal_can.o
    0x0800222e   0x0800222e   0x00000002   PAD
    0x08002230   0x08002230   0x00000002   Code   RO          707    .text.HAL_CAN_TxMailbox2AbortCallback  stm32f4xx_hal_can.o
    0x08002232   0x08002232   0x00000002   PAD
    0x08002234   0x08002234   0x00000002   Code   RO          705    .text.HAL_CAN_TxMailbox2CompleteCallback  stm32f4xx_hal_can.o
    0x08002236   0x08002236   0x00000002   PAD
    0x08002238   0x08002238   0x00000002   Code   RO          719    .text.HAL_CAN_WakeUpFromRxMsgCallback  stm32f4xx_hal_can.o
    0x0800223a   0x0800223a   0x00000002   PAD
    0x0800223c   0x0800223c   0x000000c4   Code   RO          774    .text.HAL_DAC_ConfigChannel  stm32f4xx_hal_dac.o
    0x08002300   0x08002300   0x00000046   Code   RO          738    .text.HAL_DAC_Init  stm32f4xx_hal_dac.o
    0x08002346   0x08002346   0x00000002   PAD
    0x08002348   0x08002348   0x00000064   Code   RO          133    .text.HAL_DAC_MspInit  stm32f4xx_hal_msp.o
    0x080023ac   0x080023ac   0x00000092   Code   RO          764    .text.HAL_DAC_SetValue  stm32f4xx_hal_dac.o
    0x0800243e   0x0800243e   0x00000002   PAD
    0x08002440   0x08002440   0x00000076   Code   RO          746    .text.HAL_DAC_Start  stm32f4xx_hal_dac.o
    0x080024b6   0x080024b6   0x00000002   PAD
    0x080024b8   0x080024b8   0x00000092   Code   RO          424    .text.HAL_DMA_Abort  stm32f4xx_hal_dma.o
    0x0800254a   0x0800254a   0x00000002   PAD
    0x0800254c   0x0800254c   0x00000024   Code   RO          426    .text.HAL_DMA_Abort_IT  stm32f4xx_hal_dma.o
    0x08002570   0x08002570   0x000001c0   Code   RO          430    .text.HAL_DMA_IRQHandler  stm32f4xx_hal_dma.o
    0x08002730   0x08002730   0x0000042a   Code   RO          416    .text.HAL_DMA_Init  stm32f4xx_hal_dma.o
    0x08002b5a   0x08002b5a   0x00000002   PAD
    0x08002b5c   0x08002b5c   0x000000a0   Code   RO          422    .text.HAL_DMA_Start_IT  stm32f4xx_hal_dma.o
    0x08002bfc   0x08002bfc   0x00000028   Code   RO          586    .text.HAL_Delay     stm32f4xx_hal.o
    0x08002c24   0x08002c24   0x00000002   Code   RO          390    .text.HAL_GPIO_EXTI_Callback  stm32f4xx_hal_gpio.o
    0x08002c26   0x08002c26   0x00000002   PAD
    0x08002c28   0x08002c28   0x00000016   Code   RO          388    .text.HAL_GPIO_EXTI_IRQHandler  stm32f4xx_hal_gpio.o
    0x08002c3e   0x08002c3e   0x00000002   PAD
    0x08002c40   0x08002c40   0x00000300   Code   RO          376    .text.HAL_GPIO_Init  stm32f4xx_hal_gpio.o
    0x08002f40   0x08002f40   0x00000022   Code   RO          380    .text.HAL_GPIO_ReadPin  stm32f4xx_hal_gpio.o
    0x08002f62   0x08002f62   0x00000002   PAD
    0x08002f64   0x08002f64   0x0000002a   Code   RO          384    .text.HAL_GPIO_TogglePin  stm32f4xx_hal_gpio.o
    0x08002f8e   0x08002f8e   0x00000002   PAD
    0x08002f90   0x08002f90   0x00000044   Code   RO          382    .text.HAL_GPIO_WritePin  stm32f4xx_hal_gpio.o
    0x08002fd4   0x08002fd4   0x0000000c   Code   RO          578    .text.HAL_GetTick   stm32f4xx_hal.o
    0x08002fe0   0x08002fe0   0x000002de   Code   RO          824    .text.HAL_I2C_Init  stm32f4xx_hal_i2c.o
    0x080032be   0x080032be   0x00000002   PAD
    0x080032c0   0x080032c0   0x0000006c   Code   RO          137    .text.HAL_I2C_MspInit  stm32f4xx_hal_msp.o
    0x0800332c   0x0800332c   0x0000001a   Code   RO          576    .text.HAL_IncTick   stm32f4xx_hal.o
    0x08003346   0x08003346   0x00000002   PAD
    0x08003348   0x08003348   0x00000036   Code   RO          566    .text.HAL_Init      stm32f4xx_hal.o
    0x0800337e   0x0800337e   0x00000002   PAD
    0x08003380   0x08003380   0x00000048   Code   RO          568    .text.HAL_InitTick  stm32f4xx_hal.o
    0x080033c8   0x080033c8   0x0000004c   Code   RO          123    .text.HAL_MspInit   stm32f4xx_hal_msp.o
    0x08003414   0x08003414   0x0000016e   Code   RO         1289    .text.HAL_MultiProcessor_Init  stm32f4xx_hal_uart.o
    0x08003582   0x08003582   0x00000002   PAD
    0x08003584   0x08003584   0x00000036   Code   RO          517    .text.HAL_NVIC_EnableIRQ  stm32f4xx_hal_cortex.o
    0x080035ba   0x080035ba   0x00000002   PAD
    0x080035bc   0x080035bc   0x00000080   Code   RO          515    .text.HAL_NVIC_SetPriority  stm32f4xx_hal_cortex.o
    0x0800363c   0x0800363c   0x00000038   Code   RO          513    .text.HAL_NVIC_SetPriorityGrouping  stm32f4xx_hal_cortex.o
    0x08003674   0x08003674   0x00000224   Code   RO          266    .text.HAL_RCC_ClockConfig  stm32f4xx_hal_rcc.o
    0x08003898   0x08003898   0x00000026   Code   RO          278    .text.HAL_RCC_GetPCLK1Freq  stm32f4xx_hal_rcc.o
    0x080038be   0x080038be   0x00000002   PAD
    0x080038c0   0x080038c0   0x00000026   Code   RO          280    .text.HAL_RCC_GetPCLK2Freq  stm32f4xx_hal_rcc.o
    0x080038e6   0x080038e6   0x00000002   PAD
    0x080038e8   0x080038e8   0x0000006c   Code   RO          268    .text.HAL_RCC_GetSysClockFreq  stm32f4xx_hal_rcc.o
    0x08003954   0x08003954   0x0000051a   Code   RO          264    .text.HAL_RCC_OscConfig  stm32f4xx_hal_rcc.o
    0x08003e6e   0x08003e6e   0x00000002   PAD
    0x08003e70   0x08003e70   0x0000002c   Code   RO          525    .text.HAL_SYSTICK_Config  stm32f4xx_hal_cortex.o
    0x08003e9c   0x08003e9c   0x00000002   Code   RO         1264    .text.HAL_TIMEx_BreakCallback  stm32f4xx_hal_tim_ex.o
    0x08003e9e   0x08003e9e   0x00000002   PAD
    0x08003ea0   0x08003ea0   0x00000002   Code   RO         1260    .text.HAL_TIMEx_CommutCallback  stm32f4xx_hal_tim_ex.o
    0x08003ea2   0x08003ea2   0x00000002   PAD
    0x08003ea4   0x08003ea4   0x00000186   Code   RO         1256    .text.HAL_TIMEx_ConfigBreakDeadTime  stm32f4xx_hal_tim_ex.o
    0x0800402a   0x0800402a   0x00000002   PAD
    0x0800402c   0x0800402c   0x0000018e   Code   RO         1254    .text.HAL_TIMEx_MasterConfigSynchronization  stm32f4xx_hal_tim_ex.o
    0x080041ba   0x080041ba   0x00000002   PAD
    0x080041bc   0x080041bc   0x000001f2   Code   RO          954    .text.HAL_TIM_Base_Init  stm32f4xx_hal_tim.o
    0x080043ae   0x080043ae   0x00000002   PAD
    0x080043b0   0x080043b0   0x00000074   Code   RO          141    .text.HAL_TIM_Base_MspInit  stm32f4xx_hal_msp.o
    0x08004424   0x08004424   0x00000192   Code   RO          968    .text.HAL_TIM_Base_Start_IT  stm32f4xx_hal_tim.o
    0x080045b6   0x080045b6   0x00000002   PAD
    0x080045b8   0x080045b8   0x0000079c   Code   RO         1138    .text.HAL_TIM_ConfigClockSource  stm32f4xx_hal_tim.o
    0x08004d54   0x08004d54   0x0000032a   Code   RO         1068    .text.HAL_TIM_Encoder_Init  stm32f4xx_hal_tim.o
    0x0800507e   0x0800507e   0x00000002   PAD
    0x08005080   0x08005080   0x00000078   Code   RO          143    .text.HAL_TIM_Encoder_MspInit  stm32f4xx_hal_msp.o
    0x080050f8   0x080050f8   0x00000002   Code   RO         1090    .text.HAL_TIM_IC_CaptureCallback  stm32f4xx_hal_tim.o
    0x080050fa   0x080050fa   0x00000002   PAD
    0x080050fc   0x080050fc   0x0000013c   Code   RO         1088    .text.HAL_TIM_IRQHandler  stm32f4xx_hal_tim.o
    0x08005238   0x08005238   0x00000052   Code   RO          145    .text.HAL_TIM_MspPostInit  stm32f4xx_hal_msp.o
    0x0800528a   0x0800528a   0x00000002   PAD
    0x0800528c   0x0800528c   0x00000002   Code   RO         1092    .text.HAL_TIM_OC_DelayElapsedCallback  stm32f4xx_hal_tim.o
    0x0800528e   0x0800528e   0x00000002   PAD
    0x08005290   0x08005290   0x000003d0   Code   RO         1112    .text.HAL_TIM_PWM_ConfigChannel  stm32f4xx_hal_tim.o
    0x08005660   0x08005660   0x000001f2   Code   RO         1008    .text.HAL_TIM_PWM_Init  stm32f4xx_hal_tim.o
    0x08005852   0x08005852   0x00000002   PAD
    0x08005854   0x08005854   0x00000002   Code   RO         1010    .text.HAL_TIM_PWM_MspInit  stm32f4xx_hal_tim.o
    0x08005856   0x08005856   0x00000002   PAD
    0x08005858   0x08005858   0x00000002   Code   RO         1094    .text.HAL_TIM_PWM_PulseFinishedCallback  stm32f4xx_hal_tim.o
    0x0800585a   0x0800585a   0x00000002   PAD
    0x0800585c   0x0800585c   0x000001e2   Code   RO         1016    .text.HAL_TIM_PWM_Start  stm32f4xx_hal_tim.o
    0x08005a3e   0x08005a3e   0x00000002   PAD
    0x08005a40   0x08005a40   0x00000066   Code   RO         1584    .text.HAL_TIM_PeriodElapsedCallback  timer_appfcn.o
    0x08005aa6   0x08005aa6   0x00000002   PAD
    0x08005aa8   0x08005aa8   0x00000002   Code   RO         1098    .text.HAL_TIM_TriggerCallback  stm32f4xx_hal_tim.o
    0x08005aaa   0x08005aaa   0x00000002   PAD
    0x08005aac   0x08005aac   0x000001e6   Code   RO         1327    .text.HAL_UARTEx_ReceiveToIdle_DMA  stm32f4xx_hal_uart.o
    0x08005c92   0x08005c92   0x00000002   PAD
    0x08005c94   0x08005c94   0x000000b2   Code   RO         1616    .text.HAL_UARTEx_RxEventCallback  usart_appfcn.o
    0x08005d46   0x08005d46   0x00000002   PAD
    0x08005d48   0x08005d48   0x00000002   Code   RO         1363    .text.HAL_UART_ErrorCallback  stm32f4xx_hal_uart.o
    0x08005d4a   0x08005d4a   0x00000002   PAD
    0x08005d4c   0x08005d4c   0x0000057e   Code   RO         1357    .text.HAL_UART_IRQHandler  stm32f4xx_hal_uart.o
    0x080062ca   0x080062ca   0x00000002   PAD
    0x080062cc   0x080062cc   0x00000186   Code   RO         1279    .text.HAL_UART_Init  stm32f4xx_hal_uart.o
    0x08006452   0x08006452   0x00000002   PAD
    0x08006454   0x08006454   0x00000164   Code   RO          151    .text.HAL_UART_MspInit  stm32f4xx_hal_msp.o
    0x080065b8   0x080065b8   0x00000052   Code   RO         1301    .text.HAL_UART_Receive_IT  stm32f4xx_hal_uart.o
    0x0800660a   0x0800660a   0x00000002   PAD
    0x0800660c   0x0800660c   0x0000002a   Code   RO         1614    .text.HAL_UART_RxCpltCallback  usart_appfcn.o
    0x08006636   0x08006636   0x00000002   PAD
    0x08006638   0x08006638   0x00000002   Code   RO         1373    .text.HAL_UART_RxHalfCpltCallback  stm32f4xx_hal_uart.o
    0x0800663a   0x0800663a   0x00000002   PAD
    0x0800663c   0x0800663c   0x00000002   Code   RO         1367    .text.HAL_UART_TxCpltCallback  stm32f4xx_hal_uart.o
    0x0800663e   0x0800663e   0x00000002   PAD
    0x08006640   0x08006640   0x00000002   Code   RO           72    .text.HardFault_Handler  stm32f4xx_it.o
    0x08006642   0x08006642   0x00000002   PAD
    0x08006644   0x08006644   0x00000002   Code   RO           74    .text.MemManage_Handler  stm32f4xx_it.o
    0x08006646   0x08006646   0x00000002   PAD
    0x08006648   0x08006648   0x00000002   Code   RO           70    .text.NMI_Handler   stm32f4xx_it.o
    0x0800664a   0x0800664a   0x00000002   PAD
    0x0800664c   0x0800664c   0x00000002   Code   RO           84    .text.PendSV_Handler  stm32f4xx_it.o
    0x0800664e   0x0800664e   0x00000002   PAD
    0x08006650   0x08006650   0x00000034   Code   RO         1596    .text.RS485_Init    usart_appfcn.o
    0x08006684   0x08006684   0x00000002   Code   RO           80    .text.SVC_Handler   stm32f4xx_it.o
    0x08006686   0x08006686   0x00000002   PAD
    0x08006688   0x08006688   0x00000004   Code   RO           86    .text.SysTick_Handler  stm32f4xx_it.o
    0x0800668c   0x0800668c   0x000000a8   Code   RO           13    .text.SystemClock_Config  main.o
    0x08006734   0x08006734   0x00000012   Code   RO         1402    .text.SystemInit    system_stm32f4xx.o
    0x08006746   0x08006746   0x00000002   PAD
    0x08006748   0x08006748   0x0000000c   Code   RO          102    .text.TIM1_UP_TIM10_IRQHandler  stm32f4xx_it.o
    0x08006754   0x08006754   0x0000000c   Code   RO          104    .text.TIM2_IRQHandler  stm32f4xx_it.o
    0x08006760   0x08006760   0x0000000c   Code   RO          106    .text.TIM3_IRQHandler  stm32f4xx_it.o
    0x0800676c   0x0800676c   0x0000014c   Code   RO          958    .text.TIM_Base_SetConfig  stm32f4xx_hal_tim.o
    0x080068b8   0x080068b8   0x00000102   Code   RO          992    .text.TIM_CCxChannelCmd  stm32f4xx_hal_tim.o
    0x080069ba   0x080069ba   0x00000002   PAD
    0x080069bc   0x080069bc   0x000000d4   Code   RO         1102    .text.TIM_OC1_SetConfig  stm32f4xx_hal_tim.o
    0x08006a90   0x08006a90   0x000000dc   Code   RO         1104    .text.TIM_OC2_SetConfig  stm32f4xx_hal_tim.o
    0x08006b6c   0x08006b6c   0x000000dc   Code   RO         1106    .text.TIM_OC3_SetConfig  stm32f4xx_hal_tim.o
    0x08006c48   0x08006c48   0x0000030c   Code   RO         1529    .text.Torque_control  machinecontrol.o
    0x08006f54   0x08006f54   0x0000000c   Code   RO          110    .text.UART4_IRQHandler  stm32f4xx_it.o
    0x08006f60   0x08006f60   0x0000000c   Code   RO         1361    .text.UART_DMAAbortOnError  stm32f4xx_hal_uart.o
    0x08006f6c   0x08006f6c   0x0000017c   Code   RO         1311    .text.UART_DMAError  stm32f4xx_hal_uart.o
    0x080070e8   0x080070e8   0x0000015e   Code   RO         1389    .text.UART_DMAReceiveCplt  stm32f4xx_hal_uart.o
    0x08007246   0x08007246   0x00000002   PAD
    0x08007248   0x08007248   0x00000018   Code   RO         1391    .text.UART_DMARxHalfCplt  stm32f4xx_hal_uart.o
    0x08007260   0x08007260   0x00000102   Code   RO         1359    .text.UART_Receive_IT  stm32f4xx_hal_uart.o
    0x08007362   0x08007362   0x00000002   PAD
    0x08007364   0x08007364   0x0000015e   Code   RO         1283    .text.UART_SetConfig  stm32f4xx_hal_uart.o
    0x080074c2   0x080074c2   0x00000002   PAD
    0x080074c4   0x080074c4   0x00000002   Code   RO           78    .text.UsageFault_Handler  stm32f4xx_it.o
    0x080074c6   0x080074c6   0x00000002   PAD
    0x080074c8   0x080074c8   0x00000002   Code   RO           17    .text.assert_failed  main.o
    0x080074ca   0x080074ca   0x00000002   PAD
    0x080074cc   0x080074cc   0x00000052   Code   RO         1501    .text.fLPF_Run      filter.o
    0x0800751e   0x0800751e   0x00000002   PAD
    0x08007520   0x08007520   0x000000e0   Code   RO         1546    .text.fPI_Run       pid.o
    0x08007600   0x08007600   0x00000904   Code   RO           11    .text.main          main.o
    0x08007f04   0x08007f04   0x00000046   Code   RO         1465    .text.send_data_can  communication.o
    0x08007f4a   0x08007f4a   0x00000002   PAD
    0x08007f4c   0x08007f4c   0x0000002a   Code   RO         1578    .text.user_pwm_Enable  timer_appfcn.o
    0x08007f76   0x08007f76   0x00000002   PAD
    0x08007f78   0x08007f78   0x00000058   Code   RO         1576    .text.user_pwm_init  timer_appfcn.o
    0x08007fd0   0x08007fd0   0x00000104   Code   RO         1582    .text.user_pwm_setvalue  timer_appfcn.o
    0x080080d4   0x080080d4   0x00000056   Code   RO         1417    .text.vAdc_DataInit  analog_io.o
    0x0800812a   0x0800812a   0x00000002   PAD
    0x0800812c   0x0800812c   0x00000124   Code   RO         1419    .text.vAdc_Data_Handle  analog_io.o
    0x08008250   0x08008250   0x000000e8   Code   RO         1423    .text.vDAC_CH1_IaWrite  analog_io.o
    0x08008338   0x08008338   0x00000030   Code   RO         1421    .text.vDAC_Init     analog_io.o
    0x08008368   0x08008368   0x0000003a   Code   RO         1483    .text.vDIO_Init     digital_io.o
    0x080083a2   0x080083a2   0x00000002   PAD
    0x080083a4   0x080083a4   0x00000082   Code   RO         1511    .text.vDIO_Task_Handle  machinecontrol.o
    0x08008426   0x08008426   0x00000002   PAD
    0x08008428   0x08008428   0x000000b8   Code   RO         1479    .text.vDI_Scan      digital_io.o
    0x080084e0   0x080084e0   0x000000c0   Code   RO         1499    .text.vLPF_Init     filter.o
    0x080085a0   0x080085a0   0x000000b8   Code   RO         1513    .text.vMachineParameterConfig  machinecontrol.o
    0x08008658   0x08008658   0x0000000e   Code   RO         1626    .text.vNEXTION_Init  nextion.o
    0x08008666   0x08008666   0x00000002   PAD
    0x08008668   0x08008668   0x0000006c   Code   RO         1544    .text.vPI_Init      pid.o
    0x080086d4   0x080086d4   0x0000005c   Code   RO         1556    .text.vQEI_Config   qei.o
    0x08008730   0x08008730   0x000000a0   Code   RO         1558    .text.vRPM_Cal      qei.o
    0x080087d0   0x080087d0   0x0000005c   Code   RO         1427    .text.vRamp_Config  analog_io.o
    0x0800882c   0x0800882c   0x00000114   Code   RO         1519    .text.vStateMachineConfig  machinecontrol.o
    0x08008940   0x08008940   0x000000c8   Code   RO         1574    .text.vTim_Scan     timer_appfcn.o
    0x08008a08   0x08008a08   0x0000001a   Code   RO         1570    .text.vTim_Start    timer_appfcn.o
    0x08008a22   0x08008a22   0x00000002   PAD
    0x08008a24   0x08008a24   0x00000002   Code   RO         1602    .text.vUsart_DataInit  usart_appfcn.o
    0x08008a26   0x08008a26   0x0000003e   Code   RO         1831    CL$$btod_d2e        c_w.l(btod.o)
    0x08008a64   0x08008a64   0x00000046   Code   RO         1833    CL$$btod_d2e_denorm_low  c_w.l(btod.o)
    0x08008aaa   0x08008aaa   0x00000060   Code   RO         1832    CL$$btod_d2e_norm_op1  c_w.l(btod.o)
    0x08008b0a   0x08008b0a   0x00000002   PAD
    0x08008b0c   0x08008b0c   0x00000338   Code   RO         1841    CL$$btod_div_common  c_w.l(btod.o)
    0x08008e44   0x08008e44   0x000000dc   Code   RO         1838    CL$$btod_e2e        c_w.l(btod.o)
    0x08008f20   0x08008f20   0x0000002a   Code   RO         1835    CL$$btod_ediv       c_w.l(btod.o)
    0x08008f4a   0x08008f4a   0x0000002a   Code   RO         1834    CL$$btod_emul       c_w.l(btod.o)
    0x08008f74   0x08008f74   0x00000244   Code   RO         1840    CL$$btod_mult_common  c_w.l(btod.o)
    0x080091b8   0x080091b8   0x00000030   Code   RO         1872    i.__ARM_fpclassify  m_wm.l(fpclassify.o)
    0x080091e8   0x080091e8   0x0000002c   Code   RO         1856    locale$$code        c_w.l(lc_numeric_c.o)
    0x08009214   0x08009214   0x00000062   Code   RO         1695    x$fpl$d2f           fz_wm.l(d2f.o)
    0x08009276   0x08009276   0x00000002   PAD
    0x08009278   0x08009278   0x00000150   Code   RO         1697    x$fpl$dadd          fz_wm.l(daddsub_clz.o)
    0x080093c8   0x080093c8   0x000002b4   Code   RO         1704    x$fpl$ddiv          fz_wm.l(ddiv.o)
    0x0800967c   0x0800967c   0x0000002e   Code   RO         1708    x$fpl$dflt          fz_wm.l(dflt_clz.o)
    0x080096aa   0x080096aa   0x00000026   Code   RO         1707    x$fpl$dfltu         fz_wm.l(dflt_clz.o)
    0x080096d0   0x080096d0   0x00000154   Code   RO         1713    x$fpl$dmul          fz_wm.l(dmul.o)
    0x08009824   0x08009824   0x0000009c   Code   RO         1757    x$fpl$dnaninf       fz_wm.l(dnaninf.o)
    0x080098c0   0x080098c0   0x0000000c   Code   RO         1759    x$fpl$dretinf       fz_wm.l(dretinf.o)
    0x080098cc   0x080098cc   0x000001dc   Code   RO         1699    x$fpl$dsub          fz_wm.l(daddsub_clz.o)
    0x08009aa8   0x08009aa8   0x00000056   Code   RO         1715    x$fpl$f2d           fz_wm.l(f2d.o)
    0x08009afe   0x08009afe   0x0000008c   Code   RO         1761    x$fpl$fnaninf       fz_wm.l(fnaninf.o)
    0x08009b8a   0x08009b8a   0x0000001a   Code   RO         1974    x$fpl$fpinit        fz_wm.l(fpinit.o)
    0x08009ba4   0x08009ba4   0x0000000a   Code   RO         1763    x$fpl$fretinf       fz_wm.l(fretinf.o)
    0x08009bae   0x08009bae   0x00000004   Code   RO         1717    x$fpl$printf1       fz_wm.l(printf1.o)
    0x08009bb2   0x08009bb2   0x00000000   Code   RO         1765    x$fpl$usenofp       fz_wm.l(usenofp.o)
    0x08009bb2   0x08009bb2   0x00000002   PAD
    0x08009bb4   0x08009bb4   0x00000094   Data   RO         1829    .constdata          c_w.l(bigflt0.o)
    0x08009c48   0x08009c48   0x00000010   Data   RO         1407    .rodata.AHBPrescTable  system_stm32f4xx.o
    0x08009c58   0x08009c58   0x00000008   Data   RO         1408    .rodata.APBPrescTable  system_stm32f4xx.o
    0x08009c60   0x08009c60   0x00000008   Data   RO          441    .rodata.cst8        stm32f4xx_hal_dma.o
    0x08009c68   0x08009c68   0x00000004   Data   RO           22    .rodata.f_Gear_Ratio  main.o
    0x08009c6c   0x08009c6c   0x00000004   Data   RO           23    .rodata.f_Vbus_Nom  main.o
    0x08009c70   0x08009c70   0x00000004   Data   RO           19    .rodata.f_base_Ts   main.o
    0x08009c74   0x08009c74   0x00000038   Data   RO          213    .rodata.str1.1      stm32f4xx_hal_adc.o
    0x08009cac   0x08009cac   0x00000038   Data   RO          290    .rodata.str1.1      stm32f4xx_hal_rcc.o
    0x08009ce4   0x08009ce4   0x00000039   Data   RO          392    .rodata.str1.1      stm32f4xx_hal_gpio.o
    0x08009d1d   0x08009d1d   0x00000038   Data   RO          440    .rodata.str1.1      stm32f4xx_hal_dma.o
    0x08009d55   0x08009d55   0x0000003b   Data   RO          557    .rodata.str1.1      stm32f4xx_hal_cortex.o
    0x08009d90   0x08009d90   0x00000038   Data   RO          729    .rodata.str1.1      stm32f4xx_hal_can.o
    0x08009dc8   0x08009dc8   0x00000038   Data   RO          780    .rodata.str1.1      stm32f4xx_hal_dac.o
    0x08009e00   0x08009e00   0x00000038   Data   RO          944    .rodata.str1.1      stm32f4xx_hal_i2c.o
    0x08009e38   0x08009e38   0x00000038   Data   RO         1178    .rodata.str1.1      stm32f4xx_hal_tim.o
    0x08009e70   0x08009e70   0x0000003b   Data   RO         1270    .rodata.str1.1      stm32f4xx_hal_tim_ex.o
    0x08009eab   0x08009eab   0x00000039   Data   RO         1393    .rodata.str1.1      stm32f4xx_hal_uart.o
    0x08009ee4   0x08009ee4   0x00000020   Data   RO         2100    Region$$Table       anon$$obj.o
    0x08009f04   0x08009f04   0x0000001c   Data   RO         1855    locale$$data        c_w.l(lc_numeric_c.o)


    Execution Region RW_IRAM1 (Exec base: 0x20000000, Load base: 0x08009f20, Size: 0x00001240, Max: 0x0001c000, ABSOLUTE)

    Exec Addr    Load Addr    Size         Type   Attr      Idx    E Section Name        Object

    0x20000000   0x08009f20   0x0000000c   Data   RW           55    .data..L_MergedGlobals  main.o
    0x2000000c   0x08009f2c   0x00000008   Data   RW          621    .data..L_MergedGlobals  stm32f4xx_hal.o
    0x20000014   0x08009f34   0x00000004   Data   RW         1406    .data.SystemCoreClock  system_stm32f4xx.o
    0x20000018        -       0x00000060   Zero   RW         1877    .bss                c_w.l(libspace.o)
    0x20000078        -       0x00000018   Zero   RW         1470    .bss..L_MergedGlobals  communication.o
    0x20000090        -       0x00000014   Zero   RW         1535    .bss..L_MergedGlobals  machinecontrol.o
    0x200000a4        -       0x00000070   Zero   RW           56    .bss..L_MergedGlobals.1  main.o
    0x20000114        -       0x00000070   Zero   RW           57    .bss..L_MergedGlobals.2  main.o
    0x20000184        -       0x00000058   Zero   RW           58    .bss..L_MergedGlobals.3  main.o
    0x200001dc        -       0x00000060   Zero   RW           59    .bss..L_MergedGlobals.4  main.o
    0x2000023c        -       0x00000060   Zero   RW           60    .bss..L_MergedGlobals.5  main.o
    0x2000029c        -       0x00000060   Zero   RW           61    .bss..L_MergedGlobals.6  main.o
    0x200002fc   0x08009f38   0x00000004   PAD
    0x20000300        -       0x00000078   Zero   RW           62    .bss..L_MergedGlobals.7  main.o
    0x20000378        -       0x0000000c   Zero   RW           49    .bss.ADC_CH1        main.o
    0x20000384        -       0x00000018   Zero   RW           48    .bss.DI_Objt        main.o
    0x2000039c        -       0x00000002   Zero   RW         1586    .bss.HAL_TIM_PeriodElapsedCallback.tim10ms_cnt  timer_appfcn.o
    0x2000039e   0x08009f38   0x00000002   PAD
    0x200003a0        -       0x0000012c   Zero   RW           37    .bss.NEXVar         main.o
    0x200004cc   0x08009f38   0x00000004   PAD
    0x200004d0        -       0x00000008   Zero   RW           27    .bss.N_Round        main.o
    0x200004d8        -       0x0000001c   Zero   RW           40    .bss.RxHeader       main.o
    0x200004f4        -       0x00000070   Zero   RW           51    .bss.SP_Var         main.o
    0x20000564        -       0x000000c8   Zero   RW           31    .bss.Tim_10ms       main.o
    0x2000062c   0x08009f38   0x00000004   PAD
    0x20000630        -       0x00000008   Zero   RW         1467    .bss.TxData         communication.o
    0x20000638        -       0x00000004   Zero   RW           52    .bss.TxMailbox      main.o
    0x2000063c        -       0x00000070   Zero   RW           30    .bss.adc_Objt_var   main.o
    0x200006ac        -       0x00000048   Zero   RW           41    .bss.hadc1          main.o
    0x200006f4        -       0x00000060   Zero   RW           42    .bss.hdma_adc1      main.o
    0x20000754        -       0x00000060   Zero   RW           45    .bss.hdma_uart4_rx  main.o
    0x200007b4        -       0x00000054   Zero   RW           43    .bss.hi2c1          main.o
    0x20000808        -       0x00000048   Zero   RW           39    .bss.htim1          main.o
    0x20000850        -       0x00000048   Zero   RW           44    .bss.htim2          main.o
    0x20000898        -       0x00000048   Zero   RW           38    .bss.htim3          main.o
    0x200008e0        -       0x00000048   Zero   RW           32    .bss.huart4         main.o
    0x20000928        -       0x00000048   Zero   RW           34    .bss.huart5         main.o
    0x20000970        -       0x00000094   Zero   RW           29    .bss.stMControl_Var  main.o
    0x20000a04        -       0x00000048   Zero   RW           28    .bss.stMachine_Var  main.o
    0x20000a4c        -       0x00000040   Zero   RW           36    .bss.stPI_Ia        main.o
    0x20000a8c        -       0x000000d6   Zero   RW           33    .bss.usart4_Rx      main.o
    0x20000b62        -       0x000000d6   Zero   RW           35    .bss.usart5_Rx      main.o
    0x20000c38        -       0x00000004   Zero   RW          620    .bss.uwTick         stm32f4xx_hal.o
    0x20000c3c   0x08009f38   0x00000004   PAD
    0x20000c40        -       0x00000200   Zero   RW            2    HEAP                startup_stm32f405xx.o
    0x20000e40        -       0x00000400   Zero   RW            1    STACK               startup_stm32f405xx.o


    Execution Region RW_IRAM2 (Exec base: 0x2001c000, Load base: 0x08009f38, Size: 0x00000000, Max: 0x00004000, ABSOLUTE)

    **** No section assigned to this execution region ****


==============================================================================

Image component sizes


      Code (inc. data)   RO Data    RW Data    ZI Data      Debug   Object Name

       750          8          0          0          0       8725   analog_io.o
       126          0          0          0         32       9298   communication.o
       242          0          0          0          0       2615   digital_io.o
       274         16          0          0          0       2427   filter.o
      1370         56          0          0         20      11337   machinecontrol.o
      2484         24         12         12       2940      28346   main.o
        14          0          0          0          0      18310   nextion.o
       332          4          0          0          0       1632   pid.o
       252         12          0          0          0       2234   qei.o
        64         26        392          0       1536        836   startup_stm32f405xx.o
       204          0          0          8          4       7270   stm32f4xx_hal.o
      2366          0         56          0          0      11958   stm32f4xx_hal_adc.o
         2          0          0          0          0       9882   stm32f4xx_hal_adc_ex.o
      2620          6         56          0          0      13465   stm32f4xx_hal_can.o
       282          0         59          0          0      11180   stm32f4xx_hal_cortex.o
       530          0         56          0          0       8431   stm32f4xx_hal_dac.o
      1856          4         64          0          0      10766   stm32f4xx_hal_dma.o
       936         64         57          0          0       6172   stm32f4xx_hal_gpio.o
       734          0         56          0          0      46523   stm32f4xx_hal_i2c.o
      1384          0          0          0          0      16477   stm32f4xx_hal_msp.o
      2038          0         56          0          0       7651   stm32f4xx_hal_rcc.o
      7182          4         56          0          0      70091   stm32f4xx_hal_tim.o
       792          0         59          0          0      21365   stm32f4xx_hal_tim_ex.o
      4110          0         57          0          0      32912   stm32f4xx_hal_uart.o
       162          0          0          0          0       9334   stm32f4xx_it.o
        18          0         24          4          0       2630   system_stm32f4xx.o
       718          4          0          0          2       7731   timer_appfcn.o
       274          0          0          0          0       7365   usart_appfcn.o

    ----------------------------------------------------------------------
     32306        228       1092         24       4552     386963   Object Totals
         0          0         32          0          0          0   (incl. Generated)
       190          0          0          0         18          0   (incl. Padding)

    ----------------------------------------------------------------------

      Code (inc. data)   RO Data    RW Data    ZI Data      Debug   Library Member Name

         8          0          0          0          0         68   __main.o
         0          0          0          0          0          0   __rtentry.o
        12          0          0          0          0          0   __rtentry2.o
         6          0          0          0          0          0   __rtentry4.o
        52          8          0          0          0          0   __scatter.o
        26          0          0          0          0          0   __scatter_copy.o
        28          0          0          0          0          0   __scatter_zi.o
        44          0          0          0          0        108   _printf_char.o
         6          0          0          0          0          0   _printf_d.o
       120         16          0          0          0         92   _printf_dec.o
         6          0          0          0          0          0   _printf_f.o
      1052          0          0          0          0        148   _printf_fp_dec.o
       128         16          0          0          0         84   _printf_fp_infnan.o
       178          0          0          0          0         88   _printf_intcommon.o
         0          0          0          0          0          0   _printf_percent.o
         4          0          0          0          0          0   _printf_percent_end.o
         6          0          0          0          0          0   _printf_s.o
        82          0          0          0          0         80   _printf_str.o
       228          4        148          0          0         96   bigflt0.o
      1936        128          0          0          0        668   btod.o
        18          0          0          0          0         80   exit.o
         6          0          0          0          0        152   heapauxi.o
         0          0          0          0          0          0   indicate_semi.o
        44         10         28          0          0         76   lc_numeric_c.o
         2          0          0          0          0          0   libinit.o
        22          0          0          0          0          0   libinit2.o
         2          0          0          0          0          0   libshutdown.o
         2          0          0          0          0          0   libshutdown2.o
         8          4          0          0         96         68   libspace.o
       138          0          0          0          0         80   lludiv10.o
       240          0          0          0          0        100   lludivv7m.o
         8          4          0          0          0         68   rt_locale_intlibspace.o
         2          0          0          0          0          0   rtexit.o
        10          0          0          0          0          0   rtexit2.o
       124          0          0          0          0         88   strcmpv7em.o
        12          4          0          0          0         68   sys_exit.o
        74          0          0          0          0         80   sys_stackheap_outer.o
         2          0          0          0          0         68   use_no_semi.o
        98          4          0          0          0        140   d2f.o
       812         16          0          0          0        392   daddsub_clz.o
       692        140          0          0          0        264   ddiv.o
        84          0          0          0          0        232   dflt_clz.o
       340         12          0          0          0        152   dmul.o
       156          4          0          0          0        140   dnaninf.o
        12          0          0          0          0        116   dretinf.o
        86          4          0          0          0        132   f2d.o
       140          4          0          0          0        132   fnaninf.o
        26          0          0          0          0        116   fpinit.o
        10          0          0          0          0        116   fretinf.o
         4          0          0          0          0        116   printf1.o
         0          0          0          0          0          0   usenofp.o
        48          0          0          0          0        124   fpclassify.o

    ----------------------------------------------------------------------
      7162        378        176          0         96       4532   Library Totals
        18          0          0          0          0          0   (incl. Padding)

    ----------------------------------------------------------------------

      Code (inc. data)   RO Data    RW Data    ZI Data      Debug   Library Name

      4636        194        176          0         96       2360   c_w.l
      2460        184          0          0          0       2048   fz_wm.l
        48          0          0          0          0        124   m_wm.l

    ----------------------------------------------------------------------
      7162        378        176          0         96       4532   Library Totals

    ----------------------------------------------------------------------

==============================================================================


      Code (inc. data)   RO Data    RW Data    ZI Data      Debug   

     39468        606       1268         24       4648     388479   Grand Totals
     39468        606       1268         24       4648     388479   ELF Image Totals
     39468        606       1268         24          0          0   ROM Totals

==============================================================================

    Total RO  Size (Code + RO Data)                40736 (  39.78kB)
    Total RW  Size (RW Data + ZI Data)              4672 (   4.56kB)
    Total ROM Size (Code + RO Data + RW Data)      40760 (  39.80kB)

==============================================================================

