Component: ARM Compiler 5.06 update 6 (build 750) Tool: armlink [4d35ed]

==============================================================================

Section Cross References

    startup_stm32h750xx.o(STACK) refers (Special) to heapauxi.o(.text) for __use_two_region_memory
    startup_stm32h750xx.o(HEAP) refers (Special) to heapauxi.o(.text) for __use_two_region_memory
    startup_stm32h750xx.o(RESET) refers (Special) to heapauxi.o(.text) for __use_two_region_memory
    startup_stm32h750xx.o(RESET) refers to startup_stm32h750xx.o(STACK) for __initial_sp
    startup_stm32h750xx.o(RESET) refers to startup_stm32h750xx.o(.text) for Reset_Handler
    startup_stm32h750xx.o(RESET) refers to stm32h7xx_it.o(i.NMI_Handler) for NMI_Handler
    startup_stm32h750xx.o(RESET) refers to stm32h7xx_it.o(i.HardFault_Handler) for HardFault_Handler
    startup_stm32h750xx.o(RESET) refers to stm32h7xx_it.o(i.MemManage_Handler) for MemManage_Handler
    startup_stm32h750xx.o(RESET) refers to stm32h7xx_it.o(i.BusFault_Handler) for BusFault_Handler
    startup_stm32h750xx.o(RESET) refers to stm32h7xx_it.o(i.UsageFault_Handler) for UsageFault_Handler
    startup_stm32h750xx.o(RESET) refers to stm32h7xx_it.o(i.SVC_Handler) for SVC_Handler
    startup_stm32h750xx.o(RESET) refers to stm32h7xx_it.o(i.DebugMon_Handler) for DebugMon_Handler
    startup_stm32h750xx.o(RESET) refers to stm32h7xx_it.o(i.PendSV_Handler) for PendSV_Handler
    startup_stm32h750xx.o(RESET) refers to stm32h7xx_it.o(i.SysTick_Handler) for SysTick_Handler
    startup_stm32h750xx.o(RESET) refers to stm32h7xx_it.o(i.RCC_IRQHandler) for RCC_IRQHandler
    startup_stm32h750xx.o(RESET) refers to stm32h7xx_it.o(i.DMA1_Stream0_IRQHandler) for DMA1_Stream0_IRQHandler
    startup_stm32h750xx.o(RESET) refers to stm32h7xx_it.o(i.DMA1_Stream1_IRQHandler) for DMA1_Stream1_IRQHandler
    startup_stm32h750xx.o(RESET) refers to stm32h7xx_it.o(i.DMA1_Stream2_IRQHandler) for DMA1_Stream2_IRQHandler
    startup_stm32h750xx.o(RESET) refers to stm32h7xx_it.o(i.DMA1_Stream3_IRQHandler) for DMA1_Stream3_IRQHandler
    startup_stm32h750xx.o(RESET) refers to stm32h7xx_it.o(i.FDCAN2_IT0_IRQHandler) for FDCAN2_IT0_IRQHandler
    startup_stm32h750xx.o(RESET) refers to stm32h7xx_it.o(i.FDCAN2_IT1_IRQHandler) for FDCAN2_IT1_IRQHandler
    startup_stm32h750xx.o(RESET) refers to stm32h7xx_it.o(i.TIM1_BRK_IRQHandler) for TIM1_BRK_IRQHandler
    startup_stm32h750xx.o(RESET) refers to stm32h7xx_it.o(i.TIM1_UP_IRQHandler) for TIM1_UP_IRQHandler
    startup_stm32h750xx.o(RESET) refers to stm32h7xx_it.o(i.TIM1_TRG_COM_IRQHandler) for TIM1_TRG_COM_IRQHandler
    startup_stm32h750xx.o(RESET) refers to stm32h7xx_it.o(i.TIM1_CC_IRQHandler) for TIM1_CC_IRQHandler
    startup_stm32h750xx.o(RESET) refers to stm32h7xx_it.o(i.USART2_IRQHandler) for USART2_IRQHandler
    startup_stm32h750xx.o(RESET) refers to stm32h7xx_it.o(i.TIM5_IRQHandler) for TIM5_IRQHandler
    startup_stm32h750xx.o(RESET) refers to stm32h7xx_it.o(i.DMA2_Stream0_IRQHandler) for DMA2_Stream0_IRQHandler
    startup_stm32h750xx.o(RESET) refers to stm32h7xx_it.o(i.DMA2_Stream1_IRQHandler) for DMA2_Stream1_IRQHandler
    startup_stm32h750xx.o(RESET) refers to stm32h7xx_it.o(i.FDCAN_CAL_IRQHandler) for FDCAN_CAL_IRQHandler
    startup_stm32h750xx.o(RESET) refers to stm32h7xx_it.o(i.UART7_IRQHandler) for UART7_IRQHandler
    startup_stm32h750xx.o(RESET) refers to stm32h7xx_it.o(i.UART8_IRQHandler) for UART8_IRQHandler
    startup_stm32h750xx.o(.text) refers (Special) to heapauxi.o(.text) for __use_two_region_memory
    startup_stm32h750xx.o(.text) refers to system_stm32h7xx.o(i.SystemInit) for SystemInit
    startup_stm32h750xx.o(.text) refers to __main.o(!!!main) for __main
    startup_stm32h750xx.o(.text) refers to startup_stm32h750xx.o(HEAP) for Heap_Mem
    startup_stm32h750xx.o(.text) refers to startup_stm32h750xx.o(STACK) for Stack_Mem
    main.o(i.MX_DMA_Init) refers to stm32h7xx_hal_cortex.o(i.HAL_NVIC_SetPriority) for HAL_NVIC_SetPriority
    main.o(i.MX_DMA_Init) refers to stm32h7xx_hal_cortex.o(i.HAL_NVIC_EnableIRQ) for HAL_NVIC_EnableIRQ
    main.o(i.MX_FDCAN2_Init) refers to stm32h7xx_hal_fdcan.o(i.HAL_FDCAN_Init) for HAL_FDCAN_Init
    main.o(i.MX_FDCAN2_Init) refers to main.o(.bss) for .bss
    main.o(i.MX_GPIO_Init) refers to rt_memclr_w.o(.text) for __aeabi_memclr4
    main.o(i.MX_GPIO_Init) refers to stm32h7xx_hal_gpio.o(i.HAL_GPIO_WritePin) for HAL_GPIO_WritePin
    main.o(i.MX_GPIO_Init) refers to stm32h7xx_hal_gpio.o(i.HAL_GPIO_Init) for HAL_GPIO_Init
    main.o(i.MX_TIM1_Init) refers to stm32h7xx_hal_tim.o(i.HAL_TIM_Base_Init) for HAL_TIM_Base_Init
    main.o(i.MX_TIM1_Init) refers to stm32h7xx_hal_tim.o(i.HAL_TIM_ConfigClockSource) for HAL_TIM_ConfigClockSource
    main.o(i.MX_TIM1_Init) refers to stm32h7xx_hal_tim.o(i.HAL_TIM_IC_Init) for HAL_TIM_IC_Init
    main.o(i.MX_TIM1_Init) refers to stm32h7xx_hal_tim_ex.o(i.HAL_TIMEx_MasterConfigSynchronization) for HAL_TIMEx_MasterConfigSynchronization
[...]
    .data                                    0x24000030   Section        3  tmer.o(.data)
    .data                                    0x24000033   Section        8  hwt901.o(.data)
    .data                                    0x2400003c   Section       12  hsmc.o(.data)
    isr_cnt_100ms                            0x2400003c   Data           2  hsmc.o(.data)
    event_100ms                              0x2400003e   Data           2  hsmc.o(.data)
    isr_cnt_200us                            0x24000040   Data           2  hsmc.o(.data)
    event_200us                              0x24000042   Data           2  hsmc.o(.data)
    .data                                    0x24000048   Section        8  smc.o(.data)
    isr_cnt_100ms                            0x24000048   Data           2  smc.o(.data)
    event_100ms                              0x2400004a   Data           2  smc.o(.data)
    isr_cnt_200us                            0x2400004c   Data           2  smc.o(.data)
    event_200us                              0x2400004e   Data           2  smc.o(.data)
    .data                                    0x24000050   Section        4  uart.o(.data)
    .data                                    0x24000054   Section        8  system_stm32h7xx.o(.data)
    .bss                                     0x24000060   Section     1456  main.o(.bss)
    .bss                                     0x24000610   Section      120  main.o(.bss)
    .bss                                     0x24000688   Section      120  main.o(.bss)
    .bss                                     0x24000700   Section      120  main.o(.bss)
    .bss                                     0x24000778   Section      120  main.o(.bss)
    .bss                                     0x240007f0   Section      120  main.o(.bss)
    .bss                                     0x24000868   Section      120  main.o(.bss)
    .bss                                     0x240008e0   Section       36  main.o(.bss)
    .bss                                     0x24000904   Section       40  main.o(.bss)
    .bss                                     0x2400092c   Section       33  main.o(.bss)
    .bss                                     0x24000950   Section       12  main.o(.bss)
    .bss                                     0x2400095c   Section       12  main.o(.bss)
    .bss                                     0x24000968   Section      240  control.o(.bss)
    .bss                                     0x24000a58   Section      104  control.o(.bss)
    .bss                                     0x24000ac0   Section      104  control.o(.bss)
    .bss                                     0x24000b28   Section    288000  sin_cos.o(.bss)
    sin_table                                0x24000b28   Data       144000  sin_cos.o(.bss)
    cos_table                                0x24023da8   Data       144000  sin_cos.o(.bss)
    .bss                                     0x24047028   Section       96  libspace.o(.bss)
    HEAP                                     0x24047088   Section      512  startup_stm32h750xx.o(HEAP)
    Heap_Mem                                 0x24047088   Data         512  startup_stm32h750xx.o(HEAP)
    STACK                                    0x24047288   Section     1024  startup_stm32h750xx.o(STACK)
    Stack_Mem                                0x24047288   Data        1024  startup_stm32h750xx.o(STACK)
    __initial_sp                             0x24047688   Data           0  startup_stm32h750xx.o(STACK)

    Global Symbols

    Symbol Name                              Value     Ov Type        Size  Object(Section)

    BuildAttributes$$THM_ISAv4$E$P$D$K$B$S$7EM$VFPv5_D16$PE$PLD8$A:L22UL41UL21$X:L11$S22US41US21$IEEE1$IW$USESV6$~STKCKD$USESV7$~SHL$OTIME$ROPI$IEEEX$EBA8$UX$STANDARDLIB$REQ8$PRES8$EABIv2 0x00000000   Number         0  anon$$obj.o ABSOLUTE
    __ARM_use_no_argv                        0x00000000   Number         0  main.o ABSOLUTE
    __ARM_exceptions_init                     - Undefined Weak Reference
    __alloca_initialize                       - Undefined Weak Reference
    __arm_preinit_                            - Undefined Weak Reference
    __cpp_initialize__aeabi_                  - Undefined Weak Reference
    __cxa_finalize                            - Undefined Weak Reference
    __rt_locale                               - Undefined Weak Reference
    __sigvec_lookup                           - Undefined Weak Reference
    __user_heap_extent                        - Undefined Weak Reference
    _atexit_init                              - Undefined Weak Reference
    _call_atexit_fns                          - Undefined Weak Reference
    _clock_init                               - Undefined Weak Reference
    _fp_trap_init                             - Undefined Weak Reference
    _fp_trap_shutdown                         - Undefined Weak Reference
    _get_lc_collate                           - Undefined Weak Reference
    _get_lc_ctype                             - Undefined Weak Reference
    _get_lc_monetary                          - Undefined Weak Reference
    _get_lc_numeric                           - Undefined Weak Reference
    _get_lc_time                              - Undefined Weak Reference
    _getenv_init                              - Undefined Weak Reference
    _handle_redirection                       - Undefined Weak Reference
    _mutex_acquire                            - Undefined Weak Reference
    _mutex_free                               - Undefined Weak Reference
    _mutex_release                            - Undefined Weak Reference
    _rand_init                                - Undefined Weak Reference
    _signal_finish                            - Undefined Weak Reference
    _signal_init                              - Undefined Weak Reference
    __Vectors_Size                           0x00000298   Number         0  startup_stm32h750xx.o ABSOLUTE
    __Vectors                                0x08000000   Data           4  startup_stm32h750xx.o(RESET)
    __Vectors_End                            0x08000298   Data           0  startup_stm32h750xx.o(RESET)
    __main                                   0x08000299   Thumb Code     8  __main.o(!!!main)
    __scatterload                            0x080002a1   Thumb Code     0  __scatter.o(!!!scatter)
    __scatterload_rt2                        0x080002a1   Thumb Code    44  __scatter.o(!!!scatter)
    __scatterload_rt2_thumb_only             0x080002a1   Thumb Code     0  __scatter.o(!!!scatter)
    __scatterload_null                       0x080002af   Thumb Code     0  __scatter.o(!!!scatter)
    __scatterload_copy                       0x080002d5   Thumb Code    26  __scatter_copy.o(!!handler_copy)
    __scatterload_zeroinit                   0x080002f1   Thumb Code    28  __scatter_zi.o(!!handler_zi)
    __rt_lib_init                            0x0800030d   Thumb Code     0  libinit.o(.ARM.Collect$$libinit$$00000000)
    __rt_lib_init_fp_1                       0x0800030f   Thumb Code     0  libinit2.o(.ARM.Collect$$libinit$$00000001)
    __rt_lib_init_alloca_1                   0x08000313   Thumb Code     0  libinit2.o(.ARM.Collect$$libinit$$0000002E)
    __rt_lib_init_argv_1                     0x08000313   Thumb Code     0  libinit2.o(.ARM.Collect$$libinit$$0000002C)
    __rt_lib_init_atexit_1                   0x08000313   Thumb Code     0  libinit2.o(.ARM.Collect$$libinit$$0000001B)
    __rt_lib_init_clock_1                    0x08000313   Thumb Code     0  libinit2.o(.ARM.Collect$$libinit$$00000021)
    __rt_lib_init_cpp_1                      0x08000313   Thumb Code     0  libinit2.o(.ARM.Collect$$libinit$$00000032)
    __rt_lib_init_exceptions_1               0x08000313   Thumb Code     0  libinit2.o(.ARM.Collect$$libinit$$00000030)
    __rt_lib_init_fp_trap_1                  0x08000313   Thumb Code     0  libinit2.o(.ARM.Collect$$libinit$$0000001F)
    __rt_lib_init_getenv_1                   0x08000313   Thumb Code     0  libinit2.o(.ARM.Collect$$libinit$$00000023)
    __rt_lib_init_heap_1                     0x08000313   Thumb Code     0  libinit2.o(.ARM.Collect$$libinit$$0000000A)
    __rt_lib_init_lc_collate_1               0x08000313   Thumb Code     0  libinit2.o(.ARM.Collect$$libinit$$00000011)
    __rt_lib_init_lc_ctype_1                 0x08000313   Thumb Code     0  libinit2.o(.ARM.Collect$$libinit$$00000013)
    __rt_lib_init_lc_monetary_1              0x08000313   Thumb Code     0  libinit2.o(.ARM.Collect$$libinit$$00000015)
    __rt_lib_init_lc_numeric_1               0x08000313   Thumb Code     0  libinit2.o(.ARM.Collect$$libinit$$00000017)
    __rt_lib_init_lc_time_1                  0x08000313   Thumb Code     0  libinit2.o(.ARM.Collect$$libinit$$00000019)
    __rt_lib_init_preinit_1                  0x08000313   Thumb Code     0  libinit2.o(.ARM.Collect$$libinit$$00000004)
    __rt_lib_init_rand_1                     0x08000313   Thumb Code     0  libinit2.o(.ARM.Collect$$libinit$$0000000E)
    __rt_lib_init_return                     0x08000313   Thumb Code     0  libinit2.o(.ARM.Collect$$libinit$$00000033)
    __rt_lib_init_signal_1                   0x08000313   Thumb Code     0  libinit2.o(.ARM.Collect$$libinit$$0000001D)
    __rt_lib_init_stdio_1                    0x08000313   Thumb Code     0  libinit2.o(.ARM.Collect$$libinit$$00000025)
    __rt_lib_init_user_alloc_1               0x08000313   Thumb Code     0  libinit2.o(.ARM.Collect$$libinit$$0000000C)
    __rt_lib_shutdown                        0x08000315   Thumb Code     0  libshutdown.o(.ARM.Collect$$libshutdown$$00000000)
    __rt_lib_shutdown_cpp_1                  0x08000317   Thumb Code     0  libshutdown2.o(.ARM.Collect$$libshutdown$$00000002)
    __rt_lib_shutdown_fp_trap_1              0x08000317   Thumb Code     0  libshutdown2.o(.ARM.Collect$$libshutdown$$00000007)
    __rt_lib_shutdown_heap_1                 0x08000317   Thumb Code     0  libshutdown2.o(.ARM.Collect$$libshutdown$$0000000F)
    __rt_lib_shutdown_return                 0x08000317   Thumb Code     0  libshutdown2.o(.ARM.Collect$$libshutdown$$00000010)
    __rt_lib_shutdown_signal_1               0x08000317   Thumb Code     0  libshutdown2.o(.ARM.Collect$$libshutdown$$0000000A)
    __rt_lib_shutdown_stdio_1                0x08000317   Thumb Code     0  libshutdown2.o(.ARM.Collect$$libshutdown$$00000004)
    __rt_lib_shutdown_user_alloc_1           0x08000317   Thumb Code     0  libshutdown2.o(.ARM.Collect$$libshutdown$$0000000C)
    __rt_entry                               0x08000319   Thumb Code     0  __rtentry.o(.ARM.Collect$$rtentry$$00000000)
    __rt_entry_presh_1                       0x08000319   Thumb Code     0  __rtentry2.o(.ARM.Collect$$rtentry$$00000002)
    __rt_entry_sh                            0x08000319   Thumb Code     0  __rtentry4.o(.ARM.Collect$$rtentry$$00000004)
    __rt_entry_li                            0x0800031f   Thumb Code     0  __rtentry2.o(.ARM.Collect$$rtentry$$0000000A)
    __rt_entry_postsh_1                      0x0800031f   Thumb Code     0  __rtentry2.o(.ARM.Collect$$rtentry$$00000009)
    __rt_entry_main                          0x08000323   Thumb Code     0  __rtentry2.o(.ARM.Collect$$rtentry$$0000000D)
    __rt_entry_postli_1                      0x08000323   Thumb Code     0  __rtentry2.o(.ARM.Collect$$rtentry$$0000000C)
    __rt_exit                                0x0800032b   Thumb Code     0  rtexit.o(.ARM.Collect$$rtexit$$00000000)
    __rt_exit_ls                             0x0800032d   Thumb Code     0  rtexit2.o(.ARM.Collect$$rtexit$$00000003)
    __rt_exit_prels_1                        0x0800032d   Thumb Code     0  rtexit2.o(.ARM.Collect$$rtexit$$00000002)
    __rt_exit_exit                           0x08000331   Thumb Code     0  rtexit2.o(.ARM.Collect$$rtexit$$00000004)
    Reset_Handler                            0x08000339   Thumb Code     8  startup_stm32h750xx.o(.text)
    ADC3_IRQHandler                          0x08000353   Thumb Code     0  startup_stm32h750xx.o(.text)
    ADC_IRQHandler                           0x08000353   Thumb Code     0  startup_stm32h750xx.o(.text)
    BDMA_Channel0_IRQHandler                 0x08000353   Thumb Code     0  startup_stm32h750xx.o(.text)
    BDMA_Channel1_IRQHandler                 0x08000353   Thumb Code     0  startup_stm32h750xx.o(.text)
    BDMA_Channel2_IRQHandler                 0x08000353   Thumb Code     0  startup_stm32h750xx.o(.text)
    BDMA_Channel3_IRQHandler                 0x08000353   Thumb Code     0  startup_stm32h750xx.o(.text)
    BDMA_Channel4_IRQHandler                 0x08000353   Thumb Code     0  startup_stm32h750xx.o(.text)
    BDMA_Channel5_IRQHandler                 0x08000353   Thumb Code     0  startup_stm32h750xx.o(.text)
    BDMA_Channel6_IRQHandler                 0x08000353   Thumb Code     0  startup_stm32h750xx.o(.text)
    BDMA_Channel7_IRQHandler                 0x08000353   Thumb Code     0  startup_stm32h750xx.o(.text)
    CEC_IRQHandler                           0x08000353   Thumb Code     0  startup_stm32h750xx.o(.text)
    COMP1_IRQHandler                         0x08000353   Thumb Code     0  startup_stm32h750xx.o(.text)
    CRS_IRQHandler                           0x08000353   Thumb Code     0  startup_stm32h750xx.o(.text)
    CRYP_IRQHandler                          0x08000353   Thumb Code     0  startup_stm32h750xx.o(.text)
    DCMI_IRQHandler                          0x08000353   Thumb Code     0  startup_stm32h750xx.o(.text)
    DFSDM1_FLT0_IRQHandler                   0x08000353   Thumb Code     0  startup_stm32h750xx.o(.text)
    DFSDM1_FLT1_IRQHandler                   0x08000353   Thumb Code     0  startup_stm32h750xx.o(.text)
    DFSDM1_FLT2_IRQHandler                   0x08000353   Thumb Code     0  startup_stm32h750xx.o(.text)
    DFSDM1_FLT3_IRQHandler                   0x08000353   Thumb Code     0  startup_stm32h750xx.o(.text)
    DMA1_Stream4_IRQHandler                  0x08000353   Thumb Code     0  startup_stm32h750xx.o(.text)
    DMA1_Stream5_IRQHandler                  0x08000353   Thumb Code     0  startup_stm32h750xx.o(.text)
    DMA1_Stream6_IRQHandler                  0x08000353   Thumb Code     0  startup_stm32h750xx.o(.text)
    DMA1_Stream7_IRQHandler                  0x08000353   Thumb Code     0  startup_stm32h750xx.o(.text)
    DMA2D_IRQHandler                         0x08000353   Thumb Code     0  startup_stm32h750xx.o(.text)
    DMA2_Stream2_IRQHandler                  0x08000353   Thumb Code     0  startup_stm32h750xx.o(.text)
    DMA2_Stream3_IRQHandler                  0x08000353   Thumb Code     0  startup_stm32h750xx.o(.text)
    DMA2_Stream4_IRQHandler                  0x08000353   Thumb Code     0  startup_stm32h750xx.o(.text)
    DMA2_Stream5_IRQHandler                  0x08000353   Thumb Code     0  startup_stm32h750xx.o(.text)
    DMA2_Stream6_IRQHandler                  0x08000353   Thumb Code     0  startup_stm32h750xx.o(.text)
    DMA2_Stream7_IRQHandler                  0x08000353   Thumb Code     0  startup_stm32h750xx.o(.text)
    DMAMUX1_OVR_IRQHandler                   0x08000353   Thumb Code     0  startup_stm32h750xx.o(.text)
    DMAMUX2_OVR_IRQHandler                   0x08000353   Thumb Code     0  startup_stm32h750xx.o(.text)
    ECC_IRQHandler                           0x08000353   Thumb Code     0  startup_stm32h750xx.o(.text)
    ETH_IRQHandler                           0x08000353   Thumb Code     0  startup_stm32h750xx.o(.text)
    ETH_WKUP_IRQHandler                      0x08000353   Thumb Code     0  startup_stm32h750xx.o(.text)
    EXTI0_IRQHandler                         0x08000353   Thumb Code     0  startup_stm32h750xx.o(.text)
    EXTI15_10_IRQHandler                     0x08000353   Thumb Code     0  startup_stm32h750xx.o(.text)
    EXTI1_IRQHandler                         0x08000353   Thumb Code     0  startup_stm32h750xx.o(.text)
    EXTI2_IRQHandler                         0x08000353   Thumb Code     0  startup_stm32h750xx.o(.text)
    EXTI3_IRQHandler                         0x08000353   Thumb Code     0  startup_stm32h750xx.o(.text)
    EXTI4_IRQHandler                         0x08000353   Thumb Code     0  startup_stm32h750xx.o(.text)
    EXTI9_5_IRQHandler                       0x08000353   Thumb Code     0  startup_stm32h750xx.o(.text)
    FDCAN1_IT0_IRQHandler                    0x08000353   Thumb Code     0  startup_stm32h750xx.o(.text)
    FDCAN1_IT1_IRQHandler                    0x08000353   Thumb Code     0  startup_stm32h750xx.o(.text)
    FLASH_IRQHandler                         0x08000353   Thumb Code     0  startup_stm32h750xx.o(.text)
    FMC_IRQHandler                           0x08000353   Thumb Code     0  startup_stm32h750xx.o(.text)
    FPU_IRQHandler                           0x08000353   Thumb Code     0  startup_stm32h750xx.o(.text)
    HASH_RNG_IRQHandler                      0x08000353   Thumb Code     0  startup_stm32h750xx.o(.text)
    HRTIM1_FLT_IRQHandler                    0x08000353   Thumb Code     0  startup_stm32h750xx.o(.text)
    HRTIM1_Master_IRQHandler                 0x08000353   Thumb Code     0  startup_stm32h750xx.o(.text)
    HRTIM1_TIMA_IRQHandler                   0x08000353   Thumb Code     0  startup_stm32h750xx.o(.text)
    HRTIM1_TIMB_IRQHandler                   0x08000353   Thumb Code     0  startup_stm32h750xx.o(.text)
    HRTIM1_TIMC_IRQHandler                   0x08000353   Thumb Code     0  startup_stm32h750xx.o(.text)
    HRTIM1_TIMD_IRQHandler                   0x08000353   Thumb Code     0  startup_stm32h750xx.o(.text)
    HRTIM1_TIME_IRQHandler                   0x08000353   Thumb Code     0  startup_stm32h750xx.o(.text)
    HSEM1_IRQHandler                         0x08000353   Thumb Code     0  startup_stm32h750xx.o(.text)
    I2C1_ER_IRQHandler                       0x08000353   Thumb Code     0  startup_stm32h750xx.o(.text)
    I2C1_EV_IRQHandler                       0x08000353   Thumb Code     0  startup_stm32h750xx.o(.text)
    I2C2_ER_IRQHandler                       0x08000353   Thumb Code     0  startup_stm32h750xx.o(.text)
    I2C2_EV_IRQHandler                       0x08000353   Thumb Code     0  startup_stm32h750xx.o(.text)
    I2C3_ER_IRQHandler                       0x08000353   Thumb Code     0  startup_stm32h750xx.o(.text)
    I2C3_EV_IRQHandler                       0x08000353   Thumb Code     0  startup_stm32h750xx.o(.text)
    I2C4_ER_IRQHandler                       0x08000353   Thumb Code     0  startup_stm32h750xx.o(.text)
    I2C4_EV_IRQHandler                       0x08000353   Thumb Code     0  startup_stm32h750xx.o(.text)
    JPEG_IRQHandler                          0x08000353   Thumb Code     0  startup_stm32h750xx.o(.text)
    LPTIM1_IRQHandler                        0x08000353   Thumb Code     0  startup_stm32h750xx.o(.text)
    LPTIM2_IRQHandler                        0x08000353   Thumb Code     0  startup_stm32h750xx.o(.text)
    LPTIM3_IRQHandler                        0x08000353   Thumb Code     0  startup_stm32h750xx.o(.text)
    LPTIM4_IRQHandler                        0x08000353   Thumb Code     0  startup_stm32h750xx.o(.text)
    LPTIM5_IRQHandler                        0x08000353   Thumb Code     0  startup_stm32h750xx.o(.text)
    LPUART1_IRQHandler                       0x08000353   Thumb Code     0  startup_stm32h750xx.o(.text)
    LTDC_ER_IRQHandler                       0x08000353   Thumb Code     0  startup_stm32h750xx.o(.text)
    LTDC_IRQHandler                          0x08000353   Thumb Code     0  startup_stm32h750xx.o(.text)
    MDIOS_IRQHandler                         0x08000353   Thumb Code     0  startup_stm32h750xx.o(.text)
    MDIOS_WKUP_IRQHandler                    0x08000353   Thumb Code     0  startup_stm32h750xx.o(.text)
    MDMA_IRQHandler                          0x08000353   Thumb Code     0  startup_stm32h750xx.o(.text)
    OTG_FS_EP1_IN_IRQHandler                 0x08000353   Thumb Code     0  startup_stm32h750xx.o(.text)
    OTG_FS_EP1_OUT_IRQHandler                0x08000353   Thumb Code     0  startup_stm32h750xx.o(.text)
    OTG_FS_IRQHandler                        0x08000353   Thumb Code     0  startup_stm32h750xx.o(.text)
    OTG_FS_WKUP_IRQHandler                   0x08000353   Thumb Code     0  startup_stm32h750xx.o(.text)
    OTG_HS_EP1_IN_IRQHandler                 0x08000353   Thumb Code     0  startup_stm32h750xx.o(.text)
    OTG_HS_EP1_OUT_IRQHandler                0x08000353   Thumb Code     0  startup_stm32h750xx.o(.text)
    OTG_HS_IRQHandler                        0x08000353   Thumb Code     0  startup_stm32h750xx.o(.text)
    OTG_HS_WKUP_IRQHandler                   0x08000353   Thumb Code     0  startup_stm32h750xx.o(.text)
    PVD_AVD_IRQHandler                       0x08000353   Thumb Code     0  startup_stm32h750xx.o(.text)
    QUADSPI_IRQHandler                       0x08000353   Thumb Code     0  startup_stm32h750xx.o(.text)
    RTC_Alarm_IRQHandler                     0x08000353   Thumb Code     0  startup_stm32h750xx.o(.text)
    RTC_WKUP_IRQHandler                      0x08000353   Thumb Code     0  startup_stm32h750xx.o(.text)
    SAI1_IRQHandler                          0x08000353   Thumb Code     0  startup_stm32h750xx.o(.text)
    SAI2_IRQHandler                          0x08000353   Thumb Code     0  startup_stm32h750xx.o(.text)
    SAI3_IRQHandler                          0x08000353   Thumb Code     0  startup_stm32h750xx.o(.text)
    SAI4_IRQHandler                          0x08000353   Thumb Code     0  startup_stm32h750xx.o(.text)
    SDMMC1_IRQHandler                        0x08000353   Thumb Code     0  startup_stm32h750xx.o(.text)
    SDMMC2_IRQHandler                        0x08000353   Thumb Code     0  startup_stm32h750xx.o(.text)
    SPDIF_RX_IRQHandler                      0x08000353   Thumb Code     0  startup_stm32h750xx.o(.text)
    SPI1_IRQHandler                          0x08000353   Thumb Code     0  startup_stm32h750xx.o(.text)
    SPI2_IRQHandler                          0x08000353   Thumb Code     0  startup_stm32h750xx.o(.text)
    SPI3_IRQHandler                          0x08000353   Thumb Code     0  startup_stm32h750xx.o(.text)
    SPI4_IRQHandler                          0x08000353   Thumb Code     0  startup_stm32h750xx.o(.text)
    SPI5_IRQHandler                          0x08000353   Thumb Code     0  startup_stm32h750xx.o(.text)
    SPI6_IRQHandler                          0x08000353   Thumb Code     0  startup_stm32h750xx.o(.text)
    SWPMI1_IRQHandler                        0x08000353   Thumb Code     0  startup_stm32h750xx.o(.text)
    TAMP_STAMP_IRQHandler                    0x08000353   Thumb Code     0  startup_stm32h750xx.o(.text)
    TIM15_IRQHandler                         0x08000353   Thumb Code     0  startup_stm32h750xx.o(.text)
    TIM16_IRQHandler                         0x08000353   Thumb Code     0  startup_stm32h750xx.o(.text)
    TIM17_IRQHandler                         0x08000353   Thumb Code     0  startup_stm32h750xx.o(.text)
    TIM2_IRQHandler                          0x08000353   Thumb Code     0  startup_stm32h750xx.o(.text)
    TIM3_IRQHandler                          0x08000353   Thumb Code     0  startup_stm32h750xx.o(.text)
    TIM4_IRQHandler                          0x08000353   Thumb Code     0  startup_stm32h750xx.o(.text)
    TIM6_DAC_IRQHandler                      0x08000353   Thumb Code     0  startup_stm32h750xx.o(.text)
    TIM7_IRQHandler                          0x08000353   Thumb Code     0  startup_stm32h750xx.o(.text)
    TIM8_BRK_TIM12_IRQHandler                0x08000353   Thumb Code     0  startup_stm32h750xx.o(.text)
    TIM8_CC_IRQHandler                       0x08000353   Thumb Code     0  startup_stm32h750xx.o(.text)
    TIM8_TRG_COM_TIM14_IRQHandler            0x08000353   Thumb Code     0  startup_stm32h750xx.o(.text)
    TIM8_UP_TIM13_IRQHandler                 0x08000353   Thumb Code     0  startup_stm32h750xx.o(.text)
    UART4_IRQHandler                         0x08000353   Thumb Code     0  startup_stm32h750xx.o(.text)
    UART5_IRQHandler                         0x08000353   Thumb Code     0  startup_stm32h750xx.o(.text)
    USART1_IRQHandler                        0x08000353   Thumb Code     0  startup_stm32h750xx.o(.text)
    USART3_IRQHandler                        0x08000353   Thumb Code     0  startup_stm32h750xx.o(.text)
    USART6_IRQHandler                        0x08000353   Thumb Code     0  startup_stm32h750xx.o(.text)
    WAKEUP_PIN_IRQHandler                    0x08000353   Thumb Code     0  startup_stm32h750xx.o(.text)
    WWDG_IRQHandler                          0x08000353   Thumb Code     0  startup_stm32h750xx.o(.text)
    __user_initial_stackheap                 0x08000355   Thumb Code     0  startup_stm32h750xx.o(.text)
    __aeabi_uldivmod                         0x08000379   Thumb Code     0  lludivv7m.o(.text)
    _ll_udiv                                 0x08000379   Thumb Code   238  lludivv7m.o(.text)
    __aeabi_memcpy                           0x08000467   Thumb Code     0  rt_memcpy_v6.o(.text)
    __rt_memcpy                              0x08000467   Thumb Code   138  rt_memcpy_v6.o(.text)
    _memcpy_lastbytes                        0x080004cd   Thumb Code     0  rt_memcpy_v6.o(.text)
    __aeabi_memcpy4                          0x080004f1   Thumb Code     0  rt_memcpy_w.o(.text)
    __aeabi_memcpy8                          0x080004f1   Thumb Code     0  rt_memcpy_w.o(.text)
    __rt_memcpy_w                            0x080004f1   Thumb Code   100  rt_memcpy_w.o(.text)
    _memcpy_lastbytes_aligned                0x08000539   Thumb Code     0  rt_memcpy_w.o(.text)
    __aeabi_memclr4                          0x08000555   Thumb Code     0  rt_memclr_w.o(.text)
    __aeabi_memclr8                          0x08000555   Thumb Code     0  rt_memclr_w.o(.text)
    __rt_memclr_w                            0x08000555   Thumb Code    78  rt_memclr_w.o(.text)
    _memset_w                                0x08000559   Thumb Code     0  rt_memclr_w.o(.text)
    __use_two_region_memory                  0x080005a3   Thumb Code     2  heapauxi.o(.text)
    __rt_heap_escrow                         0x080005a5   Thumb Code     2  heapauxi.o(.text)
    __rt_heap_expand                         0x080005a7   Thumb Code     2  heapauxi.o(.text)
    __read_errno                             0x080005a9   Thumb Code    10  _rserrno.o(.text)
    __set_errno                              0x080005b3   Thumb Code    12  _rserrno.o(.text)
    __aeabi_errno_addr                       0x080005c1   Thumb Code     8  rt_errno_addr_intlibspace.o(.text)
    __errno$intlibspace                      0x080005c1   Thumb Code     0  rt_errno_addr_intlibspace.o(.text)
    __rt_errno_addr$intlibspace              0x080005c1   Thumb Code     0  rt_errno_addr_intlibspace.o(.text)
    __user_libspace                          0x080005c9   Thumb Code     8  libspace.o(.text)
    __user_perproc_libspace                  0x080005c9   Thumb Code     0  libspace.o(.text)
    __user_perthread_libspace                0x080005c9   Thumb Code     0  libspace.o(.text)
    __user_setup_stackheap                   0x080005d1   Thumb Code    74  sys_stackheap_outer.o(.text)
    exit                                     0x0800061b   Thumb Code    18  exit.o(.text)
    __I$use$semihosting                      0x0800062d   Thumb Code     0  use_no_semi.o(.text)
    __use_no_semihosting_swi                 0x0800062d   Thumb Code     2  use_no_semi.o(.text)
    __semihosting_library_function           0x0800062f   Thumb Code     0  indicate_semi.o(.text)
    _sys_exit                                0x08000631   Thumb Code     8  sys_exit.o(.text)
    BusFault_Handler                         0x0800063d   Thumb Code     2  stm32h7xx_it.o(i.BusFault_Handler)
    CreateAndSendFrame                       0x08000641   Thumb Code   266  esp32.o(i.CreateAndSendFrame)
    DMA1_Stream0_IRQHandler                  0x0800077d   Thumb Code     6  stm32h7xx_it.o(i.DMA1_Stream0_IRQHandler)
    DMA1_Stream1_IRQHandler                  0x08000789   Thumb Code     6  stm32h7xx_it.o(i.DMA1_Stream1_IRQHandler)
    DMA1_Stream2_IRQHandler                  0x08000795   Thumb Code     6  stm32h7xx_it.o(i.DMA1_Stream2_IRQHandler)
    DMA1_Stream3_IRQHandler                  0x080007a1   Thumb Code     6  stm32h7xx_it.o(i.DMA1_Stream3_IRQHandler)
    DMA2_Stream0_IRQHandler                  0x080007ad   Thumb Code     6  stm32h7xx_it.o(i.DMA2_Stream0_IRQHandler)
    DMA2_Stream1_IRQHandler                  0x080007b9   Thumb Code     6  stm32h7xx_it.o(i.DMA2_Stream1_IRQHandler)
    DebugMon_Handler                         0x08000bfd   Thumb Code     2  stm32h7xx_it.o(i.DebugMon_Handler)
    ESP_to_STM                               0x08000c01   Thumb Code   570  esp32.o(i.ESP_to_STM)
    Error_Handler                            0x08000e49   Thumb Code     4  main.o(i.Error_Handler)
    FDCAN2_IT0_IRQHandler                    0x08000e4d   Thumb Code     6  stm32h7xx_it.o(i.FDCAN2_IT0_IRQHandler)
    FDCAN2_IT1_IRQHandler                    0x08000e59   Thumb Code     6  stm32h7xx_it.o(i.FDCAN2_IT1_IRQHandler)
    FDCAN_CAL_IRQHandler                     0x08000e65   Thumb Code     6  stm32h7xx_it.o(i.FDCAN_CAL_IRQHandler)
    FDCAN_Config                             0x08001039   Thumb Code    78  communicationcanhehe.o(i.FDCAN_Config)
    HAL_DMA_Abort                            0x08001091   Thumb Code   836  stm32h7xx_hal_dma.o(i.HAL_DMA_Abort)
    HAL_DMA_Abort_IT                         0x080013f1   Thumb Code   602  stm32h7xx_hal_dma.o(i.HAL_DMA_Abort_IT)
    HAL_DMA_IRQHandler                       0x08001675   Thumb Code  1756  stm32h7xx_hal_dma.o(i.HAL_DMA_IRQHandler)
    HAL_DMA_Init                             0x08001d5d   Thumb Code   926  stm32h7xx_hal_dma.o(i.HAL_DMA_Init)
    HAL_DMA_Start_IT                         0x08002121   Thumb Code   628  stm32h7xx_hal_dma.o(i.HAL_DMA_Start_IT)
    HAL_Delay                                0x080023bd   Thumb Code    32  stm32h7xx_hal.o(i.HAL_Delay)
    HAL_FDCAN_ActivateNotification           0x080023e1   Thumb Code   126  stm32h7xx_hal_fdcan.o(i.HAL_FDCAN_ActivateNotification)
    HAL_FDCAN_ClockCalibrationCallback       0x08002469   Thumb Code     2  stm32h7xx_hal_fdcan.o(i.HAL_FDCAN_ClockCalibrationCallback)
    HAL_FDCAN_ConfigFilter                   0x0800246b   Thumb Code   126  stm32h7xx_hal_fdcan.o(i.HAL_FDCAN_ConfigFilter)
    HAL_FDCAN_ErrorCallback                  0x080024e9   Thumb Code     2  stm32h7xx_hal_fdcan.o(i.HAL_FDCAN_ErrorCallback)
    HAL_FDCAN_ErrorStatusCallback            0x080024eb   Thumb Code     2  stm32h7xx_hal_fdcan.o(i.HAL_FDCAN_ErrorStatusCallback)
    HAL_FDCAN_GetRxMessage                   0x080024ed   Thumb Code   392  stm32h7xx_hal_fdcan.o(i.HAL_FDCAN_GetRxMessage)
    HAL_FDCAN_HighPriorityMessageCallback    0x08002679   Thumb Code     2  stm32h7xx_hal_fdcan.o(i.HAL_FDCAN_HighPriorityMessageCallback)
    HAL_FDCAN_IRQHandler                     0x0800267d   Thumb Code   788  stm32h7xx_hal_fdcan.o(i.HAL_FDCAN_IRQHandler)
    HAL_FDCAN_Init                           0x0800299d   Thumb Code   572  stm32h7xx_hal_fdcan.o(i.HAL_FDCAN_Init)
    HAL_FDCAN_MspInit                        0x08002be1   Thumb Code   172  stm32h7xx_hal_msp.o(i.HAL_FDCAN_MspInit)
    HAL_FDCAN_RxBufferNewMessageCallback     0x08002c99   Thumb Code     2  stm32h7xx_hal_fdcan.o(i.HAL_FDCAN_RxBufferNewMessageCallback)
    HAL_FDCAN_RxFifo0Callback                0x08002c9d   Thumb Code    90  communicationcanhehe.o(i.HAL_FDCAN_RxFifo0Callback)
    HAL_FDCAN_RxFifo1Callback                0x08002d09   Thumb Code     2  stm32h7xx_hal_fdcan.o(i.HAL_FDCAN_RxFifo1Callback)
    HAL_FDCAN_Start                          0x08002d0b   Thumb Code    50  stm32h7xx_hal_fdcan.o(i.HAL_FDCAN_Start)
    HAL_FDCAN_TT_GlobalTimeCallback          0x08002d3d   Thumb Code     2  stm32h7xx_hal_fdcan.o(i.HAL_FDCAN_TT_GlobalTimeCallback)
    HAL_FDCAN_TT_ScheduleSyncCallback        0x08002d3f   Thumb Code     2  stm32h7xx_hal_fdcan.o(i.HAL_FDCAN_TT_ScheduleSyncCallback)
    HAL_FDCAN_TT_StopWatchCallback           0x08002d41   Thumb Code     2  stm32h7xx_hal_fdcan.o(i.HAL_FDCAN_TT_StopWatchCallback)
    HAL_FDCAN_TT_TimeMarkCallback            0x08002d43   Thumb Code     2  stm32h7xx_hal_fdcan.o(i.HAL_FDCAN_TT_TimeMarkCallback)
    HAL_FDCAN_TimeoutOccurredCallback        0x08002d45   Thumb Code     2  stm32h7xx_hal_fdcan.o(i.HAL_FDCAN_TimeoutOccurredCallback)
    HAL_FDCAN_TimestampWraparoundCallback    0x08002d47   Thumb Code     2  stm32h7xx_hal_fdcan.o(i.HAL_FDCAN_TimestampWraparoundCallback)
    HAL_FDCAN_TxBufferAbortCallback          0x08002d49   Thumb Code     2  stm32h7xx_hal_fdcan.o(i.HAL_FDCAN_TxBufferAbortCallback)
    HAL_FDCAN_TxBufferCompleteCallback       0x08002d4b   Thumb Code     2  stm32h7xx_hal_fdcan.o(i.HAL_FDCAN_TxBufferCompleteCallback)
    HAL_FDCAN_TxEventFifoCallback            0x08002d4d   Thumb Code     2  stm32h7xx_hal_fdcan.o(i.HAL_FDCAN_TxEventFifoCallback)
    HAL_FDCAN_TxFifoEmptyCallback            0x08002d4f   Thumb Code     2  stm32h7xx_hal_fdcan.o(i.HAL_FDCAN_TxFifoEmptyCallback)
    HAL_GPIO_Init                            0x08002d51   Thumb Code   506  stm32h7xx_hal_gpio.o(i.HAL_GPIO_Init)
    HAL_GPIO_ReadPin                         0x08002f7d   Thumb Code    10  stm32h7xx_hal_gpio.o(i.HAL_GPIO_ReadPin)
    HAL_GPIO_TogglePin                       0x08002f87   Thumb Code    16  stm32h7xx_hal_gpio.o(i.HAL_GPIO_TogglePin)
    HAL_GPIO_WritePin                        0x08002f97   Thumb Code    10  stm32h7xx_hal_gpio.o(i.HAL_GPIO_WritePin)
    HAL_GetREVID                             0x08002fa1   Thumb Code     8  stm32h7xx_hal.o(i.HAL_GetREVID)
    HAL_GetTick                              0x08002fad   Thumb Code     6  stm32h7xx_hal.o(i.HAL_GetTick)
    HAL_IncTick                              0x08002fb9   Thumb Code    12  stm32h7xx_hal.o(i.HAL_IncTick)
    HAL_Init                                 0x08002fc9   Thumb Code    74  stm32h7xx_hal.o(i.HAL_Init)
    HAL_InitTick                             0x08003025   Thumb Code    56  stm32h7xx_hal.o(i.HAL_InitTick)
    HAL_MPU_ConfigRegion                     0x08003065   Thumb Code    86  stm32h7xx_hal_cortex.o(i.HAL_MPU_ConfigRegion)
    HAL_MPU_Disable                          0x080030c1   Thumb Code    24  stm32h7xx_hal_cortex.o(i.HAL_MPU_Disable)
    HAL_MPU_Enable                           0x080030dd   Thumb Code    30  stm32h7xx_hal_cortex.o(i.HAL_MPU_Enable)
    HAL_MspInit                              0x08003101   Thumb Code    40  stm32h7xx_hal_msp.o(i.HAL_MspInit)
    HAL_NVIC_EnableIRQ                       0x0800312d   Thumb Code    26  stm32h7xx_hal_cortex.o(i.HAL_NVIC_EnableIRQ)
    HAL_NVIC_SetPriority                     0x08003149   Thumb Code    60  stm32h7xx_hal_cortex.o(i.HAL_NVIC_SetPriority)
    HAL_NVIC_SetPriorityGrouping             0x08003189   Thumb Code    28  stm32h7xx_hal_cortex.o(i.HAL_NVIC_SetPriorityGrouping)
    HAL_PWREx_ConfigSupply                   0x080031ad   Thumb Code    78  stm32h7xx_hal_pwr_ex.o(i.HAL_PWREx_ConfigSupply)
    HAL_RCCEx_GetD3PCLK1Freq                 0x08003201   Thumb Code    26  stm32h7xx_hal_rcc_ex.o(i.HAL_RCCEx_GetD3PCLK1Freq)
    HAL_RCCEx_GetPLL2ClockFreq               0x08003225   Thumb Code   296  stm32h7xx_hal_rcc_ex.o(i.HAL_RCCEx_GetPLL2ClockFreq)
    HAL_RCCEx_GetPLL3ClockFreq               0x08003369   Thumb Code   296  stm32h7xx_hal_rcc_ex.o(i.HAL_RCCEx_GetPLL3ClockFreq)
    HAL_RCCEx_PeriphCLKConfig                0x080034ad   Thumb Code  2472  stm32h7xx_hal_rcc_ex.o(i.HAL_RCCEx_PeriphCLKConfig)
    HAL_RCC_ClockConfig                      0x08003e59   Thumb Code   580  stm32h7xx_hal_rcc.o(i.HAL_RCC_ClockConfig)
    HAL_RCC_GetHCLKFreq                      0x080040b5   Thumb Code    52  stm32h7xx_hal_rcc.o(i.HAL_RCC_GetHCLKFreq)
    HAL_RCC_GetPCLK1Freq                     0x080040f9   Thumb Code    26  stm32h7xx_hal_rcc.o(i.HAL_RCC_GetPCLK1Freq)
    HAL_RCC_GetPCLK2Freq                     0x0800411d   Thumb Code    26  stm32h7xx_hal_rcc.o(i.HAL_RCC_GetPCLK2Freq)
    HAL_RCC_GetSysClockFreq                  0x08004141   Thumb Code   278  stm32h7xx_hal_rcc.o(i.HAL_RCC_GetSysClockFreq)
    HAL_RCC_OscConfig                        0x08004279   Thumb Code  1410  stm32h7xx_hal_rcc.o(i.HAL_RCC_OscConfig)
    HAL_RS485Ex_Init                         0x080047fd   Thumb Code   136  stm32h7xx_hal_uart_ex.o(i.HAL_RS485Ex_Init)
    HAL_SYSTICK_Config                       0x08004889   Thumb Code    38  stm32h7xx_hal_cortex.o(i.HAL_SYSTICK_Config)
    HAL_TIMEx_Break2Callback                 0x080048af   Thumb Code     2  stm32h7xx_hal_tim_ex.o(i.HAL_TIMEx_Break2Callback)
    HAL_TIMEx_BreakCallback                  0x080048b1   Thumb Code     2  stm32h7xx_hal_tim_ex.o(i.HAL_TIMEx_BreakCallback)
    HAL_TIMEx_CommutCallback                 0x080048b3   Thumb Code     2  stm32h7xx_hal_tim_ex.o(i.HAL_TIMEx_CommutCallback)
    HAL_TIMEx_MasterConfigSynchronization    0x080048b5   Thumb Code   134  stm32h7xx_hal_tim_ex.o(i.HAL_TIMEx_MasterConfigSynchronization)
    HAL_TIM_Base_Init                        0x08004959   Thumb Code    98  stm32h7xx_hal_tim.o(i.HAL_TIM_Base_Init)
    HAL_TIM_Base_MspInit                     0x080049bd   Thumb Code   156  stm32h7xx_hal_msp.o(i.HAL_TIM_Base_MspInit)
    HAL_TIM_Base_Start_IT                    0x08004a65   Thumb Code   106  stm32h7xx_hal_tim.o(i.HAL_TIM_Base_Start_IT)
    HAL_TIM_ConfigClockSource                0x08004af1   Thumb Code   248  stm32h7xx_hal_tim.o(i.HAL_TIM_ConfigClockSource)
    HAL_TIM_IC_CaptureCallback               0x08004bed   Thumb Code     2  stm32h7xx_hal_tim.o(i.HAL_TIM_IC_CaptureCallback)
    HAL_TIM_IC_ConfigChannel                 0x08004bef   Thumb Code   290  stm32h7xx_hal_tim.o(i.HAL_TIM_IC_ConfigChannel)
    HAL_TIM_IC_Init                          0x08004d11   Thumb Code    98  stm32h7xx_hal_tim.o(i.HAL_TIM_IC_Init)
    HAL_TIM_IC_MspInit                       0x08004d75   Thumb Code   104  stm32h7xx_hal_msp.o(i.HAL_TIM_IC_MspInit)
    HAL_TIM_IRQHandler                       0x08004de9   Thumb Code   328  stm32h7xx_hal_tim.o(i.HAL_TIM_IRQHandler)
    HAL_TIM_OC_DelayElapsedCallback          0x08004f31   Thumb Code     2  stm32h7xx_hal_tim.o(i.HAL_TIM_OC_DelayElapsedCallback)
    HAL_TIM_PWM_PulseFinishedCallback        0x08004f33   Thumb Code     2  stm32h7xx_hal_tim.o(i.HAL_TIM_PWM_PulseFinishedCallback)
    HAL_TIM_PeriodElapsedCallback            0x08004f35   Thumb Code   124  tmer.o(i.HAL_TIM_PeriodElapsedCallback)
    HAL_TIM_TriggerCallback                  0x08004ff1   Thumb Code     2  stm32h7xx_hal_tim.o(i.HAL_TIM_TriggerCallback)
    HAL_UARTEx_DisableFifoMode               0x08004ff3   Thumb Code    64  stm32h7xx_hal_uart_ex.o(i.HAL_UARTEx_DisableFifoMode)
    HAL_UARTEx_ReceiveToIdle_DMA             0x08005033   Thumb Code    74  stm32h7xx_hal_uart_ex.o(i.HAL_UARTEx_ReceiveToIdle_DMA)
    HAL_UARTEx_RxEventCallback               0x0800507d   Thumb Code    96  uart.o(i.HAL_UARTEx_RxEventCallback)
    HAL_UARTEx_RxFifoFullCallback            0x0800510d   Thumb Code     2  stm32h7xx_hal_uart_ex.o(i.HAL_UARTEx_RxFifoFullCallback)
    HAL_UARTEx_SetRxFifoThreshold            0x0800510f   Thumb Code    76  stm32h7xx_hal_uart_ex.o(i.HAL_UARTEx_SetRxFifoThreshold)
    HAL_UARTEx_SetTxFifoThreshold            0x0800515b   Thumb Code    76  stm32h7xx_hal_uart_ex.o(i.HAL_UARTEx_SetTxFifoThreshold)
    HAL_UARTEx_TxFifoEmptyCallback           0x080051a7   Thumb Code     2  stm32h7xx_hal_uart_ex.o(i.HAL_UARTEx_TxFifoEmptyCallback)
    HAL_UARTEx_WakeupCallback                0x080051a9   Thumb Code     2  stm32h7xx_hal_uart_ex.o(i.HAL_UARTEx_WakeupCallback)
    HAL_UART_ErrorCallback                   0x080051ab   Thumb Code     2  stm32h7xx_hal_uart.o(i.HAL_UART_ErrorCallback)
    HAL_UART_IRQHandler                      0x080051ad   Thumb Code   898  stm32h7xx_hal_uart.o(i.HAL_UART_IRQHandler)
    HAL_UART_Init                            0x08005549   Thumb Code   106  stm32h7xx_hal_uart.o(i.HAL_UART_Init)
    HAL_UART_MspInit                         0x080055b5   Thumb Code   784  stm32h7xx_hal_msp.o(i.HAL_UART_MspInit)
    HAL_UART_Receive_DMA                     0x0800590d   Thumb Code    66  stm32h7xx_hal_uart.o(i.HAL_UART_Receive_DMA)
    HAL_UART_RxCpltCallback                  0x08005955   Thumb Code    78  uart.o(i.HAL_UART_RxCpltCallback)
    HAL_UART_RxHalfCpltCallback              0x080059c9   Thumb Code     2  stm32h7xx_hal_uart.o(i.HAL_UART_RxHalfCpltCallback)
    HAL_UART_Transmit                        0x080059cb   Thumb Code   176  stm32h7xx_hal_uart.o(i.HAL_UART_Transmit)
    HAL_UART_Transmit_DMA                    0x08005a7d   Thumb Code   132  stm32h7xx_hal_uart.o(i.HAL_UART_Transmit_DMA)
    HAL_UART_TxCpltCallback                  0x08005b0d   Thumb Code   158  uart.o(i.HAL_UART_TxCpltCallback)
    HAL_UART_TxHalfCpltCallback              0x08005bc1   Thumb Code     2  stm32h7xx_hal_uart.o(i.HAL_UART_TxHalfCpltCallback)
    HSMC_init                                0x08005bc3   Thumb Code     2  hsmc.o(i.HSMC_init)
    HWT901_request                           0x08005bc5   Thumb Code    44  hwt901.o(i.HWT901_request)
    HardFault_Handler                        0x08005bfd   Thumb Code     2  stm32h7xx_it.o(i.HardFault_Handler)
    MemManage_Handler                        0x08006061   Thumb Code     2  stm32h7xx_it.o(i.MemManage_Handler)
    Modbus_CRC16                             0x08006063   Thumb Code    50  hwt901.o(i.Modbus_CRC16)
    NMI_Handler                              0x08006095   Thumb Code     2  stm32h7xx_it.o(i.NMI_Handler)
    PID_init                                 0x08006097   Thumb Code    34  pid.o(i.PID_init)
    PendSV_Handler                           0x080060b9   Thumb Code     2  stm32h7xx_it.o(i.PendSV_Handler)
    RCC_IRQHandler                           0x080062fd   Thumb Code     2  stm32h7xx_it.o(i.RCC_IRQHandler)
    SMC_control                              0x08006301   Thumb Code   700  smc.o(i.SMC_control)
    SVC_Handler                              0x080065f1   Thumb Code     2  stm32h7xx_it.o(i.SVC_Handler)
    SysTick_Handler                          0x080065f3   Thumb Code     4  stm32h7xx_it.o(i.SysTick_Handler)
    SystemClock_Config                       0x080065f9   Thumb Code   166  main.o(i.SystemClock_Config)
    SystemInit                               0x080066a9   Thumb Code   180  system_stm32h7xx.o(i.SystemInit)
    TIM1_BRK_IRQHandler                      0x08006785   Thumb Code     6  stm32h7xx_it.o(i.TIM1_BRK_IRQHandler)
    TIM1_CC_IRQHandler                       0x08006791   Thumb Code     6  stm32h7xx_it.o(i.TIM1_CC_IRQHandler)
    TIM1_TRG_COM_IRQHandler                  0x0800679d   Thumb Code     6  stm32h7xx_it.o(i.TIM1_TRG_COM_IRQHandler)
    TIM1_UP_IRQHandler                       0x080067a9   Thumb Code     6  stm32h7xx_it.o(i.TIM1_UP_IRQHandler)
    TIM5_IRQHandler                          0x080067b5   Thumb Code     6  stm32h7xx_it.o(i.TIM5_IRQHandler)
    TIM_Base_SetConfig                       0x080067c1   Thumb Code   170  stm32h7xx_hal_tim.o(i.TIM_Base_SetConfig)
    TIM_ETR_SetConfig                        0x0800688d   Thumb Code    18  stm32h7xx_hal_tim.o(i.TIM_ETR_SetConfig)
    TIM_TI1_SetConfig                        0x080068d9   Thumb Code   100  stm32h7xx_hal_tim.o(i.TIM_TI1_SetConfig)
    TwoWBMR_Init                             0x080069b5   Thumb Code    74  hsmc.o(i.TwoWBMR_Init)
    UART7_IRQHandler                         0x08006a25   Thumb Code     6  stm32h7xx_it.o(i.UART7_IRQHandler)
    UART8_IRQHandler                         0x08006a31   Thumb Code     6  stm32h7xx_it.o(i.UART8_IRQHandler)
    UART_AdvFeatureConfig                    0x08006a81   Thumb Code   200  stm32h7xx_hal_uart.o(i.UART_AdvFeatureConfig)
    UART_CheckIdleState                      0x08006b49   Thumb Code   170  stm32h7xx_hal_uart.o(i.UART_CheckIdleState)
    UART_SetConfig                           0x08006dc1   Thumb Code   876  stm32h7xx_hal_uart.o(i.UART_SetConfig)
    UART_Start_Receive_DMA                   0x0800716d   Thumb Code   156  stm32h7xx_hal_uart.o(i.UART_Start_Receive_DMA)
    UART_WaitOnFlagUntilTimeout              0x08007215   Thumb Code   148  stm32h7xx_hal_uart.o(i.UART_WaitOnFlagUntilTimeout)
    USART2_IRQHandler                        0x080072a9   Thumb Code     6  stm32h7xx_it.o(i.USART2_IRQHandler)
    UsageFault_Handler                       0x080072b5   Thumb Code     2  stm32h7xx_it.o(i.UsageFault_Handler)
    __ARM_fpclassifyf                        0x080072b7   Thumb Code    38  fpclassifyf.o(i.__ARM_fpclassifyf)
    __hardfp_cosf                            0x08007301   Thumb Code   276  cosf.o(i.__hardfp_cosf)
    __hardfp_sinf                            0x08007451   Thumb Code   344  sinf.o(i.__hardfp_sinf)
    __mathlib_flt_infnan                     0x080075e5   Thumb Code     6  funder.o(i.__mathlib_flt_infnan)
    __mathlib_flt_invalid                    0x080075ed   Thumb Code    10  funder.o(i.__mathlib_flt_invalid)
    __mathlib_flt_underflow                  0x080075fd   Thumb Code    10  funder.o(i.__mathlib_flt_underflow)
    __mathlib_rredf2                         0x0800760d   Thumb Code   316  rredf.o(i.__mathlib_rredf2)
    calculate_checksum                       0x08007761   Thumb Code    26  rs485.o(i.calculate_checksum)
    compute_G_smc                            0x0800777b   Thumb Code   352  smc.o(i.compute_G_smc)
    compute_f_smc                            0x080078db   Thumb Code   512  smc.o(i.compute_f_smc)
    create_frame                             0x08007adb   Thumb Code    40  rs485.o(i.create_frame)
    float_to_bytes                           0x08007b03   Thumb Code    22  rs485.o(i.float_to_bytes)
    init_lookup_table                        0x08007b19   Thumb Code    86  sin_cos.o(i.init_lookup_table)
    lookup_cos                               0x08007b81   Thumb Code    50  sin_cos.o(i.lookup_cos)
    lookup_sin                               0x08007bc1   Thumb Code    50  sin_cos.o(i.lookup_sin)
    main                                     0x08007c01   Thumb Code   606  main.o(i.main)
    process_HWT901                           0x08007eb9   Thumb Code   288  hwt901.o(i.process_HWT901)
    process_frame                            0x08007fe5   Thumb Code   284  hwt906.o(i.process_frame)
    rearrange_frame                          0x08008111   Thumb Code    64  hwt906.o(i.rearrange_frame)
    send_rs485                               0x08008151   Thumb Code    22  rs485.o(i.send_rs485)
    set_PID                                  0x0800816d   Thumb Code    48  pid.o(i.set_PID)
    _fp_init                                 0x080081a1   Thumb Code    10  fpinit.o(x$fpl$fpinit)
    __fplib_config_fpu_vfp                   0x080081a9   Thumb Code     0  fpinit.o(x$fpl$fpinit)
    __fplib_config_pureend_doubles           0x080081a9   Thumb Code     0  fpinit.o(x$fpl$fpinit)
    __I$use$fp                               0x080081aa   Number         0  usenofp.o(x$fpl$usenofp)
    UARTPrescTable                           0x08008210   Data          24  stm32h7xx_hal_uart.o(.constdata)
    pi                                       0x08008238   Data           4  control.o(.constdata)
    D1CorePrescTable                         0x0800823c   Data          16  system_stm32h7xx.o(.constdata)
    Region$$Table$$Base                      0x0800826c   Number         0  anon$$obj.o(Region$$Table)
    Region$$Table$$Limit                     0x0800828c   Number         0  anon$$obj.o(Region$$Table)
    angle_psi_1                              0x24000000   Data           4  main.o(.data)
    start                                    0x24000004   Data           4  main.o(.data)
    t_esp32                                  0x24000008   Data           1  main.o(.data)
    control                                  0x2400000c   Data           4  main.o(.data)
    tim10msTick                              0x24000010   Data           2  main.o(.data)
    esp32                                    0x24000012   Data           2  main.o(.data)
    uwTickFreq                               0x24000014   Data           1  stm32h7xx_hal.o(.data)
    uwTickPrio                               0x24000018   Data           4  stm32h7xx_hal.o(.data)
    uwTick                                   0x2400001c   Data           4  stm32h7xx_hal.o(.data)
    Can_RxData                               0x24000028   Data           8  communicationcanhehe.o(.data)
    GPIO                                     0x24000030   Data           3  tmer.o(.data)
    cmd_request                              0x24000033   Data           8  hwt901.o(.data)
    x_1                                      0x24000044   Data           4  hsmc.o(.data)
    count                                    0x24000050   Data           4  uart.o(.data)
    SystemCoreClock                          0x24000054   Data           4  system_stm32h7xx.o(.data)
    SystemD2Clock                            0x24000058   Data           4  system_stm32h7xx.o(.data)
    rxBuffer                                 0x24000060   Data          33  main.o(.bss)
    rxBuffer_HWT901                          0x24000081   Data          33  main.o(.bss)
    hfdcan2                                  0x240000a4   Data         160  main.o(.bss)
    htim1                                    0x24000144   Data          76  main.o(.bss)
    htim5                                    0x24000190   Data          76  main.o(.bss)
    huart7                                   0x240001dc   Data         148  main.o(.bss)
    huart8                                   0x24000270   Data         148  main.o(.bss)
    huart2                                   0x24000304   Data         148  main.o(.bss)
    huart6                                   0x24000398   Data         148  main.o(.bss)
    HWT906_data                              0x2400042c   Data          40  main.o(.bss)
    HWT901_data                              0x24000454   Data          40  main.o(.bss)
    can_sp                                   0x24000480   Data          24  main.o(.bss)
    can_get                                  0x24000498   Data          24  main.o(.bss)
    frame                                    0x240004b0   Data          19  main.o(.bss)
    parameter_TWBMR                          0x240004c4   Data          44  main.o(.bss)
    control_hsmc                             0x240004f0   Data         144  main.o(.bss)
    control_smc                              0x24000580   Data         144  main.o(.bss)
    hdma_uart7_rx                            0x24000610   Data         120  main.o(.bss)
    hdma_uart8_tx                            0x24000688   Data         120  main.o(.bss)
    hdma_uart8_rx                            0x24000700   Data         120  main.o(.bss)
    hdma_usart2_tx                           0x24000778   Data         120  main.o(.bss)
    hdma_usart6_tx                           0x240007f0   Data         120  main.o(.bss)
    hdma_usart6_rx                           0x24000868   Data         120  main.o(.bss)
    TxHeader                                 0x240008e0   Data          36  main.o(.bss)
    RxHeader                                 0x24000904   Data          40  main.o(.bss)
    RxData                                   0x2400092c   Data          33  main.o(.bss)
    f_funtion                                0x24000950   Data          12  main.o(.bss)
    g_funtion                                0x2400095c   Data          12  main.o(.bss)
    pid_x                                    0x24000968   Data          76  control.o(.bss)
    pid_theta                                0x240009b4   Data          76  control.o(.bss)
    pid_psi                                  0x24000a00   Data          76  control.o(.bss)
    RS485_frame                              0x24000a4c   Data          12  control.o(.bss)
    pd_theta                                 0x24000a58   Data         104  control.o(.bss)
    pd_psi                                   0x24000ac0   Data         104  control.o(.bss)
    __libspace_start                         0x24047028   Data          96  libspace.o(.bss)
    __temporary_stack_top$libspace           0x24047088   Data           0  libspace.o(.bss)



==============================================================================

Memory Map of the image

  Image Entry point : 0x08000299

  Load Region LR_IROM1 (Base: 0x08000000, Size: 0x000082e8, Max: 0x00020000, ABSOLUTE)

    Execution Region ER_IROM1 (Exec base: 0x08000000, Load base: 0x08000000, Size: 0x0000828c, Max: 0x00020000, ABSOLUTE)

    Exec Addr    Load Addr    Size         Type   Attr      Idx    E Section Name        Object

    0x08000000   0x08000000   0x00000298   Data   RO            3    RESET               startup_stm32h750xx.o
    0x08000298   0x08000298   0x00000008   Code   RO         5750  * !!!main             c_w.l(__main.o)
    0x080002a0   0x080002a0   0x00000034   Code   RO         6148    !!!scatter          c_w.l(__scatter.o)
    0x080002d4   0x080002d4   0x0000001a   Code   RO         6150    !!handler_copy      c_w.l(__scatter_copy.o)
    0x080002ee   0x080002ee   0x00000002   PAD
    0x080002f0   0x080002f0   0x0000001c   Code   RO         6152    !!handler_zi        c_w.l(__scatter_zi.o)
    0x0800030c   0x0800030c   0x00000002   Code   RO         5947    .ARM.Collect$$libinit$$00000000  c_w.l(libinit.o)
    0x0800030e   0x0800030e   0x00000004   Code   RO         5948    .ARM.Collect$$libinit$$00000001  c_w.l(libinit2.o)
    0x08000312   0x08000312   0x00000000   Code   RO         5951    .ARM.Collect$$libinit$$00000004  c_w.l(libinit2.o)
    0x08000312   0x08000312   0x00000000   Code   RO         5954    .ARM.Collect$$libinit$$0000000A  c_w.l(libinit2.o)
    0x08000312   0x08000312   0x00000000   Code   RO         5956    .ARM.Collect$$libinit$$0000000C  c_w.l(libinit2.o)
    0x08000312   0x08000312   0x00000000   Code   RO         5958    .ARM.Collect$$libinit$$0000000E  c_w.l(libinit2.o)
    0x08000312   0x08000312   0x00000000   Code   RO         5961    .ARM.Collect$$libinit$$00000011  c_w.l(libinit2.o)
    0x08000312   0x08000312   0x00000000   Code   RO         5963    .ARM.Collect$$libinit$$00000013  c_w.l(libinit2.o)
    0x08000312   0x08000312   0x00000000   Code   RO         5965    .ARM.Collect$$libinit$$00000015  c_w.l(libinit2.o)
    0x08000312   0x08000312   0x00000000   Code   RO         5967    .ARM.Collect$$libinit$$00000017  c_w.l(libinit2.o)
    0x08000312   0x08000312   0x00000000   Code   RO         5969    .ARM.Collect$$libinit$$00000019  c_w.l(libinit2.o)
    0x08000312   0x08000312   0x00000000   Code   RO         5971    .ARM.Collect$$libinit$$0000001B  c_w.l(libinit2.o)
    0x08000312   0x08000312   0x00000000   Code   RO         5973    .ARM.Collect$$libinit$$0000001D  c_w.l(libinit2.o)
    0x08000312   0x08000312   0x00000000   Code   RO         5975    .ARM.Collect$$libinit$$0000001F  c_w.l(libinit2.o)
    0x08000312   0x08000312   0x00000000   Code   RO         5977    .ARM.Collect$$libinit$$00000021  c_w.l(libinit2.o)
    0x08000312   0x08000312   0x00000000   Code   RO         5979    .ARM.Collect$$libinit$$00000023  c_w.l(libinit2.o)
    0x08000312   0x08000312   0x00000000   Code   RO         5981    .ARM.Collect$$libinit$$00000025  c_w.l(libinit2.o)
    0x08000312   0x08000312   0x00000000   Code   RO         5985    .ARM.Collect$$libinit$$0000002C  c_w.l(libinit2.o)
    0x08000312   0x08000312   0x00000000   Code   RO         5987    .ARM.Collect$$libinit$$0000002E  c_w.l(libinit2.o)
    0x08000312   0x08000312   0x00000000   Code   RO         5989    .ARM.Collect$$libinit$$00000030  c_w.l(libinit2.o)
    0x08000312   0x08000312   0x00000000   Code   RO         5991    .ARM.Collect$$libinit$$00000032  c_w.l(libinit2.o)
    0x08000312   0x08000312   0x00000002   Code   RO         5992    .ARM.Collect$$libinit$$00000033  c_w.l(libinit2.o)
    0x08000314   0x08000314   0x00000002   Code   RO         6129    .ARM.Collect$$libshutdown$$00000000  c_w.l(libshutdown.o)
    0x08000316   0x08000316   0x00000000   Code   RO         5994    .ARM.Collect$$libshutdown$$00000002  c_w.l(libshutdown2.o)
    0x08000316   0x08000316   0x00000000   Code   RO         5996    .ARM.Collect$$libshutdown$$00000004  c_w.l(libshutdown2.o)
    0x08000316   0x08000316   0x00000000   Code   RO         5999    .ARM.Collect$$libshutdown$$00000007  c_w.l(libshutdown2.o)
    0x08000316   0x08000316   0x00000000   Code   RO         6002    .ARM.Collect$$libshutdown$$0000000A  c_w.l(libshutdown2.o)
    0x08000316   0x08000316   0x00000000   Code   RO         6004    .ARM.Collect$$libshutdown$$0000000C  c_w.l(libshutdown2.o)
    0x08000316   0x08000316   0x00000000   Code   RO         6007    .ARM.Collect$$libshutdown$$0000000F  c_w.l(libshutdown2.o)
    0x08000316   0x08000316   0x00000002   Code   RO         6008    .ARM.Collect$$libshutdown$$00000010  c_w.l(libshutdown2.o)
    0x08000318   0x08000318   0x00000000   Code   RO         5776    .ARM.Collect$$rtentry$$00000000  c_w.l(__rtentry.o)
    0x08000318   0x08000318   0x00000000   Code   RO         5812    .ARM.Collect$$rtentry$$00000002  c_w.l(__rtentry2.o)
    0x08000318   0x08000318   0x00000006   Code   RO         5824    .ARM.Collect$$rtentry$$00000004  c_w.l(__rtentry4.o)
    0x0800031e   0x0800031e   0x00000000   Code   RO         5814    .ARM.Collect$$rtentry$$00000009  c_w.l(__rtentry2.o)
    0x0800031e   0x0800031e   0x00000004   Code   RO         5815    .ARM.Collect$$rtentry$$0000000A  c_w.l(__rtentry2.o)
    0x08000322   0x08000322   0x00000000   Code   RO         5817    .ARM.Collect$$rtentry$$0000000C  c_w.l(__rtentry2.o)
    0x08000322   0x08000322   0x00000008   Code   RO         5818    .ARM.Collect$$rtentry$$0000000D  c_w.l(__rtentry2.o)
    0x0800032a   0x0800032a   0x00000002   Code   RO         6014    .ARM.Collect$$rtexit$$00000000  c_w.l(rtexit.o)
    0x0800032c   0x0800032c   0x00000000   Code   RO         6072    .ARM.Collect$$rtexit$$00000002  c_w.l(rtexit2.o)
    0x0800032c   0x0800032c   0x00000004   Code   RO         6073    .ARM.Collect$$rtexit$$00000003  c_w.l(rtexit2.o)
    0x08000330   0x08000330   0x00000006   Code   RO         6074    .ARM.Collect$$rtexit$$00000004  c_w.l(rtexit2.o)
    0x08000336   0x08000336   0x00000002   PAD
    0x08000338   0x08000338   0x00000040   Code   RO            4    .text               startup_stm32h750xx.o
    0x08000378   0x08000378   0x000000ee   Code   RO         5734    .text               c_w.l(lludivv7m.o)
    0x08000466   0x08000466   0x0000008a   Code   RO         5740    .text               c_w.l(rt_memcpy_v6.o)
    0x080004f0   0x080004f0   0x00000064   Code   RO         5742    .text               c_w.l(rt_memcpy_w.o)
    0x08000554   0x08000554   0x0000004e   Code   RO         5746    .text               c_w.l(rt_memclr_w.o)
    0x080005a2   0x080005a2   0x00000006   Code   RO         5748    .text               c_w.l(heapauxi.o)
    0x080005a8   0x080005a8   0x00000016   Code   RO         5781    .text               c_w.l(_rserrno.o)
    0x080005be   0x080005be   0x00000002   PAD
    0x080005c0   0x080005c0   0x00000008   Code   RO         5831    .text               c_w.l(rt_errno_addr_intlibspace.o)
    0x080005c8   0x080005c8   0x00000008   Code   RO         5854    .text               c_w.l(libspace.o)
    0x080005d0   0x080005d0   0x0000004a   Code   RO         5859    .text               c_w.l(sys_stackheap_outer.o)
    0x0800061a   0x0800061a   0x00000012   Code   RO         5932    .text               c_w.l(exit.o)
    0x0800062c   0x0800062c   0x00000002   Code   RO         6011    .text               c_w.l(use_no_semi.o)
    0x0800062e   0x0800062e   0x00000000   Code   RO         6013    .text               c_w.l(indicate_semi.o)
    0x0800062e   0x0800062e   0x00000002   PAD
    0x08000630   0x08000630   0x0000000c   Code   RO         6069    .text               c_w.l(sys_exit.o)
    0x0800063c   0x0800063c   0x00000002   Code   RO          259    i.BusFault_Handler  stm32h7xx_it.o
    0x0800063e   0x0800063e   0x00000002   PAD
    0x08000640   0x08000640   0x0000013c   Code   RO         5522    i.CreateAndSendFrame  esp32.o
    0x0800077c   0x0800077c   0x0000000c   Code   RO          260    i.DMA1_Stream0_IRQHandler  stm32h7xx_it.o
    0x08000788   0x08000788   0x0000000c   Code   RO          261    i.DMA1_Stream1_IRQHandler  stm32h7xx_it.o
    0x08000794   0x08000794   0x0000000c   Code   RO          262    i.DMA1_Stream2_IRQHandler  stm32h7xx_it.o
    0x080007a0   0x080007a0   0x0000000c   Code   RO          263    i.DMA1_Stream3_IRQHandler  stm32h7xx_it.o
    0x080007ac   0x080007ac   0x0000000c   Code   RO          264    i.DMA2_Stream0_IRQHandler  stm32h7xx_it.o
    0x080007b8   0x080007b8   0x0000000c   Code   RO          265    i.DMA2_Stream1_IRQHandler  stm32h7xx_it.o
    0x080007c4   0x080007c4   0x000000b4   Code   RO         1907    i.DMA_CalcBaseAndBitshift  stm32h7xx_hal_dma.o
    0x08000878   0x08000878   0x0000009c   Code   RO         1908    i.DMA_CalcDMAMUXChannelBaseAndMask  stm32h7xx_hal_dma.o
    0x08000914   0x08000914   0x00000074   Code   RO         1909    i.DMA_CalcDMAMUXRequestGenBaseAndMask  stm32h7xx_hal_dma.o
    0x08000988   0x08000988   0x00000054   Code   RO         1910    i.DMA_CheckFifoParam  stm32h7xx_hal_dma.o
    0x080009dc   0x080009dc   0x00000220   Code   RO         1911    i.DMA_SetConfig     stm32h7xx_hal_dma.o
    0x08000bfc   0x08000bfc   0x00000002   Code   RO          266    i.DebugMon_Handler  stm32h7xx_it.o
    0x08000bfe   0x08000bfe   0x00000002   PAD
    0x08000c00   0x08000c00   0x00000248   Code   RO         5523    i.ESP_to_STM        esp32.o
    0x08000e48   0x08000e48   0x00000004   Code   RO           13    i.Error_Handler     main.o
    0x08000e4c   0x08000e4c   0x0000000c   Code   RO          267    i.FDCAN2_IT0_IRQHandler  stm32h7xx_it.o
    0x08000e58   0x08000e58   0x0000000c   Code   RO          268    i.FDCAN2_IT1_IRQHandler  stm32h7xx_it.o
    0x08000e64   0x08000e64   0x0000000c   Code   RO          269    i.FDCAN_CAL_IRQHandler  stm32h7xx_it.o
    0x08000e70   0x08000e70   0x000001c8   Code   RO          669    i.FDCAN_CalcultateRamBlockAddresses  stm32h7xx_hal_fdcan.o
    0x08001038   0x08001038   0x00000058   Code   RO         5069    i.FDCAN_Config      communicationcanhehe.o
    0x08001090   0x08001090   0x00000360   Code   RO         1912    i.HAL_DMA_Abort     stm32h7xx_hal_dma.o
    0x080013f0   0x080013f0   0x00000284   Code   RO         1913    i.HAL_DMA_Abort_IT  stm32h7xx_hal_dma.o
    0x08001674   0x08001674   0x000006e8   Code   RO         1917    i.HAL_DMA_IRQHandler  stm32h7xx_hal_dma.o
    0x08001d5c   0x08001d5c   0x000003c4   Code   RO         1918    i.HAL_DMA_Init      stm32h7xx_hal_dma.o
    0x08002120   0x08002120   0x0000029c   Code   RO         1922    i.HAL_DMA_Start_IT  stm32h7xx_hal_dma.o
    0x080023bc   0x080023bc   0x00000024   Code   RO         2621    i.HAL_Delay         stm32h7xx_hal.o
    0x080023e0   0x080023e0   0x00000088   Code   RO          672    i.HAL_FDCAN_ActivateNotification  stm32h7xx_hal_fdcan.o
    0x08002468   0x08002468   0x00000002   Code   RO          675    i.HAL_FDCAN_ClockCalibrationCallback  stm32h7xx_hal_fdcan.o
    0x0800246a   0x0800246a   0x0000007e   Code   RO          679    i.HAL_FDCAN_ConfigFilter  stm32h7xx_hal_fdcan.o
    0x080024e8   0x080024e8   0x00000002   Code   RO          701    i.HAL_FDCAN_ErrorCallback  stm32h7xx_hal_fdcan.o
    0x080024ea   0x080024ea   0x00000002   Code   RO          702    i.HAL_FDCAN_ErrorStatusCallback  stm32h7xx_hal_fdcan.o
    0x080024ec   0x080024ec   0x0000018c   Code   RO          713    i.HAL_FDCAN_GetRxMessage  stm32h7xx_hal_fdcan.o
    0x08002678   0x08002678   0x00000002   Code   RO          719    i.HAL_FDCAN_HighPriorityMessageCallback  stm32h7xx_hal_fdcan.o
    0x0800267a   0x0800267a   0x00000002   PAD
    0x0800267c   0x0800267c   0x00000320   Code   RO          720    i.HAL_FDCAN_IRQHandler  stm32h7xx_hal_fdcan.o
    0x0800299c   0x0800299c   0x00000244   Code   RO          721    i.HAL_FDCAN_Init    stm32h7xx_hal_fdcan.o
    0x08002be0   0x08002be0   0x000000b8   Code   RO          444    i.HAL_FDCAN_MspInit  stm32h7xx_hal_msp.o
    0x08002c98   0x08002c98   0x00000002   Code   RO          730    i.HAL_FDCAN_RxBufferNewMessageCallback  stm32h7xx_hal_fdcan.o
    0x08002c9a   0x08002c9a   0x00000002   PAD
    0x08002c9c   0x08002c9c   0x0000006c   Code   RO         5071    i.HAL_FDCAN_RxFifo0Callback  communicationcanhehe.o
    0x08002d08   0x08002d08   0x00000002   Code   RO          732    i.HAL_FDCAN_RxFifo1Callback  stm32h7xx_hal_fdcan.o
    0x08002d0a   0x08002d0a   0x00000032   Code   RO          733    i.HAL_FDCAN_Start   stm32h7xx_hal_fdcan.o
    0x08002d3c   0x08002d3c   0x00000002   Code   RO          755    i.HAL_FDCAN_TT_GlobalTimeCallback  stm32h7xx_hal_fdcan.o
    0x08002d3e   0x08002d3e   0x00000002   Code   RO          756    i.HAL_FDCAN_TT_ScheduleSyncCallback  stm32h7xx_hal_fdcan.o
    0x08002d40   0x08002d40   0x00000002   Code   RO          761    i.HAL_FDCAN_TT_StopWatchCallback  stm32h7xx_hal_fdcan.o
    0x08002d42   0x08002d42   0x00000002   Code   RO          762    i.HAL_FDCAN_TT_TimeMarkCallback  stm32h7xx_hal_fdcan.o
    0x08002d44   0x08002d44   0x00000002   Code   RO          763    i.HAL_FDCAN_TimeoutOccurredCallback  stm32h7xx_hal_fdcan.o
    0x08002d46   0x08002d46   0x00000002   Code   RO          764    i.HAL_FDCAN_TimestampWraparoundCallback  stm32h7xx_hal_fdcan.o
    0x08002d48   0x08002d48   0x00000002   Code   RO          765    i.HAL_FDCAN_TxBufferAbortCallback  stm32h7xx_hal_fdcan.o
    0x08002d4a   0x08002d4a   0x00000002   Code   RO          766    i.HAL_FDCAN_TxBufferCompleteCallback  stm32h7xx_hal_fdcan.o
    0x08002d4c   0x08002d4c   0x00000002   Code   RO          767    i.HAL_FDCAN_TxEventFifoCallback  stm32h7xx_hal_fdcan.o
    0x08002d4e   0x08002d4e   0x00000002   Code   RO          768    i.HAL_FDCAN_TxFifoEmptyCallback  stm32h7xx_hal_fdcan.o
    0x08002d50   0x08002d50   0x0000022c   Code   RO         1760    i.HAL_GPIO_Init     stm32h7xx_hal_gpio.o
    0x08002f7c   0x08002f7c   0x0000000a   Code   RO         1762    i.HAL_GPIO_ReadPin  stm32h7xx_hal_gpio.o
    0x08002f86   0x08002f86   0x00000010   Code   RO         1763    i.HAL_GPIO_TogglePin  stm32h7xx_hal_gpio.o
    0x08002f96   0x08002f96   0x0000000a   Code   RO         1764    i.HAL_GPIO_WritePin  stm32h7xx_hal_gpio.o
    0x08002fa0   0x08002fa0   0x0000000c   Code   RO         2632    i.HAL_GetREVID      stm32h7xx_hal.o
    0x08002fac   0x08002fac   0x0000000c   Code   RO         2633    i.HAL_GetTick       stm32h7xx_hal.o
    0x08002fb8   0x08002fb8   0x00000010   Code   RO         2639    i.HAL_IncTick       stm32h7xx_hal.o
    0x08002fc8   0x08002fc8   0x0000005c   Code   RO         2640    i.HAL_Init          stm32h7xx_hal.o
    0x08003024   0x08003024   0x00000040   Code   RO         2641    i.HAL_InitTick      stm32h7xx_hal.o
    0x08003064   0x08003064   0x0000005c   Code   RO          517    i.HAL_MPU_ConfigRegion  stm32h7xx_hal_cortex.o
    0x080030c0   0x080030c0   0x0000001c   Code   RO          518    i.HAL_MPU_Disable   stm32h7xx_hal_cortex.o
    0x080030dc   0x080030dc   0x00000024   Code   RO          520    i.HAL_MPU_Enable    stm32h7xx_hal_cortex.o
    0x08003100   0x08003100   0x0000002c   Code   RO          445    i.HAL_MspInit       stm32h7xx_hal_msp.o
    0x0800312c   0x0800312c   0x0000001a   Code   RO          524    i.HAL_NVIC_EnableIRQ  stm32h7xx_hal_cortex.o
    0x08003146   0x08003146   0x00000002   PAD
    0x08003148   0x08003148   0x00000040   Code   RO          530    i.HAL_NVIC_SetPriority  stm32h7xx_hal_cortex.o
    0x08003188   0x08003188   0x00000024   Code   RO          531    i.HAL_NVIC_SetPriorityGrouping  stm32h7xx_hal_cortex.o
    0x080031ac   0x080031ac   0x00000054   Code   RO         2361    i.HAL_PWREx_ConfigSupply  stm32h7xx_hal_pwr_ex.o
    0x08003200   0x08003200   0x00000024   Code   RO         1403    i.HAL_RCCEx_GetD3PCLK1Freq  stm32h7xx_hal_rcc_ex.o
    0x08003224   0x08003224   0x00000144   Code   RO         1405    i.HAL_RCCEx_GetPLL2ClockFreq  stm32h7xx_hal_rcc_ex.o
    0x08003368   0x08003368   0x00000144   Code   RO         1406    i.HAL_RCCEx_GetPLL3ClockFreq  stm32h7xx_hal_rcc_ex.o
    0x080034ac   0x080034ac   0x000009ac   Code   RO         1412    i.HAL_RCCEx_PeriphCLKConfig  stm32h7xx_hal_rcc_ex.o
    0x08003e58   0x08003e58   0x0000025c   Code   RO         1288    i.HAL_RCC_ClockConfig  stm32h7xx_hal_rcc.o
    0x080040b4   0x080040b4   0x00000044   Code   RO         1293    i.HAL_RCC_GetHCLKFreq  stm32h7xx_hal_rcc.o
    0x080040f8   0x080040f8   0x00000024   Code   RO         1295    i.HAL_RCC_GetPCLK1Freq  stm32h7xx_hal_rcc.o
    0x0800411c   0x0800411c   0x00000024   Code   RO         1296    i.HAL_RCC_GetPCLK2Freq  stm32h7xx_hal_rcc.o
    0x08004140   0x08004140   0x00000138   Code   RO         1297    i.HAL_RCC_GetSysClockFreq  stm32h7xx_hal_rcc.o
    0x08004278   0x08004278   0x00000582   Code   RO         1300    i.HAL_RCC_OscConfig  stm32h7xx_hal_rcc.o
    0x080047fa   0x080047fa   0x00000002   PAD
    0x080047fc   0x080047fc   0x0000008c   Code   RO         4950    i.HAL_RS485Ex_Init  stm32h7xx_hal_uart_ex.o
    0x08004888   0x08004888   0x00000026   Code   RO          535    i.HAL_SYSTICK_Config  stm32h7xx_hal_cortex.o
    0x080048ae   0x080048ae   0x00000002   Code   RO         4240    i.HAL_TIMEx_Break2Callback  stm32h7xx_hal_tim_ex.o
    0x080048b0   0x080048b0   0x00000002   Code   RO         4241    i.HAL_TIMEx_BreakCallback  stm32h7xx_hal_tim_ex.o
    0x080048b2   0x080048b2   0x00000002   Code   RO         4242    i.HAL_TIMEx_CommutCallback  stm32h7xx_hal_tim_ex.o
    0x080048b4   0x080048b4   0x000000a4   Code   RO         4262    i.HAL_TIMEx_MasterConfigSynchronization  stm32h7xx_hal_tim_ex.o
    0x08004958   0x08004958   0x00000062   Code   RO         3526    i.HAL_TIM_Base_Init  stm32h7xx_hal_tim.o
    0x080049ba   0x080049ba   0x00000002   PAD
    0x080049bc   0x080049bc   0x000000a8   Code   RO          447    i.HAL_TIM_Base_MspInit  stm32h7xx_hal_msp.o
    0x08004a64   0x08004a64   0x0000008c   Code   RO         3531    i.HAL_TIM_Base_Start_IT  stm32h7xx_hal_tim.o
    0x08004af0   0x08004af0   0x000000fc   Code   RO         3535    i.HAL_TIM_ConfigClockSource  stm32h7xx_hal_tim.o
    0x08004bec   0x08004bec   0x00000002   Code   RO         3560    i.HAL_TIM_IC_CaptureCallback  stm32h7xx_hal_tim.o
    0x08004bee   0x08004bee   0x00000122   Code   RO         3562    i.HAL_TIM_IC_ConfigChannel  stm32h7xx_hal_tim.o
    0x08004d10   0x08004d10   0x00000062   Code   RO         3565    i.HAL_TIM_IC_Init   stm32h7xx_hal_tim.o
    0x08004d72   0x08004d72   0x00000002   PAD
    0x08004d74   0x08004d74   0x00000074   Code   RO          449    i.HAL_TIM_IC_MspInit  stm32h7xx_hal_msp.o
    0x08004de8   0x08004de8   0x00000148   Code   RO         3574    i.HAL_TIM_IRQHandler  stm32h7xx_hal_tim.o
    0x08004f30   0x08004f30   0x00000002   Code   RO         3577    i.HAL_TIM_OC_DelayElapsedCallback  stm32h7xx_hal_tim.o
    0x08004f32   0x08004f32   0x00000002   Code   RO         3604    i.HAL_TIM_PWM_PulseFinishedCallback  stm32h7xx_hal_tim.o
    0x08004f34   0x08004f34   0x000000bc   Code   RO         5221    i.HAL_TIM_PeriodElapsedCallback  tmer.o
    0x08004ff0   0x08004ff0   0x00000002   Code   RO         3617    i.HAL_TIM_TriggerCallback  stm32h7xx_hal_tim.o
    0x08004ff2   0x08004ff2   0x00000040   Code   RO         4951    i.HAL_UARTEx_DisableFifoMode  stm32h7xx_hal_uart_ex.o
    0x08005032   0x08005032   0x0000004a   Code   RO         4957    i.HAL_UARTEx_ReceiveToIdle_DMA  stm32h7xx_hal_uart_ex.o
    0x0800507c   0x0800507c   0x00000090   Code   RO         5658    i.HAL_UARTEx_RxEventCallback  uart.o
    0x0800510c   0x0800510c   0x00000002   Code   RO         4959    i.HAL_UARTEx_RxFifoFullCallback  stm32h7xx_hal_uart_ex.o
    0x0800510e   0x0800510e   0x0000004c   Code   RO         4960    i.HAL_UARTEx_SetRxFifoThreshold  stm32h7xx_hal_uart_ex.o
    0x0800515a   0x0800515a   0x0000004c   Code   RO         4961    i.HAL_UARTEx_SetTxFifoThreshold  stm32h7xx_hal_uart_ex.o
    0x080051a6   0x080051a6   0x00000002   Code   RO         4963    i.HAL_UARTEx_TxFifoEmptyCallback  stm32h7xx_hal_uart_ex.o
    0x080051a8   0x080051a8   0x00000002   Code   RO         4964    i.HAL_UARTEx_WakeupCallback  stm32h7xx_hal_uart_ex.o
    0x080051aa   0x080051aa   0x00000002   Code   RO         4556    i.HAL_UART_ErrorCallback  stm32h7xx_hal_uart.o
    0x080051ac   0x080051ac   0x0000039c   Code   RO         4559    i.HAL_UART_IRQHandler  stm32h7xx_hal_uart.o
    0x08005548   0x08005548   0x0000006a   Code   RO         4560    i.HAL_UART_Init     stm32h7xx_hal_uart.o
    0x080055b2   0x080055b2   0x00000002   PAD
    0x080055b4   0x080055b4   0x00000358   Code   RO          451    i.HAL_UART_MspInit  stm32h7xx_hal_msp.o
    0x0800590c   0x0800590c   0x00000048   Code   RO         4564    i.HAL_UART_Receive_DMA  stm32h7xx_hal_uart.o
    0x08005954   0x08005954   0x00000074   Code   RO         5659    i.HAL_UART_RxCpltCallback  uart.o
    0x080059c8   0x080059c8   0x00000002   Code   RO         4568    i.HAL_UART_RxHalfCpltCallback  stm32h7xx_hal_uart.o
    0x080059ca   0x080059ca   0x000000b0   Code   RO         4569    i.HAL_UART_Transmit  stm32h7xx_hal_uart.o
    0x08005a7a   0x08005a7a   0x00000002   PAD
    0x08005a7c   0x08005a7c   0x00000090   Code   RO         4570    i.HAL_UART_Transmit_DMA  stm32h7xx_hal_uart.o
    0x08005b0c   0x08005b0c   0x000000b4   Code   RO         5660    i.HAL_UART_TxCpltCallback  uart.o
    0x08005bc0   0x08005bc0   0x00000002   Code   RO         4573    i.HAL_UART_TxHalfCpltCallback  stm32h7xx_hal_uart.o
    0x08005bc2   0x08005bc2   0x00000002   Code   RO         5559    i.HSMC_init         hsmc.o
    0x08005bc4   0x08005bc4   0x00000038   Code   RO         5474    i.HWT901_request    hwt901.o
    0x08005bfc   0x08005bfc   0x00000002   Code   RO          270    i.HardFault_Handler  stm32h7xx_it.o
    0x08005bfe   0x08005bfe   0x00000002   PAD
    0x08005c00   0x08005c00   0x0000008c   Code   RO           14    i.MX_DMA_Init       main.o
    0x08005c8c   0x08005c8c   0x00000064   Code   RO           15    i.MX_FDCAN2_Init    main.o
    0x08005cf0   0x08005cf0   0x000000d8   Code   RO           16    i.MX_GPIO_Init      main.o
    0x08005dc8   0x08005dc8   0x00000098   Code   RO           17    i.MX_TIM1_Init      main.o
    0x08005e60   0x08005e60   0x0000006c   Code   RO           18    i.MX_TIM5_Init      main.o
    0x08005ecc   0x08005ecc   0x00000064   Code   RO           19    i.MX_UART7_Init     main.o
    0x08005f30   0x08005f30   0x00000064   Code   RO           20    i.MX_UART8_Init     main.o
    0x08005f94   0x08005f94   0x00000068   Code   RO           21    i.MX_USART2_UART_Init  main.o
    0x08005ffc   0x08005ffc   0x00000064   Code   RO           22    i.MX_USART6_UART_Init  main.o
    0x08006060   0x08006060   0x00000002   Code   RO          271    i.MemManage_Handler  stm32h7xx_it.o
    0x08006062   0x08006062   0x00000032   Code   RO         5475    i.Modbus_CRC16      hwt901.o
    0x08006094   0x08006094   0x00000002   Code   RO          272    i.NMI_Handler       stm32h7xx_it.o
    0x08006096   0x08006096   0x00000022   Code   RO         5167    i.PID_init          pid.o
    0x080060b8   0x080060b8   0x00000002   Code   RO          273    i.PendSV_Handler    stm32h7xx_it.o
    0x080060ba   0x080060ba   0x00000002   PAD
    0x080060bc   0x080060bc   0x00000120   Code   RO         1415    i.RCCEx_PLL2_Config  stm32h7xx_hal_rcc_ex.o
    0x080061dc   0x080061dc   0x00000120   Code   RO         1416    i.RCCEx_PLL3_Config  stm32h7xx_hal_rcc_ex.o
    0x080062fc   0x080062fc   0x00000002   Code   RO          274    i.RCC_IRQHandler    stm32h7xx_it.o
    0x080062fe   0x080062fe   0x00000002   PAD
    0x08006300   0x08006300   0x000002f0   Code   RO         5616    i.SMC_control       smc.o
    0x080065f0   0x080065f0   0x00000002   Code   RO          275    i.SVC_Handler       stm32h7xx_it.o
    0x080065f2   0x080065f2   0x00000004   Code   RO          276    i.SysTick_Handler   stm32h7xx_it.o
    0x080065f6   0x080065f6   0x00000002   PAD
    0x080065f8   0x080065f8   0x000000b0   Code   RO           23    i.SystemClock_Config  main.o
    0x080066a8   0x080066a8   0x000000dc   Code   RO         5699    i.SystemInit        system_stm32h7xx.o
    0x08006784   0x08006784   0x0000000c   Code   RO          277    i.TIM1_BRK_IRQHandler  stm32h7xx_it.o
    0x08006790   0x08006790   0x0000000c   Code   RO          278    i.TIM1_CC_IRQHandler  stm32h7xx_it.o
    0x0800679c   0x0800679c   0x0000000c   Code   RO          279    i.TIM1_TRG_COM_IRQHandler  stm32h7xx_it.o
    0x080067a8   0x080067a8   0x0000000c   Code   RO          280    i.TIM1_UP_IRQHandler  stm32h7xx_it.o
    0x080067b4   0x080067b4   0x0000000c   Code   RO          281    i.TIM5_IRQHandler   stm32h7xx_it.o
    0x080067c0   0x080067c0   0x000000cc   Code   RO         3619    i.TIM_Base_SetConfig  stm32h7xx_hal_tim.o
    0x0800688c   0x0800688c   0x00000012   Code   RO         3630    i.TIM_ETR_SetConfig  stm32h7xx_hal_tim.o
    0x0800689e   0x0800689e   0x00000002   PAD
    0x080068a0   0x080068a0   0x00000014   Code   RO         3631    i.TIM_ITRx_SetConfig  stm32h7xx_hal_tim.o
    0x080068b4   0x080068b4   0x00000022   Code   RO         3639    i.TIM_TI1_ConfigInputStage  stm32h7xx_hal_tim.o
    0x080068d6   0x080068d6   0x00000002   PAD
    0x080068d8   0x080068d8   0x00000080   Code   RO         3640    i.TIM_TI1_SetConfig  stm32h7xx_hal_tim.o
    0x08006958   0x08006958   0x00000024   Code   RO         3641    i.TIM_TI2_ConfigInputStage  stm32h7xx_hal_tim.o
    0x0800697c   0x0800697c   0x00000036   Code   RO         3642    i.TIM_TI2_SetConfig  stm32h7xx_hal_tim.o
    0x080069b2   0x080069b2   0x00000002   PAD
    0x080069b4   0x080069b4   0x00000070   Code   RO         5560    i.TwoWBMR_Init      hsmc.o
    0x08006a24   0x08006a24   0x0000000c   Code   RO          282    i.UART7_IRQHandler  stm32h7xx_it.o
    0x08006a30   0x08006a30   0x0000000c   Code   RO          283    i.UART8_IRQHandler  stm32h7xx_it.o
    0x08006a3c   0x08006a3c   0x00000044   Code   RO         4965    i.UARTEx_SetNbDataToProcess  stm32h7xx_hal_uart_ex.o
    0x08006a80   0x08006a80   0x000000c8   Code   RO         4574    i.UART_AdvFeatureConfig  stm32h7xx_hal_uart.o
    0x08006b48   0x08006b48   0x000000aa   Code   RO         4575    i.UART_CheckIdleState  stm32h7xx_hal_uart.o
    0x08006bf2   0x08006bf2   0x00000010   Code   RO         4576    i.UART_DMAAbortOnError  stm32h7xx_hal_uart.o
    0x08006c02   0x08006c02   0x0000004e   Code   RO         4577    i.UART_DMAError     stm32h7xx_hal_uart.o
    0x08006c50   0x08006c50   0x00000082   Code   RO         4578    i.UART_DMAReceiveCplt  stm32h7xx_hal_uart.o
    0x08006cd2   0x08006cd2   0x00000020   Code   RO         4580    i.UART_DMARxHalfCplt  stm32h7xx_hal_uart.o
    0x08006cf2   0x08006cf2   0x00000040   Code   RO         4582    i.UART_DMATransmitCplt  stm32h7xx_hal_uart.o
    0x08006d32   0x08006d32   0x0000000a   Code   RO         4584    i.UART_DMATxHalfCplt  stm32h7xx_hal_uart.o
    0x08006d3c   0x08006d3c   0x00000054   Code   RO         4586    i.UART_EndRxTransfer  stm32h7xx_hal_uart.o
    0x08006d90   0x08006d90   0x0000002e   Code   RO         4587    i.UART_EndTxTransfer  stm32h7xx_hal_uart.o
    0x08006dbe   0x08006dbe   0x00000002   PAD
    0x08006dc0   0x08006dc0   0x000003ac   Code   RO         4592    i.UART_SetConfig    stm32h7xx_hal_uart.o
    0x0800716c   0x0800716c   0x000000a8   Code   RO         4593    i.UART_Start_Receive_DMA  stm32h7xx_hal_uart.o
    0x08007214   0x08007214   0x00000094   Code   RO         4599    i.UART_WaitOnFlagUntilTimeout  stm32h7xx_hal_uart.o
    0x080072a8   0x080072a8   0x0000000c   Code   RO          284    i.USART2_IRQHandler  stm32h7xx_it.o
    0x080072b4   0x080072b4   0x00000002   Code   RO          285    i.UsageFault_Handler  stm32h7xx_it.o
    0x080072b6   0x080072b6   0x00000026   Code   RO         5792    i.__ARM_fpclassifyf  m_wv.l(fpclassifyf.o)
    0x080072dc   0x080072dc   0x00000022   Code   RO          537    i.__NVIC_SetPriority  stm32h7xx_hal_cortex.o
    0x080072fe   0x080072fe   0x00000002   PAD
    0x08007300   0x08007300   0x00000150   Code   RO         5752    i.__hardfp_cosf     m_wv.l(cosf.o)
    0x08007450   0x08007450   0x00000194   Code   RO         5764    i.__hardfp_sinf     m_wv.l(sinf.o)
    0x080075e4   0x080075e4   0x00000006   Code   RO         5795    i.__mathlib_flt_infnan  m_wv.l(funder.o)
    0x080075ea   0x080075ea   0x00000002   PAD
    0x080075ec   0x080075ec   0x00000010   Code   RO         5797    i.__mathlib_flt_invalid  m_wv.l(funder.o)
    0x080075fc   0x080075fc   0x00000010   Code   RO         5800    i.__mathlib_flt_underflow  m_wv.l(funder.o)
    0x0800760c   0x0800760c   0x00000154   Code   RO         5808    i.__mathlib_rredf2  m_wv.l(rredf.o)
    0x08007760   0x08007760   0x0000001a   Code   RO         5428    i.calculate_checksum  rs485.o
    0x0800777a   0x0800777a   0x00000160   Code   RO         5617    i.compute_G_smc     smc.o
    0x080078da   0x080078da   0x00000200   Code   RO         5618    i.compute_f_smc     smc.o
    0x08007ada   0x08007ada   0x00000028   Code   RO         5429    i.create_frame      rs485.o
    0x08007b02   0x08007b02   0x00000016   Code   RO         5430    i.float_to_bytes    rs485.o
    0x08007b18   0x08007b18   0x00000068   Code   RO         5382    i.init_lookup_table  sin_cos.o
    0x08007b80   0x08007b80   0x00000040   Code   RO         5383    i.lookup_cos        sin_cos.o
    0x08007bc0   0x08007bc0   0x00000040   Code   RO         5384    i.lookup_sin        sin_cos.o
    0x08007c00   0x08007c00   0x000002b8   Code   RO           25    i.main              main.o
    0x08007eb8   0x08007eb8   0x0000012c   Code   RO         5477    i.process_HWT901    hwt901.o
    0x08007fe4   0x08007fe4   0x0000012c   Code   RO         5296    i.process_frame     hwt906.o
    0x08008110   0x08008110   0x00000040   Code   RO         5298    i.rearrange_frame   hwt906.o
    0x08008150   0x08008150   0x0000001c   Code   RO         5431    i.send_rs485        rs485.o
    0x0800816c   0x0800816c   0x00000034   Code   RO         5170    i.set_PID           pid.o
    0x080081a0   0x080081a0   0x0000000a   Code   RO         6067    x$fpl$fpinit        fz_wv.l(fpinit.o)
    0x080081aa   0x080081aa   0x00000000   Code   RO         5791    x$fpl$usenofp       fz_wv.l(usenofp.o)
    0x080081aa   0x080081aa   0x00000002   PAD
    0x080081ac   0x080081ac   0x0000005c   Data   RO          769    .constdata          stm32h7xx_hal_fdcan.o
    0x08008208   0x08008208   0x00000008   Data   RO         1924    .constdata          stm32h7xx_hal_dma.o
    0x08008210   0x08008210   0x00000018   Data   RO         4600    .constdata          stm32h7xx_hal_uart.o
    0x08008228   0x08008228   0x00000010   Data   RO         4966    .constdata          stm32h7xx_hal_uart_ex.o
    0x08008238   0x08008238   0x00000004   Data   RO         5260    .constdata          control.o
    0x0800823c   0x0800823c   0x00000010   Data   RO         5700    .constdata          system_stm32h7xx.o
    0x0800824c   0x0800824c   0x00000020   Data   RO         5809    .constdata          m_wv.l(rredf.o)
    0x0800826c   0x0800826c   0x00000020   Data   RO         6146    Region$$Table       anon$$obj.o


    Execution Region RW_IRAM1 (Exec base: 0x20000000, Load base: 0x0800828c, Size: 0x00000000, Max: 0x00020000, ABSOLUTE)

    **** No section assigned to this execution region ****


    Execution Region RW_IRAM2 (Exec base: 0x24000000, Load base: 0x0800828c, Size: 0x00047688, Max: 0x00080000, ABSOLUTE)

    Exec Addr    Load Addr    Size         Type   Attr      Idx    E Section Name        Object

    0x24000000   0x0800828c   0x00000004   Data   RW           55    .data               main.o
    0x24000004   0x08008290   0x00000004   Data   RW           56    .data               main.o
    0x24000008   0x08008294   0x00000008   Data   RW           57    .data               main.o
    0x24000010   0x0800829c   0x00000002   Data   RW           58    .data               main.o
    0x24000012   0x0800829e   0x00000002   Data   RW           61    .data               main.o
    0x24000014   0x080082a0   0x0000000c   Data   RW         2662    .data               stm32h7xx_hal.o
    0x24000020   0x080082ac   0x00000010   Data   RW         5075    .data               communicationcanhehe.o
    0x24000030   0x080082bc   0x00000003   Data   RW         5222    .data               tmer.o
    0x24000033   0x080082bf   0x00000008   Data   RW         5478    .data               hwt901.o
    0x2400003b   0x080082c7   0x00000001   PAD
    0x2400003c   0x080082c8   0x0000000c   Data   RW         5565    .data               hsmc.o
    0x24000048   0x080082d4   0x00000008   Data   RW         5619    .data               smc.o
    0x24000050   0x080082dc   0x00000004   Data   RW         5661    .data               uart.o
    0x24000054   0x080082e0   0x00000008   Data   RW         5701    .data               system_stm32h7xx.o
    0x2400005c   0x080082e8   0x00000004   PAD
    0x24000060        -       0x000005b0   Zero   RW           26    .bss                main.o
    0x24000610        -       0x00000078   Zero   RW           27    .bss                main.o
    0x24000688        -       0x00000078   Zero   RW           28    .bss                main.o
    0x24000700        -       0x00000078   Zero   RW           29    .bss                main.o
    0x24000778        -       0x00000078   Zero   RW           30    .bss                main.o
    0x240007f0        -       0x00000078   Zero   RW           31    .bss                main.o
    0x24000868        -       0x00000078   Zero   RW           32    .bss                main.o
    0x240008e0        -       0x00000024   Zero   RW           33    .bss                main.o
    0x24000904        -       0x00000028   Zero   RW           36    .bss                main.o
    0x2400092c        -       0x00000021   Zero   RW           41    .bss                main.o
    0x2400094d   0x080082e8   0x00000003   PAD
    0x24000950        -       0x0000000c   Zero   RW           43    .bss                main.o
    0x2400095c        -       0x0000000c   Zero   RW           44    .bss                main.o
    0x24000968        -       0x000000f0   Zero   RW         5251    .bss                control.o
    0x24000a58        -       0x00000068   Zero   RW         5253    .bss                control.o
    0x24000ac0        -       0x00000068   Zero   RW         5254    .bss                control.o
    0x24000b28        -       0x00046500   Zero   RW         5385    .bss                sin_cos.o
    0x24047028        -       0x00000060   Zero   RW         5855    .bss                c_w.l(libspace.o)
    0x24047088        -       0x00000200   Zero   RW            2    HEAP                startup_stm32h750xx.o
    0x24047288        -       0x00000400   Zero   RW            1    STACK               startup_stm32h750xx.o


==============================================================================

Image component sizes


      Code (inc. data)   RO Data    RW Data    ZI Data      Debug   Object Name

       196         28          0         16          0       3466   communicationcanhehe.o
         0          0          4          0        448       1597   control.o
       900         72          0          0          0       2796   esp32.o
       114         38          0         12          0       3694   hsmc.o
       406         24          0          8          0       3011   hwt901.o
       364         16          0          0          0       2725   hwt906.o
      1996        182          0         20       2309    1354754   main.o
        86          4          0          0          0       2042   pid.o
       116          6          0          0          0       3359   rs485.o
       232         46          0          0     288000       5238   sin_cos.o
      1616         52          0          8          0       4960   smc.o
        64         26        664          0       1536        884   startup_stm32h750xx.o
       232         44          0         12          0      23872   stm32h7xx_hal.o
       354         28          0          0          0      42305   stm32h7xx_hal_cortex.o
      5988        246          8          0          0      12410   stm32h7xx_hal_dma.o
      2576         44         92          0          0      20861   stm32h7xx_hal_fdcan.o
       592         50          0          0          0       3840   stm32h7xx_hal_gpio.o
      1368        112          0          0          0       5422   stm32h7xx_hal_msp.o
        84          6          0          0          0        833   stm32h7xx_hal_pwr_ex.o
      2466        102          0          0          0       7480   stm32h7xx_hal_rcc.o
      3736        118          0          0          0       8193   stm32h7xx_hal_rcc_ex.o
      1708        112          0          0          0      14742   stm32h7xx_hal_tim.o
       170         30          0          0          0       3456   stm32h7xx_hal_tim_ex.o
      3514        168         24          0          0      38773   stm32h7xx_hal_uart.o
       504         10         16          0          0       7840   stm32h7xx_hal_uart_ex.o
       226        102          0          0          0      13824   stm32h7xx_it.o
       220         40         16          8          0       1626   system_stm32h7xx.o
       188         64          0          3          0       1732   tmer.o
       440        108          0          4          0       3128   uart.o

    ----------------------------------------------------------------------
     30494       1878        856         92     292300    1598863   Object Totals
         0          0         32          0          0          0   (incl. Generated)
        38          0          0          1          7          0   (incl. Padding)

    ----------------------------------------------------------------------

      Code (inc. data)   RO Data    RW Data    ZI Data      Debug   Library Member Name

         8          0          0          0          0         68   __main.o
         0          0          0          0          0          0   __rtentry.o
        12          0          0          0          0          0   __rtentry2.o
         6          0          0          0          0          0   __rtentry4.o
        52          8          0          0          0          0   __scatter.o
        26          0          0          0          0          0   __scatter_copy.o
        28          0          0          0          0          0   __scatter_zi.o
        22          0          0          0          0        100   _rserrno.o
        18          0          0          0          0         80   exit.o
         6          0          0          0          0        152   heapauxi.o
         0          0          0          0          0          0   indicate_semi.o
         2          0          0          0          0          0   libinit.o
         6          0          0          0          0          0   libinit2.o
         2          0          0          0          0          0   libshutdown.o
         2          0          0          0          0          0   libshutdown2.o
         8          4          0          0         96         68   libspace.o
       238          0          0          0          0        100   lludivv7m.o
         8          4          0          0          0         68   rt_errno_addr_intlibspace.o
        78          0          0          0          0         80   rt_memclr_w.o
       138          0          0          0          0         68   rt_memcpy_v6.o
       100          0          0          0          0         80   rt_memcpy_w.o
         2          0          0          0          0          0   rtexit.o
        10          0          0          0          0          0   rtexit2.o
        12          4          0          0          0         68   sys_exit.o
        74          0          0          0          0         80   sys_stackheap_outer.o
         2          0          0          0          0         68   use_no_semi.o
        10          0          0          0          0        116   fpinit.o
         0          0          0          0          0          0   usenofp.o
       336         60          0          0          0        136   cosf.o
        38          0          0          0          0        116   fpclassifyf.o
        38         12          0          0          0        348   funder.o
       340         24         32          0          0        160   rredf.o
       404         60          0          0          0        212   sinf.o

    ----------------------------------------------------------------------
      2038        176         32          0         96       2168   Library Totals
        12          0          0          0          0          0   (incl. Padding)

    ----------------------------------------------------------------------

      Code (inc. data)   RO Data    RW Data    ZI Data      Debug   Library Name

       860         20          0          0         96       1080   c_w.l
        10          0          0          0          0        116   fz_wv.l
      1156        156         32          0          0        972   m_wv.l

    ----------------------------------------------------------------------
      2038        176         32          0         96       2168   Library Totals

    ----------------------------------------------------------------------

==============================================================================


      Code (inc. data)   RO Data    RW Data    ZI Data      Debug   

     32532       2054        888         92     292396    1582563   Grand Totals
     32532       2054        888         92     292396    1582563   ELF Image Totals
     32532       2054        888         92          0          0   ROM Totals

==============================================================================

    Total RO  Size (Code + RO Data)                33420 (  32.64kB)
    Total RW  Size (RW Data + ZI Data)            292488 ( 285.63kB)
    Total ROM Size (Code + RO Data + RW Data)      33512 (  32.73kB)

==============================================================================

